symbol s0 kind=package fq=golden.sema vis=public flags=_
symbol s1 kind=package fq=kotlin vis=public flags=synthetic
symbol s2 kind=package fq=kotlin.properties vis=public flags=synthetic
symbol s3 kind=interface fq=kotlin.properties.Lazy vis=public flags=synthetic
symbol s4 kind=interface fq=kotlin.properties.ReadWriteProperty vis=public flags=synthetic
symbol s5 kind=interface fq=kotlin.properties.ReadOnlyProperty vis=public flags=synthetic
symbol s6 kind=function fq=kotlin.lazy vis=public flags=synthetic sig=recv=_ params=[() -> Any] ret=Class#3 suspend=0 defaults=[] vararg=[]
symbol s7 kind=function fq=kotlin.lazy.mode vis=public flags=synthetic sig=recv=_ params=[Any,() -> Any] ret=Class#3 suspend=0 defaults=[] vararg=[]
symbol s8 kind=object fq=kotlin.properties.Delegates vis=public flags=synthetic type=Class#8
symbol s9 kind=function fq=kotlin.properties.Delegates.observable vis=public flags=synthetic sig=recv=Class#8 params=[Any] ret=Class#4 suspend=0 defaults=[] vararg=[]
symbol s10 kind=function fq=kotlin.properties.Delegates.vetoable vis=public flags=synthetic sig=recv=Class#8 params=[Any] ret=Class#4 suspend=0 defaults=[] vararg=[]
symbol s11 kind=function fq=golden.sema.bitwiseAnd vis=public flags=_ sig=recv=_ params=[Int,Int] ret=Int suspend=0 defaults=[0,0] vararg=[0,0]
symbol s12 kind=valueParameter fq=golden.sema.bitwiseAnd.$11.a vis=private flags=_
symbol s13 kind=valueParameter fq=golden.sema.bitwiseAnd.$11.b vis=private flags=_
symbol s14 kind=function fq=golden.sema.bitwiseOr vis=public flags=_ sig=recv=_ params=[Int,Int] ret=Int suspend=0 defaults=[0,0] vararg=[0,0]
symbol s15 kind=valueParameter fq=golden.sema.bitwiseOr.$14.a vis=private flags=_
symbol s16 kind=valueParameter fq=golden.sema.bitwiseOr.$14.b vis=private flags=_
symbol s17 kind=function fq=golden.sema.bitwiseXor vis=public flags=_ sig=recv=_ params=[Int,Int] ret=Int suspend=0 defaults=[0,0] vararg=[0,0]
symbol s18 kind=valueParameter fq=golden.sema.bitwiseXor.$17.a vis=private flags=_
symbol s19 kind=valueParameter fq=golden.sema.bitwiseXor.$17.b vis=private flags=_
symbol s20 kind=function fq=golden.sema.bitwiseInv vis=public flags=_ sig=recv=_ params=[Int] ret=Int suspend=0 defaults=[0] vararg=[0]
symbol s21 kind=valueParameter fq=golden.sema.bitwiseInv.$20.a vis=private flags=_
symbol s22 kind=function fq=golden.sema.shiftLeft vis=public flags=_ sig=recv=_ params=[Int,Int] ret=Int suspend=0 defaults=[0,0] vararg=[0,0]
symbol s23 kind=valueParameter fq=golden.sema.shiftLeft.$22.a vis=private flags=_
symbol s24 kind=valueParameter fq=golden.sema.shiftLeft.$22.n vis=private flags=_
symbol s25 kind=function fq=golden.sema.shiftRight vis=public flags=_ sig=recv=_ params=[Int,Int] ret=Int suspend=0 defaults=[0,0] vararg=[0,0]
symbol s26 kind=valueParameter fq=golden.sema.shiftRight.$25.a vis=private flags=_
symbol s27 kind=valueParameter fq=golden.sema.shiftRight.$25.n vis=private flags=_
symbol s28 kind=function fq=golden.sema.unsignedShiftRight vis=public flags=_ sig=recv=_ params=[Int,Int] ret=Int suspend=0 defaults=[0,0] vararg=[0,0]
symbol s29 kind=valueParameter fq=golden.sema.unsignedShiftRight.$28.a vis=private flags=_
symbol s30 kind=valueParameter fq=golden.sema.unsignedShiftRight.$28.n vis=private flags=_
file f0 package=golden.sema
  decl d0 fun bitwiseAnd suspend=0 inline=0 sym=s11
  decl d1 fun bitwiseOr suspend=0 inline=0 sym=s14
  decl d2 fun bitwiseXor suspend=0 inline=0 sym=s17
  decl d3 fun bitwiseInv suspend=0 inline=0 sym=s20
  decl d4 fun shiftLeft suspend=0 inline=0 sym=s22
  decl d5 fun shiftRight suspend=0 inline=0 sym=s25
  decl d6 fun unsignedShiftRight suspend=0 inline=0 sym=s28
expr e0 name(a) type=Int ref=s12
expr e1 name(b) type=Int ref=s13
expr e2 memberCall recv=e0 callee=and args=[_:e1] type=Int
expr e3 name(a) type=Int ref=s15
expr e4 name(b) type=Int ref=s16
expr e5 memberCall recv=e3 callee=or args=[_:e4] type=Int
expr e6 name(a) type=Int ref=s18
expr e7 name(b) type=Int ref=s19
expr e8 memberCall recv=e6 callee=xor args=[_:e7] type=Int
expr e9 name(a) type=Int ref=s21
expr e10 memberCall recv=e9 callee=inv args=[] type=Int
expr e11 name(a) type=Int ref=s23
expr e12 name(n) type=Int ref=s24
expr e13 memberCall recv=e11 callee=shl args=[_:e12] type=Int
expr e14 name(a) type=Int ref=s26
expr e15 name(n) type=Int ref=s27
expr e16 memberCall recv=e14 callee=shr args=[_:e15] type=Int
expr e17 name(a) type=Int ref=s29
expr e18 name(n) type=Int ref=s30
expr e19 memberCall recv=e17 callee=ushr args=[_:e18] type=Int
