symbol fq=charDirectionality kind=function vis=public flags=_ sig=recv=_ params=[Char] ret=kotlin.text.CharDirectionality
symbol fq=charDirectionality.$0.c kind=valueParameter vis=private flags=_
file fchar_directionality package=_
  decl charDirectionality fun charDirectionality sym=charDirectionality
expr e@1:67 name(c) type=Char ref=charDirectionality.$0.c
expr e@1:67#1 memberCall recv=e@1:67 callee=directionality args=[] type=kotlin.text.CharDirectionality call=kotlin.text.directionality
