symbol s0 kind=package fq=_root_ vis=public flags=_
symbol s1 kind=package fq=kotlin vis=public flags=synthetic
symbol s2 kind=package fq=kotlin.properties vis=public flags=synthetic
symbol s3 kind=interface fq=kotlin.properties.Lazy vis=public flags=synthetic
symbol s4 kind=interface fq=kotlin.properties.ReadWriteProperty vis=public flags=synthetic
symbol s5 kind=interface fq=kotlin.properties.ReadOnlyProperty vis=public flags=synthetic
symbol s6 kind=function fq=kotlin.lazy vis=public flags=synthetic sig=recv=_ params=[() -> Any] ret=Class#3 suspend=0 defaults=[] vararg=[]
symbol s7 kind=function fq=kotlin.lazy.mode vis=public flags=synthetic sig=recv=_ params=[Any,() -> Any] ret=Class#3 suspend=0 defaults=[] vararg=[]
symbol s8 kind=object fq=kotlin.properties.Delegates vis=public flags=synthetic type=Class#8
symbol s9 kind=function fq=kotlin.properties.Delegates.observable vis=public flags=synthetic sig=recv=Class#8 params=[Any] ret=Class#4 suspend=0 defaults=[] vararg=[]
symbol s10 kind=function fq=kotlin.properties.Delegates.vetoable vis=public flags=synthetic sig=recv=Class#8 params=[Any] ret=Class#4 suspend=0 defaults=[] vararg=[]
symbol s11 kind=function fq=charPlusInt vis=public flags=_ sig=recv=_ params=[] ret=Unit suspend=0 defaults=[] vararg=[]
symbol s12 kind=function fq=charMinusInt vis=public flags=_ sig=recv=_ params=[] ret=Unit suspend=0 defaults=[] vararg=[]
symbol s13 kind=function fq=charMinusChar vis=public flags=_ sig=recv=_ params=[] ret=Unit suspend=0 defaults=[] vararg=[]
symbol s14 kind=function fq=charComparison vis=public flags=_ sig=recv=_ params=[] ret=Unit suspend=0 defaults=[] vararg=[]
symbol s15 kind=local fq=__local_1.c vis=private flags=_
symbol s16 kind=local fq=__local_5.next vis=private flags=_
symbol s17 kind=local fq=__local_10.c vis=private flags=_
symbol s18 kind=local fq=__local_14.prev vis=private flags=_
symbol s19 kind=local fq=__local_21.diff vis=private flags=_
symbol s20 kind=local fq=__local_28.lt vis=private flags=_
symbol s21 kind=local fq=__local_32.eq vis=private flags=_
file f0 package=_
  decl d0 fun charPlusInt suspend=0 inline=0 sym=s11
  decl d1 fun charMinusInt suspend=0 inline=0 sym=s12
  decl d2 fun charMinusChar suspend=0 inline=0 sym=s13
  decl d3 fun charComparison suspend=0 inline=0 sym=s14
expr e0 char(97) type=Char
expr e1 localDecl c mutable=0 type=t0 init=e0 type=Unit ref=s15
expr e2 name(c) type=Char ref=s15
expr e3 int(1) type=Int
expr e4 binary(add) lhs=e2 rhs=e3 type=Char
expr e5 localDecl next mutable=0 type=_ init=e4 type=Unit ref=s16
expr e6 name(println) type=_
expr e7 name(next) type=Char ref=s16
expr e8 call callee=e6 args=[_:e7] type=Unit
expr e9 char(122) type=Char
expr e10 localDecl c mutable=0 type=t1 init=e9 type=Unit ref=s17
expr e11 name(c) type=Char ref=s17
expr e12 int(1) type=Int
expr e13 binary(subtract) lhs=e11 rhs=e12 type=Char
expr e14 localDecl prev mutable=0 type=_ init=e13 type=Unit ref=s18
expr e15 name(println) type=_
expr e16 name(prev) type=Char ref=s18
expr e17 call callee=e15 args=[_:e16] type=Unit
expr e18 char(122) type=Char
expr e19 char(97) type=Char
expr e20 binary(subtract) lhs=e18 rhs=e19 type=Int
expr e21 localDecl diff mutable=0 type=_ init=e20 type=Unit ref=s19
expr e22 name(println) type=_
expr e23 name(diff) type=Int ref=s19
expr e24 call callee=e22 args=[_:e23] type=Unit
expr e25 char(97) type=Char
expr e26 char(122) type=Char
expr e27 binary(lessThan) lhs=e25 rhs=e26 type=Boolean
expr e28 localDecl lt mutable=0 type=_ init=e27 type=Unit ref=s20
expr e29 char(97) type=Char
expr e30 char(97) type=Char
expr e31 binary(equal) lhs=e29 rhs=e30 type=Boolean
expr e32 localDecl eq mutable=0 type=_ init=e31 type=Unit ref=s21
expr e33 name(println) type=_
expr e34 name(lt) type=Boolean ref=s20
expr e35 call callee=e33 args=[_:e34] type=Unit
expr e36 name(println) type=_
expr e37 name(eq) type=Boolean ref=s21
expr e38 call callee=e36 args=[_:e37] type=Unit
