symbol fq=golden.sema.convertToNative kind=function vis=public flags=_ sig=recv=_ params=[kotlin.ByteArray] ret=kotlinx.cinterop.CValues<kotlinx.cinterop.ByteVarOf<Int>>
symbol fq=golden.sema.convertToNative.$0.bytes kind=valueParameter vis=private flags=_
file fcinterop_bytearray_to_cvalues package=golden.sema
  decl golden.sema.convertToNative fun convertToNative sym=golden.sema.convertToNative
expr e@9:59 name(bytes) type=kotlin.ByteArray ref=golden.sema.convertToNative.$0.bytes
expr e@9:59#1 memberCall recv=e@9:59 callee=toCValues args=[] type=kotlinx.cinterop.CValues<kotlinx.cinterop.ByteVarOf<Int>> call=kotlinx.cinterop.toCValues#0
