symbol fq=golden.sema.convertToNative kind=function vis=public flags=_ sig=recv=_ params=[kotlin.UByteArray] ret=kotlinx.cinterop.CValues<kotlinx.cinterop.UByteVar>
symbol fq=golden.sema.convertToNative.$0.ubytes kind=valueParameter vis=private flags=_
file fcinterop_ubytearray_to_cvalues package=golden.sema
  decl golden.sema.convertToNative fun convertToNative sym=golden.sema.convertToNative
expr e@9:62 name(ubytes) type=kotlin.UByteArray ref=golden.sema.convertToNative.$0.ubytes
expr e@9:62#1 memberCall recv=e@9:62 callee=toCValues args=[] type=kotlinx.cinterop.CValues<kotlinx.cinterop.UByteVar> call=kotlinx.cinterop.toCValues#1
