symbol fq=golden.sema.convertToNative kind=function vis=public flags=_ sig=recv=_ params=[kotlin.UIntArray] ret=kotlinx.cinterop.CValues<kotlinx.cinterop.UIntVar>
symbol fq=golden.sema.convertToNative.$0.uints kind=valueParameter vis=private flags=_
file fcinterop_uintarray_to_cvalues package=golden.sema
  decl golden.sema.convertToNative fun convertToNative sym=golden.sema.convertToNative
expr e@9:59 name(uints) type=kotlin.UIntArray ref=golden.sema.convertToNative.$0.uints
expr e@9:59#1 memberCall recv=e@9:59 callee=toCValues args=[] type=kotlinx.cinterop.CValues<kotlinx.cinterop.UIntVar> call=kotlinx.cinterop.toCValues#2
