symbol s0 kind=package fq=golden.sema vis=public flags=_
symbol s1 kind=package fq=kotlin vis=public flags=synthetic
symbol s2 kind=function fq=kotlin.lazy vis=public flags=synthetic sig=recv=_ params=[() -> Any] ret=Any suspend=0 defaults=[] vararg=[]
symbol s3 kind=package fq=kotlin.properties vis=public flags=synthetic
symbol s4 kind=object fq=kotlin.properties.Delegates vis=public flags=synthetic type=Class#4
symbol s5 kind=function fq=kotlin.properties.Delegates.observable vis=public flags=synthetic sig=recv=Class#4 params=[Any] ret=Any suspend=0 defaults=[] vararg=[]
symbol s6 kind=function fq=kotlin.properties.Delegates.vetoable vis=public flags=synthetic sig=recv=Class#4 params=[Any] ret=Any suspend=0 defaults=[] vararg=[]
symbol s7 kind=property fq=golden.sema.MAX vis=public flags=constValue type=Int
symbol s8 kind=property fq=golden.sema.NAME vis=public flags=constValue type=String
symbol s9 kind=function fq=golden.sema.useConst vis=public flags=_ sig=recv=_ params=[] ret=Boolean suspend=0 defaults=[] vararg=[]
file f0 package=golden.sema
  decl d0 property MAX var=0 sym=s7
  decl d1 property NAME var=0 sym=s8
  decl d2 fun useConst suspend=0 inline=0 sym=s9
expr e0 int(100) type=Int ref=s7
expr e1 string(hello) type=String ref=s8
expr e2 name(MAX) type=Int ref=s7
expr e3 int(50) type=Int
expr e4 binary(greaterThan) lhs=e2 rhs=e3 type=Boolean
