symbol s0 kind=package fq=_root_ vis=public flags=_
symbol s1 kind=package fq=kotlin vis=public flags=synthetic
symbol s2 kind=function fq=kotlin.lazy vis=public flags=synthetic sig=recv=_ params=[() -> Any] ret=Any suspend=0 defaults=[] vararg=[]
symbol s3 kind=package fq=kotlin.properties vis=public flags=synthetic
symbol s4 kind=object fq=kotlin.properties.Delegates vis=public flags=synthetic
symbol s5 kind=function fq=kotlin.properties.Delegates.observable vis=public flags=synthetic sig=recv=Class#4 params=[Any,(Any, Any, Any) -> Unit] ret=Any suspend=0 defaults=[] vararg=[]
symbol s6 kind=function fq=kotlin.properties.Delegates.vetoable vis=public flags=synthetic sig=recv=Class#4 params=[Any,(Any, Any, Any) -> Any] ret=Any suspend=0 defaults=[] vararg=[]
symbol s7 kind=class fq=Point vis=public flags=_
symbol s8 kind=constructor fq=Point.<init> vis=public flags=_ sig=recv=Class#7 params=[Int,Int] ret=Class#7 suspend=0 defaults=[0,0] vararg=[0,0]
symbol s9 kind=valueParameter fq=Point.<init>.$8.x vis=private flags=_
symbol s10 kind=valueParameter fq=Point.<init>.$8.y vis=private flags=_
symbol s11 kind=class fq=Named vis=public flags=_
symbol s12 kind=constructor fq=Named.<init> vis=public flags=_ sig=recv=Class#11 params=[String] ret=Class#11 suspend=0 defaults=[0] vararg=[0]
symbol s13 kind=valueParameter fq=Named.<init>.$12.name vis=private flags=_
symbol s14 kind=constructor fq=Named.<init> vis=public flags=_ sig=recv=Class#11 params=[] ret=Class#11 suspend=0 defaults=[] vararg=[]
symbol s15 kind=function fq=main vis=public flags=_ sig=recv=_ params=[] ret=Unit suspend=0 defaults=[] vararg=[]
symbol s16 kind=local fq=__local_5.p vis=private flags=_
symbol s17 kind=local fq=__local_9.n vis=private flags=_
symbol s18 kind=local fq=__local_12.d vis=private flags=_
file f0 package=_
  decl d0 class Point sym=s7
  decl d1 class Named sym=s11
  decl d2 fun main suspend=0 inline=0 sym=s15
expr e0 string(default) type=String
expr e1 name(Point) type=_
expr e2 int(1) type=Int
expr e3 int(2) type=Int
expr e4 call callee=e1 args=[_:e2,_:e3] type=Class#7 call=s8 map=[0->0,1->1] targs=[]
expr e5 localDecl p mutable=0 type=_ init=e4 type=Unit ref=s16
expr e6 name(Named) type=_
expr e7 string(hello) type=String
expr e8 call callee=e6 args=[_:e7] type=Class#11 call=s12 map=[0->0] targs=[]
expr e9 localDecl n mutable=0 type=_ init=e8 type=Unit ref=s17
expr e10 name(Named) type=_
expr e11 call callee=e10 args=[] type=Class#11 call=s14 map=[] targs=[]
expr e12 localDecl d mutable=0 type=_ init=e11 type=Unit ref=s18
