symbol s0 kind=package fq=_root_ vis=public flags=_
symbol s1 kind=class fq=Point vis=public flags=_
symbol s2 kind=constructor fq=Point.<init> vis=public flags=_ sig=recv=Class#1 params=[Int,Int] ret=Class#1 suspend=0 defaults=[0,0] vararg=[0,0]
symbol s3 kind=valueParameter fq=Point.<init>.$2.x vis=private flags=_
symbol s4 kind=valueParameter fq=Point.<init>.$2.y vis=private flags=_
symbol s5 kind=class fq=Named vis=public flags=_
symbol s6 kind=constructor fq=Named.<init> vis=public flags=_ sig=recv=Class#5 params=[String] ret=Class#5 suspend=0 defaults=[0] vararg=[0]
symbol s7 kind=valueParameter fq=Named.<init>.$6.name vis=private flags=_
symbol s8 kind=constructor fq=Named.<init> vis=public flags=_ sig=recv=Class#5 params=[] ret=Class#5 suspend=0 defaults=[] vararg=[]
symbol s9 kind=function fq=main vis=public flags=_ sig=recv=_ params=[] ret=Unit suspend=0 defaults=[] vararg=[]
symbol s10 kind=local fq=__local_5.p vis=private flags=_
symbol s11 kind=local fq=__local_9.n vis=private flags=_
symbol s12 kind=local fq=__local_12.d vis=private flags=_
file f0 package=_
  decl d0 class Point sym=s1
  decl d1 class Named sym=s5
  decl d2 fun main suspend=0 inline=0 sym=s9
expr e0 string(default) type=String
expr e1 name(Point) type=_
expr e2 int(1) type=Int
expr e3 int(2) type=Int
expr e4 call callee=e1 args=[_:e2,_:e3] type=Class#1 call=s2 map=[0->0,1->1] targs=[]
expr e5 localDecl p mutable=0 type=_ init=e4 type=Unit ref=s10
expr e6 name(Named) type=_
expr e7 string(hello) type=String
expr e8 call callee=e6 args=[_:e7] type=Class#5 call=s6 map=[0->0] targs=[]
expr e9 localDecl n mutable=0 type=_ init=e8 type=Unit ref=s11
expr e10 name(Named) type=_
expr e11 call callee=e10 args=[] type=Class#5 call=s8 map=[] targs=[]
expr e12 localDecl d mutable=0 type=_ init=e11 type=Unit ref=s12
