symbol s0 kind=package fq=golden.sema vis=public flags=_
symbol s1 kind=package fq=kotlin vis=public flags=synthetic
symbol s2 kind=package fq=kotlin.properties vis=public flags=synthetic
symbol s3 kind=interface fq=kotlin.properties.Lazy vis=public flags=synthetic
symbol s4 kind=interface fq=kotlin.properties.ReadWriteProperty vis=public flags=synthetic
symbol s5 kind=interface fq=kotlin.properties.ReadOnlyProperty vis=public flags=synthetic
symbol s6 kind=function fq=kotlin.lazy vis=public flags=synthetic sig=recv=_ params=[() -> Any] ret=Class#3 suspend=0 defaults=[] vararg=[]
symbol s7 kind=function fq=kotlin.lazy.mode vis=public flags=synthetic sig=recv=_ params=[Any,() -> Any] ret=Class#3 suspend=0 defaults=[] vararg=[]
symbol s8 kind=object fq=kotlin.properties.Delegates vis=public flags=synthetic type=Class#8
symbol s9 kind=function fq=kotlin.properties.Delegates.observable vis=public flags=synthetic sig=recv=Class#8 params=[Any] ret=Class#4 suspend=0 defaults=[] vararg=[]
symbol s10 kind=function fq=kotlin.properties.Delegates.vetoable vis=public flags=synthetic sig=recv=Class#8 params=[Any] ret=Class#4 suspend=0 defaults=[] vararg=[]
symbol s11 kind=property fq=golden.sema.age vis=public flags=mutable type=Int
symbol s12 kind=function fq=golden.sema.main vis=public flags=_ sig=recv=_ params=[] ret=Unit suspend=0 defaults=[] vararg=[]
file f0 package=golden.sema
  decl d0 property age var=1 sym=s11
  decl d1 fun main suspend=0 inline=0 sym=s12
expr e0 name(Delegates) type=Int ref=s11
expr e1 int(0) type=Int
expr e2 memberCall recv=e0 callee=vetoable args=[_:e1] type=Class#4 call=s10 map=[0->0] targs=[]
expr e3 name(prop) type=_
expr e4 name(new) type=_
expr e5 int(0) type=_
expr e6 binary(greaterOrEqual) lhs=e4 rhs=e5 type=_
expr e7 name(println) type=_
expr e8 name(age) type=Int ref=s11
expr e9 call callee=e7 args=[_:e8] type=Unit
expr e10 name(age) type=_
expr e11 int(10) type=Int
expr e12 localAssign age value=e11 type=Unit ref=s11
expr e13 name(println) type=_
expr e14 name(age) type=Int ref=s11
expr e15 call callee=e13 args=[_:e14] type=Unit
