symbol s0 kind=package fq=golden.sema vis=public flags=_
symbol s1 kind=package fq=kotlin vis=public flags=synthetic
symbol s2 kind=package fq=kotlin.properties vis=public flags=synthetic
symbol s3 kind=interface fq=kotlin.properties.Lazy vis=public flags=synthetic
symbol s4 kind=interface fq=kotlin.properties.ReadWriteProperty vis=public flags=synthetic
symbol s5 kind=interface fq=kotlin.properties.ReadOnlyProperty vis=public flags=synthetic
symbol s6 kind=function fq=kotlin.lazy vis=public flags=synthetic sig=recv=_ params=[() -> Any] ret=Class#3 suspend=0 defaults=[] vararg=[]
symbol s7 kind=function fq=kotlin.lazy.mode vis=public flags=synthetic sig=recv=_ params=[Any,() -> Any] ret=Class#3 suspend=0 defaults=[] vararg=[]
symbol s8 kind=object fq=kotlin.properties.Delegates vis=public flags=synthetic type=Class#8
symbol s9 kind=function fq=kotlin.properties.Delegates.observable vis=public flags=synthetic sig=recv=Class#8 params=[Any] ret=Class#4 suspend=0 defaults=[] vararg=[]
symbol s10 kind=function fq=kotlin.properties.Delegates.vetoable vis=public flags=synthetic sig=recv=Class#8 params=[Any] ret=Class#4 suspend=0 defaults=[] vararg=[]
symbol s11 kind=package fq=kotlin.collections vis=public flags=synthetic
symbol s12 kind=interface fq=kotlin.collections.List vis=public flags=synthetic
symbol s13 kind=typeParameter fq=kotlin.collections.List.E vis=private flags=_
symbol s14 kind=function fq=kotlin.collections.List.get vis=public flags=synthetic|operatorFunction sig=recv=Class#12<out T#13> params=[Int] ret=T#13 suspend=0 defaults=[] vararg=[]
symbol s15 kind=interface fq=kotlin.collections.MutableList vis=public flags=synthetic
symbol s16 kind=typeParameter fq=kotlin.collections.MutableList.E vis=private flags=_
symbol s17 kind=function fq=kotlin.collections.MutableList.set vis=public flags=synthetic|operatorFunction sig=recv=Class#15<T#16> params=[Int,T#16] ret=T#16 suspend=0 defaults=[] vararg=[]
symbol s18 kind=interface fq=golden.sema.A vis=public flags=_
symbol s19 kind=function fq=golden.sema.A.greet vis=public flags=_ sig=recv=Class#18 params=[] ret=String suspend=0 defaults=[] vararg=[]
symbol s20 kind=interface fq=golden.sema.B vis=public flags=_
symbol s21 kind=function fq=golden.sema.B.greet vis=public flags=overrideMember sig=recv=Class#20 params=[] ret=String suspend=0 defaults=[] vararg=[]
symbol s22 kind=interface fq=golden.sema.C vis=public flags=_
symbol s23 kind=function fq=golden.sema.C.greet vis=public flags=overrideMember sig=recv=Class#22 params=[] ret=String suspend=0 defaults=[] vararg=[]
symbol s24 kind=class fq=golden.sema.D vis=public flags=_
symbol s25 kind=constructor fq=golden.sema.D.<init> vis=public flags=_ sig=recv=Class#24 params=[] ret=Class#24 suspend=0 defaults=[] vararg=[]
symbol s26 kind=function fq=golden.sema.D.greet vis=public flags=overrideMember sig=recv=Class#24 params=[] ret=String suspend=0 defaults=[] vararg=[]
file f0 package=golden.sema
  decl d1 interface A sym=s18
  decl d3 interface B sym=s20
  decl d5 interface C sym=s22
  decl d7 class D sym=s24
expr e0 string(A) type=String
expr e1 string(B) type=String
expr e2 string(C) type=String
expr e3 super<B> type=Class#20
expr e4 memberCall recv=e3 callee=greet args=[] type=String call=s21 map=[] targs=[]
expr e5 super<C> type=Class#22
expr e6 memberCall recv=e5 callee=greet args=[] type=String call=s23 map=[] targs=[]
expr e7 binary(add) lhs=e4 rhs=e6 type=String
