symbol s0 kind=package fq=golden.sema vis=public flags=_
symbol s1 kind=package fq=kotlin vis=public flags=synthetic
symbol s2 kind=function fq=kotlin.lazy vis=public flags=synthetic sig=recv=_ params=[() -> Any] ret=Any suspend=0 defaults=[] vararg=[]
symbol s3 kind=package fq=kotlin.properties vis=public flags=synthetic
symbol s4 kind=object fq=kotlin.properties.Delegates vis=public flags=synthetic type=Class#4
symbol s5 kind=function fq=kotlin.properties.Delegates.observable vis=public flags=synthetic sig=recv=Class#4 params=[Any] ret=Any suspend=0 defaults=[] vararg=[]
symbol s6 kind=function fq=kotlin.properties.Delegates.vetoable vis=public flags=synthetic sig=recv=Class#4 params=[Any] ret=Any suspend=0 defaults=[] vararg=[]
symbol s7 kind=enumClass fq=golden.sema.Color vis=public flags=_
symbol s8 kind=constructor fq=golden.sema.Color.<init> vis=public flags=_ sig=recv=Class#7 params=[] ret=Class#7 suspend=0 defaults=[] vararg=[]
symbol s9 kind=field fq=golden.sema.Color.RED vis=public flags=_ type=Class#7
symbol s10 kind=enumClass fq=golden.sema.Direction vis=public flags=_
symbol s11 kind=constructor fq=golden.sema.Direction.<init> vis=public flags=_ sig=recv=Class#10 params=[] ret=Class#10 suspend=0 defaults=[] vararg=[]
symbol s12 kind=field fq=golden.sema.Direction.NORTH vis=public flags=_ type=Class#10
file f0 package=golden.sema
  decl d0 class Color sym=s7
  decl d1 class Direction sym=s10
