symbol s0 kind=package fq=golden.sema vis=public flags=_
symbol s1 kind=package fq=kotlin vis=public flags=synthetic
symbol s2 kind=package fq=kotlin.properties vis=public flags=synthetic
symbol s3 kind=interface fq=kotlin.properties.Lazy vis=public flags=synthetic
symbol s4 kind=interface fq=kotlin.properties.ReadWriteProperty vis=public flags=synthetic
symbol s5 kind=interface fq=kotlin.properties.ReadOnlyProperty vis=public flags=synthetic
symbol s6 kind=function fq=kotlin.lazy vis=public flags=synthetic sig=recv=_ params=[() -> Any] ret=Class#3 suspend=0 defaults=[] vararg=[]
symbol s7 kind=function fq=kotlin.lazy.mode vis=public flags=synthetic sig=recv=_ params=[Any,() -> Any] ret=Class#3 suspend=0 defaults=[] vararg=[]
symbol s8 kind=object fq=kotlin.properties.Delegates vis=public flags=synthetic type=Class#8
symbol s9 kind=function fq=kotlin.properties.Delegates.observable vis=public flags=synthetic sig=recv=Class#8 params=[Any] ret=Class#4 suspend=0 defaults=[] vararg=[]
symbol s10 kind=function fq=kotlin.properties.Delegates.vetoable vis=public flags=synthetic sig=recv=Class#8 params=[Any] ret=Class#4 suspend=0 defaults=[] vararg=[]
symbol s11 kind=package fq=kotlin.collections vis=public flags=synthetic
symbol s12 kind=interface fq=kotlin.collections.List vis=public flags=synthetic
symbol s13 kind=typeParameter fq=kotlin.collections.List.E vis=private flags=_
symbol s14 kind=function fq=kotlin.collections.List.get vis=public flags=synthetic|operatorFunction sig=recv=Class#12<out T#13> params=[Int] ret=T#13 suspend=0 defaults=[] vararg=[]
symbol s15 kind=interface fq=kotlin.collections.MutableList vis=public flags=synthetic
symbol s16 kind=typeParameter fq=kotlin.collections.MutableList.E vis=private flags=_
symbol s17 kind=function fq=kotlin.collections.MutableList.set vis=public flags=synthetic|operatorFunction sig=recv=Class#15<T#16> params=[Int,T#16] ret=T#16 suspend=0 defaults=[] vararg=[]
symbol s18 kind=interface fq=kotlin.Comparable vis=public flags=synthetic
symbol s19 kind=typeParameter fq=kotlin.Comparable.T vis=private flags=_
symbol s20 kind=function fq=kotlin.Comparable.compareTo vis=public flags=synthetic|operatorFunction sig=recv=Class#18<T#19> params=[T#19] ret=Int suspend=0 defaults=[] vararg=[]
symbol s21 kind=package fq=kotlin.text vis=public flags=synthetic
symbol s22 kind=function fq=kotlin.text.trim vis=public flags=synthetic sig=recv=String params=[] ret=String suspend=0 defaults=[] vararg=[]
symbol s23 kind=function fq=kotlin.text.split vis=public flags=synthetic sig=recv=String params=[String] ret=Class#12<out String> suspend=0 defaults=[0] vararg=[0]
symbol s24 kind=valueParameter fq=kotlin.text.split.delimiters vis=private flags=synthetic
symbol s25 kind=function fq=kotlin.text.replace vis=public flags=synthetic sig=recv=String params=[String,String] ret=String suspend=0 defaults=[0,0] vararg=[0,0]
symbol s26 kind=valueParameter fq=kotlin.text.replace.oldValue vis=private flags=synthetic
symbol s27 kind=valueParameter fq=kotlin.text.replace.newValue vis=private flags=synthetic
symbol s28 kind=function fq=kotlin.text.startsWith vis=public flags=synthetic sig=recv=String params=[String] ret=Boolean suspend=0 defaults=[0] vararg=[0]
symbol s29 kind=valueParameter fq=kotlin.text.startsWith.prefix vis=private flags=synthetic
symbol s30 kind=function fq=kotlin.text.endsWith vis=public flags=synthetic sig=recv=String params=[String] ret=Boolean suspend=0 defaults=[0] vararg=[0]
symbol s31 kind=valueParameter fq=kotlin.text.endsWith.suffix vis=private flags=synthetic
symbol s32 kind=function fq=kotlin.text.contains vis=public flags=synthetic sig=recv=String params=[String] ret=Boolean suspend=0 defaults=[0] vararg=[0]
symbol s33 kind=valueParameter fq=kotlin.text.contains.other vis=private flags=synthetic
symbol s34 kind=function fq=kotlin.text.toInt vis=public flags=synthetic sig=recv=String params=[] ret=Int suspend=0 defaults=[] vararg=[]
symbol s35 kind=function fq=kotlin.text.toDouble vis=public flags=synthetic sig=recv=String params=[] ret=Double suspend=0 defaults=[] vararg=[]
symbol s36 kind=function fq=kotlin.text.format vis=public flags=synthetic sig=recv=String params=[Any?] ret=String suspend=0 defaults=[0] vararg=[1]
symbol s37 kind=valueParameter fq=kotlin.text.format.args vis=private flags=synthetic
symbol s38 kind=function fq=golden.sema.platform vis=public flags=expectDeclaration sig=recv=_ params=[] ret=String suspend=0 defaults=[] vararg=[]
symbol s39 kind=function fq=golden.sema.platform vis=public flags=actualDeclaration sig=recv=_ params=[] ret=String suspend=0 defaults=[] vararg=[]
symbol s40 kind=function fq=golden.sema.unresolved vis=public flags=expectDeclaration sig=recv=_ params=[] ret=Int suspend=0 defaults=[] vararg=[]
file f0 package=golden.sema
  decl d0 fun platform suspend=0 inline=0 sym=s38
  decl d1 fun platform suspend=0 inline=0 sym=s39
  decl d2 fun unresolved suspend=0 inline=0 sym=s40
expr e0 string(ok) type=String
