symbol s0 kind=package fq=golden.sema vis=public flags=_
symbol s1 kind=package fq=kotlin vis=public flags=synthetic
symbol s2 kind=function fq=kotlin.lazy vis=public flags=synthetic sig=recv=_ params=[() -> Any] ret=Any suspend=0 defaults=[] vararg=[]
symbol s3 kind=package fq=kotlin.properties vis=public flags=synthetic
symbol s4 kind=object fq=kotlin.properties.Delegates vis=public flags=synthetic type=Class#4
symbol s5 kind=function fq=kotlin.properties.Delegates.observable vis=public flags=synthetic sig=recv=Class#4 params=[Any] ret=Any suspend=0 defaults=[] vararg=[]
symbol s6 kind=function fq=kotlin.properties.Delegates.vetoable vis=public flags=synthetic sig=recv=Class#4 params=[Any] ret=Any suspend=0 defaults=[] vararg=[]
symbol s7 kind=function fq=golden.sema.add vis=public flags=_ sig=recv=_ params=[Int,Int] ret=Int suspend=0 defaults=[0,0] vararg=[0,0]
symbol s8 kind=valueParameter fq=golden.sema.add.$7.a vis=private flags=_
symbol s9 kind=valueParameter fq=golden.sema.add.$7.b vis=private flags=_
symbol s10 kind=function fq=golden.sema.main vis=public flags=_ sig=recv=_ params=[] ret=Int suspend=0 defaults=[] vararg=[]
file f0 package=golden.sema
  decl d0 fun add suspend=0 inline=0 sym=s7
  decl d1 fun main suspend=0 inline=0 sym=s10
expr e0 name(a) type=Int ref=s8
expr e1 name(b) type=Int ref=s9
expr e2 binary(add) lhs=e0 rhs=e1 type=Int
expr e3 name(add) type=_
expr e4 int(40) type=Int
expr e5 int(2) type=Int
expr e6 call callee=e3 args=[_:e4,_:e5] type=Int call=s7 map=[0->0,1->1] targs=[]
