symbol s0 kind=package fq=_root_ vis=public flags=_
symbol s1 kind=package fq=kotlin vis=public flags=synthetic
symbol s2 kind=package fq=kotlin.properties vis=public flags=synthetic
symbol s3 kind=interface fq=kotlin.properties.Lazy vis=public flags=synthetic
symbol s4 kind=interface fq=kotlin.properties.ReadWriteProperty vis=public flags=synthetic
symbol s5 kind=interface fq=kotlin.properties.ReadOnlyProperty vis=public flags=synthetic
symbol s6 kind=function fq=kotlin.lazy vis=public flags=synthetic sig=recv=_ params=[() -> Any] ret=Class#3 suspend=0 defaults=[] vararg=[]
symbol s7 kind=function fq=kotlin.lazy.mode vis=public flags=synthetic sig=recv=_ params=[Any,() -> Any] ret=Class#3 suspend=0 defaults=[] vararg=[]
symbol s8 kind=object fq=kotlin.properties.Delegates vis=public flags=synthetic type=Class#8
symbol s9 kind=function fq=kotlin.properties.Delegates.observable vis=public flags=synthetic sig=recv=Class#8 params=[Any] ret=Class#4 suspend=0 defaults=[] vararg=[]
symbol s10 kind=function fq=kotlin.properties.Delegates.vetoable vis=public flags=synthetic sig=recv=Class#8 params=[Any] ret=Class#4 suspend=0 defaults=[] vararg=[]
symbol s11 kind=package fq=kotlin.collections vis=public flags=synthetic
symbol s12 kind=interface fq=kotlin.collections.List vis=public flags=synthetic
symbol s13 kind=typeParameter fq=kotlin.collections.List.E vis=private flags=_
symbol s14 kind=function fq=kotlin.collections.List.get vis=public flags=synthetic|operatorFunction sig=recv=Class#12<out T#13> params=[Int] ret=T#13 suspend=0 defaults=[] vararg=[]
symbol s15 kind=interface fq=kotlin.collections.MutableList vis=public flags=synthetic
symbol s16 kind=typeParameter fq=kotlin.collections.MutableList.E vis=private flags=_
symbol s17 kind=function fq=kotlin.collections.MutableList.set vis=public flags=synthetic|operatorFunction sig=recv=Class#15<T#16> params=[Int,T#16] ret=T#16 suspend=0 defaults=[] vararg=[]
symbol s18 kind=function fq=checkIn vis=public flags=_ sig=recv=_ params=[Int,Int] ret=Boolean suspend=0 defaults=[0,0] vararg=[0,0]
symbol s19 kind=valueParameter fq=checkIn.$18.x vis=private flags=_
symbol s20 kind=valueParameter fq=checkIn.$18.y vis=private flags=_
symbol s21 kind=function fq=checkNotIn vis=public flags=_ sig=recv=_ params=[Int,Int] ret=Boolean suspend=0 defaults=[0,0] vararg=[0,0]
symbol s22 kind=valueParameter fq=checkNotIn.$21.x vis=private flags=_
symbol s23 kind=valueParameter fq=checkNotIn.$21.y vis=private flags=_
symbol s24 kind=function fq=rangeUntilExpr vis=public flags=_ sig=recv=_ params=[Int] ret=Boolean suspend=0 defaults=[0] vararg=[0]
symbol s25 kind=valueParameter fq=rangeUntilExpr.$24.n vis=private flags=_
file f0 package=_
  decl d0 fun checkIn suspend=0 inline=0 sym=s18
  decl d1 fun checkNotIn suspend=0 inline=0 sym=s21
  decl d2 fun rangeUntilExpr suspend=0 inline=0 sym=s24
expr e0 name(x) type=Int ref=s19
expr e1 int(1) type=Int
expr e2 int(10) type=Int
expr e3 binary(rangeTo) lhs=e1 rhs=e2 type=Int
expr e4 inExpr lhs=e0 rhs=e3 type=Boolean
expr e5 name(x) type=Int ref=s22
expr e6 int(1) type=Int
expr e7 int(10) type=Int
expr e8 binary(rangeTo) lhs=e6 rhs=e7 type=Int
expr e9 notInExpr lhs=e5 rhs=e8 type=Boolean
expr e10 name(n) type=Int ref=s25
expr e11 int(0) type=Int
expr e12 int(10) type=Int
expr e13 binary(rangeUntil) lhs=e11 rhs=e12 type=Int
expr e14 inExpr lhs=e10 rhs=e13 type=Boolean
