symbol s0 kind=package fq=golden.sema vis=public flags=_
symbol s1 kind=class fq=golden.sema.Outer vis=public flags=_
symbol s2 kind=constructor fq=golden.sema.Outer.<init> vis=public flags=_ sig=recv=Class#1 params=[Int] ret=Class#1 suspend=0 defaults=[0] vararg=[0]
symbol s3 kind=valueParameter fq=golden.sema.Outer.<init>.$2.x vis=private flags=_
symbol s4 kind=property fq=golden.sema.Outer.y vis=public flags=_ type=Int
symbol s5 kind=class fq=golden.sema.Outer.Inner vis=public flags=innerClass
symbol s6 kind=constructor fq=golden.sema.Outer.Inner.<init> vis=public flags=_ sig=recv=Class#5 params=[] ret=Class#5 suspend=0 defaults=[] vararg=[]
symbol s7 kind=function fq=golden.sema.Outer.Inner.getY vis=public flags=_ sig=recv=Class#5 params=[] ret=Int suspend=0 defaults=[] vararg=[]
symbol s8 kind=class fq=golden.sema.Outer.Nested vis=public flags=_
symbol s9 kind=constructor fq=golden.sema.Outer.Nested.<init> vis=public flags=_ sig=recv=Class#8 params=[] ret=Class#8 suspend=0 defaults=[] vararg=[]
symbol s10 kind=function fq=golden.sema.Outer.Nested.tryAccess vis=public flags=_ sig=recv=Class#8 params=[] ret=Int suspend=0 defaults=[] vararg=[]
symbol s11 kind=function fq=golden.sema.main vis=public flags=_ sig=recv=_ params=[] ret=Unit suspend=0 defaults=[] vararg=[]
symbol s12 kind=local fq=__local_8.outer vis=private flags=_
symbol s13 kind=local fq=__local_11.inner vis=private flags=_
symbol s14 kind=local fq=__local_14.result vis=private flags=_
file f0 package=golden.sema
  decl d5 class Outer sym=s1
  decl d6 fun main suspend=0 inline=0 sym=s11
expr e0 name(x) type=Int ref=s4
expr e1 this@Outer type=Class#1
expr e2 memberCall recv=e1 callee=y args=[] type=Int ref=s4
expr e3 this@Outer type=<error>
expr e4 memberCall recv=e3 callee=y args=[] type=<error>
expr e5 name(Outer) type=_
expr e6 int(42) type=Int
expr e7 call callee=e5 args=[_:e6] type=Class#1 call=s2 map=[0->0] targs=[]
expr e8 localDecl outer mutable=0 type=_ init=e7 type=Unit ref=s12
expr e9 name(outer) type=Class#1 ref=s12
expr e10 memberCall recv=e9 callee=Inner args=[] type=Class#5 call=s6 map=[] targs=[]
expr e11 localDecl inner mutable=0 type=_ init=e10 type=Unit ref=s13
expr e12 name(inner) type=Class#5 ref=s13
expr e13 memberCall recv=e12 callee=getY args=[] type=Int call=s7 map=[] targs=[]
expr e14 localDecl result mutable=0 type=_ init=e13 type=Unit ref=s14
