symbol s0 kind=package fq=golden.sema vis=public flags=_
symbol s1 kind=package fq=kotlin vis=public flags=synthetic
symbol s2 kind=package fq=kotlin.properties vis=public flags=synthetic
symbol s3 kind=interface fq=kotlin.properties.Lazy vis=public flags=synthetic
symbol s4 kind=interface fq=kotlin.properties.ReadWriteProperty vis=public flags=synthetic
symbol s5 kind=interface fq=kotlin.properties.ReadOnlyProperty vis=public flags=synthetic
symbol s6 kind=function fq=kotlin.lazy vis=public flags=synthetic sig=recv=_ params=[() -> Any] ret=Class#3 suspend=0 defaults=[] vararg=[]
symbol s7 kind=function fq=kotlin.lazy.mode vis=public flags=synthetic sig=recv=_ params=[Any,() -> Any] ret=Class#3 suspend=0 defaults=[] vararg=[]
symbol s8 kind=object fq=kotlin.properties.Delegates vis=public flags=synthetic type=Class#8
symbol s9 kind=function fq=kotlin.properties.Delegates.observable vis=public flags=synthetic sig=recv=Class#8 params=[Any] ret=Class#4 suspend=0 defaults=[] vararg=[]
symbol s10 kind=function fq=kotlin.properties.Delegates.vetoable vis=public flags=synthetic sig=recv=Class#8 params=[Any] ret=Class#4 suspend=0 defaults=[] vararg=[]
symbol s11 kind=interface fq=golden.sema.Greeter vis=public flags=_
symbol s12 kind=function fq=golden.sema.Greeter.greet vis=public flags=_ sig=recv=Class#11 params=[] ret=String suspend=0 defaults=[] vararg=[]
symbol s13 kind=class fq=golden.sema.FormalGreeter vis=public flags=_
symbol s14 kind=constructor fq=golden.sema.FormalGreeter.<init> vis=public flags=_ sig=recv=Class#13 params=[] ret=Class#13 suspend=0 defaults=[] vararg=[]
symbol s15 kind=function fq=golden.sema.FormalGreeter.greet vis=public flags=overrideMember sig=recv=Class#13 params=[] ret=String suspend=0 defaults=[] vararg=[]
symbol s16 kind=class fq=golden.sema.DefaultGreeter vis=public flags=_
symbol s17 kind=constructor fq=golden.sema.DefaultGreeter.<init> vis=public flags=_ sig=recv=Class#16 params=[] ret=Class#16 suspend=0 defaults=[] vararg=[]
symbol s18 kind=interface fq=golden.sema.Animal vis=public flags=_
symbol s19 kind=function fq=golden.sema.Animal.name vis=public flags=abstractType sig=recv=Class#18 params=[] ret=String suspend=0 defaults=[] vararg=[]
symbol s20 kind=function fq=golden.sema.Animal.sound vis=public flags=_ sig=recv=Class#18 params=[] ret=String suspend=0 defaults=[] vararg=[]
symbol s21 kind=class fq=golden.sema.Dog vis=public flags=_
symbol s22 kind=constructor fq=golden.sema.Dog.<init> vis=public flags=_ sig=recv=Class#21 params=[] ret=Class#21 suspend=0 defaults=[] vararg=[]
symbol s23 kind=function fq=golden.sema.Dog.name vis=public flags=_ sig=recv=Class#21 params=[] ret=String suspend=0 defaults=[] vararg=[]
file f0 package=golden.sema
  decl d1 interface Greeter sym=s11
  decl d3 class FormalGreeter sym=s13
  decl d4 class DefaultGreeter sym=s16
  decl d7 interface Animal sym=s18
  decl d9 class Dog sym=s21
expr e0 string(Hello) type=String
expr e1 string(Good day) type=String
expr e2 string(...) type=String
expr e3 string(Dog) type=String
