symbol s0 kind=package fq=golden.sema vis=public flags=_
symbol s1 kind=package fq=kotlin vis=public flags=synthetic
symbol s2 kind=package fq=kotlin.properties vis=public flags=synthetic
symbol s3 kind=interface fq=kotlin.properties.Lazy vis=public flags=synthetic
symbol s4 kind=interface fq=kotlin.properties.ReadWriteProperty vis=public flags=synthetic
symbol s5 kind=interface fq=kotlin.properties.ReadOnlyProperty vis=public flags=synthetic
symbol s6 kind=function fq=kotlin.lazy vis=public flags=synthetic sig=recv=_ params=[() -> Any] ret=Class#3 suspend=0 defaults=[] vararg=[]
symbol s7 kind=function fq=kotlin.lazy.mode vis=public flags=synthetic sig=recv=_ params=[Any,() -> Any] ret=Class#3 suspend=0 defaults=[] vararg=[]
symbol s8 kind=object fq=kotlin.properties.Delegates vis=public flags=synthetic type=Class#8
symbol s9 kind=function fq=kotlin.properties.Delegates.observable vis=public flags=synthetic sig=recv=Class#8 params=[Any] ret=Class#4 suspend=0 defaults=[] vararg=[]
symbol s10 kind=function fq=kotlin.properties.Delegates.vetoable vis=public flags=synthetic sig=recv=Class#8 params=[Any] ret=Class#4 suspend=0 defaults=[] vararg=[]
symbol s11 kind=package fq=kotlin.collections vis=public flags=synthetic
symbol s12 kind=interface fq=kotlin.collections.List vis=public flags=synthetic
symbol s13 kind=typeParameter fq=kotlin.collections.List.E vis=private flags=_
symbol s14 kind=function fq=kotlin.collections.List.get vis=public flags=synthetic|operatorFunction sig=recv=Class#12<out T#13> params=[Int] ret=T#13 suspend=0 defaults=[] vararg=[]
symbol s15 kind=interface fq=kotlin.collections.MutableList vis=public flags=synthetic
symbol s16 kind=typeParameter fq=kotlin.collections.MutableList.E vis=private flags=_
symbol s17 kind=function fq=kotlin.collections.MutableList.set vis=public flags=synthetic|operatorFunction sig=recv=Class#15<T#16> params=[Int,T#16] ret=T#16 suspend=0 defaults=[] vararg=[]
symbol s18 kind=interface fq=kotlin.Comparable vis=public flags=synthetic
symbol s19 kind=typeParameter fq=kotlin.Comparable.T vis=private flags=_
symbol s20 kind=function fq=kotlin.Comparable.compareTo vis=public flags=synthetic|operatorFunction sig=recv=Class#18<T#19> params=[T#19] ret=Int suspend=0 defaults=[] vararg=[]
symbol s21 kind=package fq=kotlin.text vis=public flags=synthetic
symbol s22 kind=function fq=kotlin.text.trim vis=public flags=synthetic sig=recv=String params=[] ret=String suspend=0 defaults=[] vararg=[]
symbol s23 kind=function fq=kotlin.text.split vis=public flags=synthetic sig=recv=String params=[String] ret=Class#12<out String> suspend=0 defaults=[0] vararg=[0]
symbol s24 kind=valueParameter fq=kotlin.text.split.delimiters vis=private flags=synthetic
symbol s25 kind=function fq=kotlin.text.replace vis=public flags=synthetic sig=recv=String params=[String,String] ret=String suspend=0 defaults=[0,0] vararg=[0,0]
symbol s26 kind=valueParameter fq=kotlin.text.replace.oldValue vis=private flags=synthetic
symbol s27 kind=valueParameter fq=kotlin.text.replace.newValue vis=private flags=synthetic
symbol s28 kind=function fq=kotlin.text.startsWith vis=public flags=synthetic sig=recv=String params=[String] ret=Boolean suspend=0 defaults=[0] vararg=[0]
symbol s29 kind=valueParameter fq=kotlin.text.startsWith.prefix vis=private flags=synthetic
symbol s30 kind=function fq=kotlin.text.endsWith vis=public flags=synthetic sig=recv=String params=[String] ret=Boolean suspend=0 defaults=[0] vararg=[0]
symbol s31 kind=valueParameter fq=kotlin.text.endsWith.suffix vis=private flags=synthetic
symbol s32 kind=function fq=kotlin.text.contains vis=public flags=synthetic sig=recv=String params=[String] ret=Boolean suspend=0 defaults=[0] vararg=[0]
symbol s33 kind=valueParameter fq=kotlin.text.contains.other vis=private flags=synthetic
symbol s34 kind=function fq=kotlin.text.toInt vis=public flags=synthetic sig=recv=String params=[] ret=Int suspend=0 defaults=[] vararg=[]
symbol s35 kind=function fq=kotlin.text.toDouble vis=public flags=synthetic sig=recv=String params=[] ret=Double suspend=0 defaults=[] vararg=[]
symbol s36 kind=function fq=kotlin.text.format vis=public flags=synthetic sig=recv=String params=[Any?] ret=String suspend=0 defaults=[0] vararg=[1]
symbol s37 kind=valueParameter fq=kotlin.text.format.args vis=private flags=synthetic
symbol s38 kind=function fq=kotlin.text.trimIndent vis=public flags=synthetic sig=recv=String params=[] ret=String suspend=0 defaults=[] vararg=[]
symbol s39 kind=function fq=kotlin.text.trimMargin vis=public flags=synthetic sig=recv=String params=[] ret=String suspend=0 defaults=[] vararg=[]
symbol s40 kind=function fq=kotlin.text.trimMargin vis=public flags=synthetic sig=recv=String params=[String] ret=String suspend=0 defaults=[0] vararg=[0]
symbol s41 kind=valueParameter fq=kotlin.text.trimMargin.marginPrefix vis=private flags=synthetic
symbol s42 kind=function fq=kotlin.repeat vis=public flags=inlineFunction|synthetic sig=recv=_ params=[Int,(Int) -> Unit] ret=Unit suspend=0 defaults=[0,0] vararg=[0,0]
symbol s43 kind=valueParameter fq=kotlin.repeat.times vis=private flags=synthetic
symbol s44 kind=valueParameter fq=kotlin.repeat.action vis=private flags=synthetic
symbol s45 kind=class fq=kotlin.Throwable vis=public flags=synthetic type=Class#45
symbol s46 kind=class fq=kotlin.Exception vis=public flags=synthetic type=Class#46
symbol s47 kind=class fq=kotlin.RuntimeException vis=public flags=synthetic type=Class#47
symbol s48 kind=class fq=kotlin.UninitializedPropertyAccessException vis=public flags=synthetic type=Class#48
symbol s49 kind=class fq=kotlin.NullPointerException vis=public flags=synthetic type=Class#49
symbol s50 kind=class fq=kotlin.NumberFormatException vis=public flags=synthetic type=Class#50
symbol s51 kind=class fq=kotlin.CancellationException vis=public flags=synthetic type=Class#51
symbol s52 kind=package fq=kotlinx vis=public flags=synthetic
symbol s53 kind=package fq=kotlinx.coroutines vis=public flags=synthetic
symbol s54 kind=package fq=kotlinx.coroutines.channels vis=public flags=synthetic
symbol s55 kind=class fq=kotlinx.coroutines.Job vis=public flags=synthetic type=Class#55
symbol s56 kind=class fq=kotlinx.coroutines.Deferred vis=public flags=synthetic type=Class#56
symbol s57 kind=object fq=kotlinx.coroutines.Dispatchers vis=public flags=synthetic type=Class#57
symbol s58 kind=class fq=kotlinx.coroutines.channels.Channel vis=public flags=synthetic type=Class#58
symbol s59 kind=class fq=kotlinx.coroutines.CancellationException vis=public flags=synthetic type=Class#59
symbol s60 kind=class fq=CancellationException vis=public flags=synthetic type=Class#60
symbol s61 kind=function fq=kotlinx.coroutines.runBlocking vis=public flags=synthetic sig=recv=_ params=[suspend () -> Any] ret=Any suspend=0 defaults=[0] vararg=[0]
symbol s62 kind=valueParameter fq=kotlinx.coroutines.runBlocking.block vis=private flags=synthetic
symbol s63 kind=function fq=kotlinx.coroutines.launch vis=public flags=synthetic sig=recv=_ params=[suspend () -> Unit] ret=Class#55 suspend=0 defaults=[0] vararg=[0]
symbol s64 kind=valueParameter fq=kotlinx.coroutines.launch.block vis=private flags=synthetic
symbol s65 kind=function fq=kotlinx.coroutines.async vis=public flags=synthetic sig=recv=_ params=[suspend () -> Any] ret=Class#56 suspend=0 defaults=[0] vararg=[0]
symbol s66 kind=valueParameter fq=kotlinx.coroutines.async.block vis=private flags=synthetic
symbol s67 kind=function fq=kotlinx.coroutines.delay vis=public flags=synthetic sig=recv=_ params=[Long] ret=Unit suspend=0 defaults=[0] vararg=[0]
symbol s68 kind=valueParameter fq=kotlinx.coroutines.delay.timeMillis vis=private flags=synthetic
symbol s69 kind=function fq=kotlinx.coroutines.withContext vis=public flags=synthetic sig=recv=_ params=[Any,suspend () -> Any] ret=Any suspend=0 defaults=[0,0] vararg=[0,0]
symbol s70 kind=valueParameter fq=kotlinx.coroutines.withContext.context vis=private flags=synthetic
symbol s71 kind=valueParameter fq=kotlinx.coroutines.withContext.block vis=private flags=synthetic
symbol s72 kind=constructor fq=kotlinx.coroutines.channels.Channel.<init> vis=public flags=synthetic sig=recv=_ params=[] ret=Class#58 suspend=0 defaults=[] vararg=[]
symbol s73 kind=property fq=kotlinx.coroutines.Dispatchers.Default vis=public flags=synthetic type=Any
symbol s74 kind=property fq=kotlinx.coroutines.Dispatchers.IO vis=public flags=synthetic type=Any
symbol s75 kind=property fq=kotlinx.coroutines.Dispatchers.Main vis=public flags=synthetic type=Any
symbol s76 kind=function fq=kotlinx.coroutines.Job.cancel vis=public flags=synthetic sig=recv=Class#55 params=[] ret=Unit suspend=0 defaults=[] vararg=[]
symbol s77 kind=function fq=kotlinx.coroutines.Job.join vis=public flags=synthetic sig=recv=Class#55 params=[] ret=Unit suspend=0 defaults=[] vararg=[]
symbol s78 kind=function fq=kotlinx.coroutines.Deferred.await vis=public flags=synthetic sig=recv=Class#56 params=[] ret=Any suspend=0 defaults=[] vararg=[]
symbol s79 kind=function fq=kotlinx.coroutines.channels.Channel.send vis=public flags=synthetic sig=recv=Class#58 params=[Any] ret=Unit suspend=0 defaults=[0] vararg=[0]
symbol s80 kind=valueParameter fq=kotlinx.coroutines.channels.Channel.send.value vis=private flags=synthetic
symbol s81 kind=function fq=kotlinx.coroutines.channels.Channel.receive vis=public flags=synthetic sig=recv=Class#58 params=[] ret=Any suspend=0 defaults=[] vararg=[]
symbol s82 kind=function fq=kotlinx.coroutines.channels.Channel.close vis=public flags=synthetic sig=recv=Class#58 params=[] ret=Unit suspend=0 defaults=[] vararg=[]
symbol s83 kind=package fq=kotlin.contracts vis=public flags=synthetic
symbol s84 kind=class fq=kotlin.contracts.ContractBuilder vis=public flags=synthetic
symbol s85 kind=class fq=kotlin.contracts.ContractEffect vis=public flags=synthetic
symbol s86 kind=function fq=kotlin.contracts.contract vis=public flags=inlineFunction|synthetic sig=recv=_ params=[Class#84.() -> Unit] ret=Unit suspend=0 defaults=[] vararg=[]
symbol s87 kind=function fq=kotlin.contracts.ContractBuilder.returns vis=public flags=synthetic sig=recv=Class#84 params=[] ret=Class#85 suspend=0 defaults=[] vararg=[]
symbol s88 kind=function fq=kotlin.contracts.ContractEffect.implies vis=public flags=synthetic sig=recv=Class#85 params=[Boolean] ret=Unit suspend=0 defaults=[] vararg=[]
symbol s89 kind=function fq=golden.sema.basicIs vis=public flags=_ sig=recv=_ params=[Any] ret=Boolean suspend=0 defaults=[0] vararg=[0]
symbol s90 kind=valueParameter fq=golden.sema.basicIs.$89.v vis=private flags=_
symbol s91 kind=function fq=golden.sema.negatedIs vis=public flags=_ sig=recv=_ params=[Any] ret=Boolean suspend=0 defaults=[0] vararg=[0]
symbol s92 kind=valueParameter fq=golden.sema.negatedIs.$91.v vis=private flags=_
symbol s93 kind=function fq=golden.sema.smartCastAfterIs vis=public flags=_ sig=recv=_ params=[Any] ret=Int suspend=0 defaults=[0] vararg=[0]
symbol s94 kind=valueParameter fq=golden.sema.smartCastAfterIs.$93.v vis=private flags=_
symbol s95 kind=function fq=golden.sema.combinedCondition vis=public flags=_ sig=recv=_ params=[Any] ret=String suspend=0 defaults=[0] vararg=[0]
symbol s96 kind=valueParameter fq=golden.sema.combinedCondition.$95.v vis=private flags=_
symbol s97 kind=function fq=golden.sema.smartCastAfterNegatedIs vis=public flags=_ sig=recv=_ params=[Any] ret=Int suspend=0 defaults=[0] vararg=[0]
symbol s98 kind=valueParameter fq=golden.sema.smartCastAfterNegatedIs.$97.v vis=private flags=_
symbol s99 kind=function fq=golden.sema.combinedOrCondition vis=public flags=_ sig=recv=_ params=[Any] ret=String suspend=0 defaults=[0] vararg=[0]
symbol s100 kind=valueParameter fq=golden.sema.combinedOrCondition.$99.v vis=private flags=_
file f0 package=golden.sema
  decl d0 fun basicIs suspend=0 inline=0 sym=s89
  decl d1 fun negatedIs suspend=0 inline=0 sym=s91
  decl d2 fun smartCastAfterIs suspend=0 inline=0 sym=s93
  decl d3 fun combinedCondition suspend=0 inline=0 sym=s95
  decl d4 fun smartCastAfterNegatedIs suspend=0 inline=0 sym=s97
  decl d5 fun combinedOrCondition suspend=0 inline=0 sym=s99
expr e0 name(v) type=Any ref=s90
expr e1 isCheck expr=e0 type=t2 type=Boolean
expr e2 name(v) type=Any ref=s92
expr e3 isCheck! expr=e2 type=t5 type=Boolean
expr e4 name(v) type=Any ref=s94
expr e5 isCheck expr=e4 type=t8 type=Boolean
expr e6 name(v) type=String ref=s94
expr e7 memberCall recv=e6 callee=length args=[] type=Int
expr e8 return value=e7 type=Nothing
expr e9 blockExpr stmts=[] trailing=e8 type=Nothing
expr e10 if cond=e5 then=e9 else=_ type=Unit
expr e11 int(0) type=Int
expr e12 return value=e11 type=Nothing
expr e13 name(v) type=Any ref=s96
expr e14 isCheck expr=e13 type=t11 type=Boolean
expr e15 name(v) type=String ref=s96
expr e16 memberCall recv=e15 callee=length args=[] type=Int
expr e17 int(3) type=Int
expr e18 binary(greaterThan) lhs=e16 rhs=e17 type=Boolean
expr e19 binary(logicalAnd) lhs=e14 rhs=e18 type=Boolean
expr e20 name(v) type=String ref=s96
expr e21 return value=e20 type=Nothing
expr e22 blockExpr stmts=[] trailing=e21 type=Nothing
expr e23 if cond=e19 then=e22 else=_ type=Unit
expr e24 string() type=String
expr e25 return value=e24 type=Nothing
expr e26 name(v) type=Any ref=s98
expr e27 isCheck! expr=e26 type=t14 type=Boolean
expr e28 int(0) type=Int
expr e29 return value=e28 type=Nothing
expr e30 blockExpr stmts=[] trailing=e29 type=Nothing
expr e31 name(v) type=String ref=s98
expr e32 memberCall recv=e31 callee=length args=[] type=Int
expr e33 return value=e32 type=Nothing
expr e34 blockExpr stmts=[] trailing=e33 type=Nothing
expr e35 if cond=e27 then=e30 else=e34 type=Nothing
expr e36 name(v) type=Any ref=s100
expr e37 isCheck! expr=e36 type=t17 type=Boolean
expr e38 name(v) type=String ref=s100
expr e39 memberCall recv=e38 callee=length args=[] type=Int
expr e40 int(0) type=Int
expr e41 binary(equal) lhs=e39 rhs=e40 type=Boolean
expr e42 binary(logicalOr) lhs=e37 rhs=e41 type=Boolean
expr e43 string() type=String
expr e44 return value=e43 type=Nothing
expr e45 blockExpr stmts=[] trailing=e44 type=Nothing
expr e46 if cond=e42 then=e45 else=_ type=Unit
expr e47 name(v) type=Any ref=s100
expr e48 return value=e47 type=Nothing
