symbol s0 kind=package fq=golden.sema vis=public flags=_
symbol s1 kind=package fq=kotlin vis=public flags=synthetic
symbol s2 kind=package fq=kotlin.properties vis=public flags=synthetic
symbol s3 kind=interface fq=kotlin.properties.Lazy vis=public flags=synthetic
symbol s4 kind=interface fq=kotlin.properties.ReadWriteProperty vis=public flags=synthetic
symbol s5 kind=interface fq=kotlin.properties.ReadOnlyProperty vis=public flags=synthetic
symbol s6 kind=function fq=kotlin.lazy vis=public flags=synthetic sig=recv=_ params=[() -> Any] ret=Class#3 suspend=0 defaults=[] vararg=[]
symbol s7 kind=function fq=kotlin.lazy.mode vis=public flags=synthetic sig=recv=_ params=[Any,() -> Any] ret=Class#3 suspend=0 defaults=[] vararg=[]
symbol s8 kind=object fq=kotlin.properties.Delegates vis=public flags=synthetic type=Class#8
symbol s9 kind=function fq=kotlin.properties.Delegates.observable vis=public flags=synthetic sig=recv=Class#8 params=[Any] ret=Class#4 suspend=0 defaults=[] vararg=[]
symbol s10 kind=function fq=kotlin.properties.Delegates.vetoable vis=public flags=synthetic sig=recv=Class#8 params=[Any] ret=Class#4 suspend=0 defaults=[] vararg=[]
symbol s11 kind=function fq=golden.sema.useIt vis=public flags=_ sig=recv=_ params=[] ret=<error> suspend=0 defaults=[] vararg=[]
symbol s12 kind=function fq=golden.sema.useDestructuring vis=public flags=_ sig=recv=_ params=[] ret=<error> suspend=0 defaults=[] vararg=[]
file f0 package=golden.sema
  decl d0 fun useIt suspend=0 inline=0 sym=s11
  decl d1 fun useDestructuring suspend=0 inline=0 sym=s12
expr e0 name(listOf) type=<error>
expr e1 int(1) type=Int
expr e2 int(2) type=Int
expr e3 int(3) type=Int
expr e4 call callee=e0 args=[_:e1,_:e2,_:e3] type=Any
expr e5 memberCall recv=e4 callee=map args=[] type=Any
expr e6 name(listOf) type=_
expr e7 int(1) type=Int
expr e8 string(a) type=String
expr e9 memberCall recv=e7 callee=to args=[_:e8] type=<error>
expr e10 int(2) type=Int
expr e11 string(b) type=String
expr e12 memberCall recv=e10 callee=to args=[_:e11] type=<error>
expr e13 call callee=e6 args=[_:e9,_:e12] type=Any
expr e14 memberCall recv=e13 callee=map args=[] type=Any
