symbol s0 kind=package fq=_root_ vis=public flags=_
symbol s1 kind=package fq=kotlin vis=public flags=synthetic
symbol s2 kind=package fq=kotlin.properties vis=public flags=synthetic
symbol s3 kind=interface fq=kotlin.properties.Lazy vis=public flags=synthetic
symbol s4 kind=interface fq=kotlin.properties.ReadWriteProperty vis=public flags=synthetic
symbol s5 kind=interface fq=kotlin.properties.ReadOnlyProperty vis=public flags=synthetic
symbol s6 kind=function fq=kotlin.lazy vis=public flags=synthetic sig=recv=_ params=[() -> Any] ret=Class#3 suspend=0 defaults=[] vararg=[]
symbol s7 kind=function fq=kotlin.lazy.mode vis=public flags=synthetic sig=recv=_ params=[Any,() -> Any] ret=Class#3 suspend=0 defaults=[] vararg=[]
symbol s8 kind=object fq=kotlin.properties.Delegates vis=public flags=synthetic type=Class#8
symbol s9 kind=function fq=kotlin.properties.Delegates.observable vis=public flags=synthetic sig=recv=Class#8 params=[Any] ret=Class#4 suspend=0 defaults=[] vararg=[]
symbol s10 kind=function fq=kotlin.properties.Delegates.vetoable vis=public flags=synthetic sig=recv=Class#8 params=[Any] ret=Class#4 suspend=0 defaults=[] vararg=[]
symbol s11 kind=package fq=kotlin.collections vis=public flags=synthetic
symbol s12 kind=interface fq=kotlin.collections.List vis=public flags=synthetic
symbol s13 kind=typeParameter fq=kotlin.collections.List.E vis=private flags=_
symbol s14 kind=function fq=kotlin.collections.List.get vis=public flags=synthetic|operatorFunction sig=recv=Class#12<out T#13> params=[Int] ret=T#13 suspend=0 defaults=[] vararg=[]
symbol s15 kind=interface fq=kotlin.collections.MutableList vis=public flags=synthetic
symbol s16 kind=typeParameter fq=kotlin.collections.MutableList.E vis=private flags=_
symbol s17 kind=function fq=kotlin.collections.MutableList.set vis=public flags=synthetic|operatorFunction sig=recv=Class#15<T#16> params=[Int,T#16] ret=T#16 suspend=0 defaults=[] vararg=[]
symbol s18 kind=package fq=kotlin.text vis=public flags=synthetic
symbol s19 kind=function fq=kotlin.text.trim vis=public flags=synthetic sig=recv=String params=[] ret=String suspend=0 defaults=[] vararg=[]
symbol s20 kind=function fq=kotlin.text.split vis=public flags=synthetic sig=recv=String params=[String,Boolean,Int] ret=Class#12<out String> suspend=0 defaults=[0,1,1] vararg=[1,0,0]
symbol s21 kind=valueParameter fq=kotlin.text.split.delimiters vis=private flags=synthetic
symbol s22 kind=valueParameter fq=kotlin.text.split.ignoreCase vis=private flags=synthetic
symbol s23 kind=valueParameter fq=kotlin.text.split.limit vis=private flags=synthetic
symbol s24 kind=function fq=kotlin.text.replace vis=public flags=synthetic sig=recv=String params=[String,String,Boolean] ret=String suspend=0 defaults=[0,0,1] vararg=[0,0,0]
symbol s25 kind=valueParameter fq=kotlin.text.replace.oldValue vis=private flags=synthetic
symbol s26 kind=valueParameter fq=kotlin.text.replace.newValue vis=private flags=synthetic
symbol s27 kind=valueParameter fq=kotlin.text.replace.ignoreCase vis=private flags=synthetic
symbol s28 kind=function fq=kotlin.text.startsWith vis=public flags=synthetic sig=recv=String params=[String,Int,Boolean] ret=Boolean suspend=0 defaults=[0,1,1] vararg=[0,0,0]
symbol s29 kind=valueParameter fq=kotlin.text.startsWith.prefix vis=private flags=synthetic
symbol s30 kind=valueParameter fq=kotlin.text.startsWith.startIndex vis=private flags=synthetic
symbol s31 kind=valueParameter fq=kotlin.text.startsWith.ignoreCase vis=private flags=synthetic
symbol s32 kind=function fq=kotlin.text.endsWith vis=public flags=synthetic sig=recv=String params=[String,Boolean] ret=Boolean suspend=0 defaults=[0,1] vararg=[0,0]
symbol s33 kind=valueParameter fq=kotlin.text.endsWith.suffix vis=private flags=synthetic
symbol s34 kind=valueParameter fq=kotlin.text.endsWith.ignoreCase vis=private flags=synthetic
symbol s35 kind=function fq=kotlin.text.contains vis=public flags=synthetic sig=recv=String params=[String,Boolean] ret=Boolean suspend=0 defaults=[0,1] vararg=[0,0]
symbol s36 kind=valueParameter fq=kotlin.text.contains.other vis=private flags=synthetic
symbol s37 kind=valueParameter fq=kotlin.text.contains.ignoreCase vis=private flags=synthetic
symbol s38 kind=function fq=kotlin.text.toInt vis=public flags=synthetic sig=recv=String params=[] ret=Int suspend=0 defaults=[] vararg=[]
symbol s39 kind=function fq=kotlin.text.toDouble vis=public flags=synthetic sig=recv=String params=[] ret=Double suspend=0 defaults=[] vararg=[]
symbol s40 kind=function fq=kotlin.text.format vis=public flags=synthetic sig=recv=String params=[Any?] ret=String suspend=0 defaults=[0] vararg=[1]
symbol s41 kind=valueParameter fq=kotlin.text.format.args vis=private flags=synthetic
symbol s42 kind=function fq=typeCheck vis=public flags=_ sig=recv=_ params=[Any] ret=Boolean suspend=0 defaults=[0] vararg=[0]
symbol s43 kind=valueParameter fq=typeCheck.$42.v vis=private flags=_
symbol s44 kind=function fq=negatedTypeCheck vis=public flags=_ sig=recv=_ params=[Any] ret=Boolean suspend=0 defaults=[0] vararg=[0]
symbol s45 kind=valueParameter fq=negatedTypeCheck.$44.v vis=private flags=_
symbol s46 kind=function fq=unsafeCast vis=public flags=_ sig=recv=_ params=[Any] ret=String suspend=0 defaults=[0] vararg=[0]
symbol s47 kind=valueParameter fq=unsafeCast.$46.v vis=private flags=_
symbol s48 kind=function fq=safeCast vis=public flags=_ sig=recv=_ params=[Any] ret=String? suspend=0 defaults=[0] vararg=[0]
symbol s49 kind=valueParameter fq=safeCast.$48.v vis=private flags=_
symbol s50 kind=function fq=elvisOp vis=public flags=_ sig=recv=_ params=[String?] ret=String suspend=0 defaults=[0] vararg=[0]
symbol s51 kind=valueParameter fq=elvisOp.$50.v vis=private flags=_
symbol s52 kind=function fq=nullAssertOp vis=public flags=_ sig=recv=_ params=[String?] ret=String suspend=0 defaults=[0] vararg=[0]
symbol s53 kind=valueParameter fq=nullAssertOp.$52.v vis=private flags=_
symbol s54 kind=function fq=compoundAdd vis=public flags=_ sig=recv=_ params=[Int] ret=Int suspend=0 defaults=[0] vararg=[0]
symbol s55 kind=valueParameter fq=compoundAdd.$54.x vis=private flags=_
symbol s56 kind=function fq=compoundSub vis=public flags=_ sig=recv=_ params=[Int] ret=Int suspend=0 defaults=[0] vararg=[0]
symbol s57 kind=valueParameter fq=compoundSub.$56.x vis=private flags=_
symbol s58 kind=function fq=compoundMul vis=public flags=_ sig=recv=_ params=[Int] ret=Int suspend=0 defaults=[0] vararg=[0]
symbol s59 kind=valueParameter fq=compoundMul.$58.x vis=private flags=_
symbol s60 kind=function fq=compoundDiv vis=public flags=_ sig=recv=_ params=[Int] ret=Int suspend=0 defaults=[0] vararg=[0]
symbol s61 kind=valueParameter fq=compoundDiv.$60.x vis=private flags=_
symbol s62 kind=function fq=compoundMod vis=public flags=_ sig=recv=_ params=[Int] ret=Int suspend=0 defaults=[0] vararg=[0]
symbol s63 kind=valueParameter fq=compoundMod.$62.x vis=private flags=_
symbol s64 kind=function fq=safeCallExample vis=public flags=_ sig=recv=_ params=[String?] ret=Int? suspend=0 defaults=[0] vararg=[0]
symbol s65 kind=valueParameter fq=safeCallExample.$64.s vis=private flags=_
symbol s66 kind=function fq=arrayAssignExample vis=public flags=_ sig=recv=_ params=[] ret=Int suspend=0 defaults=[] vararg=[]
symbol s67 kind=local fq=__local_14.a vis=private flags=mutable
symbol s68 kind=local fq=__local_21.b vis=private flags=mutable
symbol s69 kind=local fq=__local_28.c vis=private flags=mutable
symbol s70 kind=local fq=__local_35.d vis=private flags=mutable
symbol s71 kind=local fq=__local_42.e vis=private flags=mutable
symbol s72 kind=local fq=__local_53.arr vis=private flags=mutable
file f0 package=_
  decl d0 fun typeCheck suspend=0 inline=0 sym=s42
  decl d1 fun negatedTypeCheck suspend=0 inline=0 sym=s44
  decl d2 fun unsafeCast suspend=0 inline=0 sym=s46
  decl d3 fun safeCast suspend=0 inline=0 sym=s48
  decl d4 fun elvisOp suspend=0 inline=0 sym=s50
  decl d5 fun nullAssertOp suspend=0 inline=0 sym=s52
  decl d6 fun compoundAdd suspend=0 inline=0 sym=s54
  decl d7 fun compoundSub suspend=0 inline=0 sym=s56
  decl d8 fun compoundMul suspend=0 inline=0 sym=s58
  decl d9 fun compoundDiv suspend=0 inline=0 sym=s60
  decl d10 fun compoundMod suspend=0 inline=0 sym=s62
  decl d11 fun safeCallExample suspend=0 inline=0 sym=s64
  decl d12 fun arrayAssignExample suspend=0 inline=0 sym=s66
expr e0 name(v) type=Any ref=s43
expr e1 isCheck expr=e0 type=t2 type=Boolean
expr e2 name(v) type=Any ref=s45
expr e3 isCheck! expr=e2 type=t5 type=Boolean
expr e4 name(v) type=Any ref=s47
expr e5 asCast expr=e4 type=t8 type=String
expr e6 name(v) type=Any ref=s49
expr e7 asCast? expr=e6 type=t11 type=String?
expr e8 name(v) type=String? ref=s51
expr e9 string(default) type=String
expr e10 binary(elvis) lhs=e8 rhs=e9 type=String
expr e11 name(v) type=String? ref=s53
expr e12 nullAssert expr=e11 type=String
expr e13 name(x) type=Int ref=s55
expr e14 localDecl a mutable=1 type=_ init=e13 type=Unit ref=s67
expr e15 name(a) type=_
expr e16 int(10) type=Int
expr e17 compoundAssign(plusAssign) name=a value=e16 type=Unit ref=s67
expr e18 name(a) type=Int ref=s67
expr e19 return value=e18 type=Nothing
expr e20 name(x) type=Int ref=s57
expr e21 localDecl b mutable=1 type=_ init=e20 type=Unit ref=s68
expr e22 name(b) type=_
expr e23 int(5) type=Int
expr e24 compoundAssign(minusAssign) name=b value=e23 type=Unit ref=s68
expr e25 name(b) type=Int ref=s68
expr e26 return value=e25 type=Nothing
expr e27 name(x) type=Int ref=s59
expr e28 localDecl c mutable=1 type=_ init=e27 type=Unit ref=s69
expr e29 name(c) type=_
expr e30 int(2) type=Int
expr e31 compoundAssign(timesAssign) name=c value=e30 type=Unit ref=s69
expr e32 name(c) type=Int ref=s69
expr e33 return value=e32 type=Nothing
expr e34 name(x) type=Int ref=s61
expr e35 localDecl d mutable=1 type=_ init=e34 type=Unit ref=s70
expr e36 name(d) type=_
expr e37 int(3) type=Int
expr e38 compoundAssign(divAssign) name=d value=e37 type=Unit ref=s70
expr e39 name(d) type=Int ref=s70
expr e40 return value=e39 type=Nothing
expr e41 name(x) type=Int ref=s63
expr e42 localDecl e mutable=1 type=_ init=e41 type=Unit ref=s71
expr e43 name(e) type=_
expr e44 int(4) type=Int
expr e45 compoundAssign(modAssign) name=e value=e44 type=Unit ref=s71
expr e46 name(e) type=Int ref=s71
expr e47 return value=e46 type=Nothing
expr e48 name(s) type=String? ref=s65
expr e49 safeMemberCall recv=e48 callee=hashCode args=[] type=Any?
expr e50 name(IntArray) type=_
expr e51 int(3) type=Int
expr e52 call callee=e50 args=[_:e51] type=Any
expr e53 localDecl arr mutable=1 type=_ init=e52 type=Unit ref=s72
expr e54 name(arr) type=Any ref=s72
expr e55 int(0) type=Int
expr e56 indexedAccess receiver=e54 indices=[e55] type=_
expr e57 int(42) type=Int
expr e58 indexedAssign receiver=e54 indices=[e55] value=e57 type=Unit
expr e59 name(arr) type=Any ref=s72
expr e60 int(0) type=Int
expr e61 indexedAccess receiver=e59 indices=[e60] type=Any
expr e62 return value=e61 type=Nothing
