symbol s0 kind=package fq=golden.sema vis=public flags=_
symbol s1 kind=class fq=golden.sema.LazyHolder vis=public flags=_
symbol s2 kind=constructor fq=golden.sema.LazyHolder.<init> vis=public flags=_ sig=recv=Class#1 params=[] ret=Class#1 suspend=0 defaults=[] vararg=[]
symbol s3 kind=property fq=golden.sema.LazyHolder.x vis=public flags=_ type=Int
symbol s4 kind=field fq=golden.sema.LazyHolder.$delegate_x vis=private flags=_
symbol s5 kind=class fq=golden.sema.CustomDelegate vis=public flags=_
symbol s6 kind=constructor fq=golden.sema.CustomDelegate.<init> vis=public flags=_ sig=recv=Class#5 params=[] ret=Class#5 suspend=0 defaults=[] vararg=[]
symbol s7 kind=function fq=golden.sema.CustomDelegate.getValue vis=public flags=operatorFunction sig=recv=Class#5 params=[Any?,Any?] ret=String suspend=0 defaults=[0,0] vararg=[0,0]
symbol s8 kind=valueParameter fq=golden.sema.CustomDelegate.getValue.$7.thisRef vis=private flags=_
symbol s9 kind=valueParameter fq=golden.sema.CustomDelegate.getValue.$7.property vis=private flags=_
symbol s10 kind=function fq=golden.sema.CustomDelegate.setValue vis=public flags=operatorFunction sig=recv=Class#5 params=[Any?,Any?] ret=Unit suspend=0 defaults=[0,0] vararg=[0,0]
symbol s11 kind=valueParameter fq=golden.sema.CustomDelegate.setValue.$10.thisRef vis=private flags=_
symbol s12 kind=valueParameter fq=golden.sema.CustomDelegate.setValue.$10.property vis=private flags=_
symbol s13 kind=class fq=golden.sema.Holder vis=public flags=_
symbol s14 kind=constructor fq=golden.sema.Holder.<init> vis=public flags=_ sig=recv=Class#13 params=[] ret=Class#13 suspend=0 defaults=[] vararg=[]
symbol s15 kind=property fq=golden.sema.Holder.name vis=public flags=_ type=String
symbol s16 kind=field fq=golden.sema.Holder.$delegate_name vis=private flags=_
symbol s17 kind=property fq=golden.sema.Holder.mutable vis=public flags=mutable type=String
symbol s18 kind=field fq=golden.sema.Holder.$delegate_mutable vis=private flags=_
file f0 package=golden.sema
  decl d1 class LazyHolder sym=s1
  decl d4 class CustomDelegate sym=s5
  decl d7 class Holder sym=s13
expr e0 name(lazy) type=Int ref=s3
expr e1 string(hello) type=String
expr e2 name(CustomDelegate) type=_
expr e3 call callee=e2 args=[] type=Class#5 call=s6 map=[] targs=[]
expr e4 name(CustomDelegate) type=_
expr e5 call callee=e4 args=[] type=Class#5 ref=s15 call=s6 map=[] targs=[]
