symbol s0 kind=package fq=golden.sema vis=public flags=_
symbol s1 kind=package fq=kotlin vis=public flags=synthetic
symbol s2 kind=package fq=kotlin.properties vis=public flags=synthetic
symbol s3 kind=interface fq=kotlin.properties.Lazy vis=public flags=synthetic
symbol s4 kind=interface fq=kotlin.properties.ReadWriteProperty vis=public flags=synthetic
symbol s5 kind=interface fq=kotlin.properties.ReadOnlyProperty vis=public flags=synthetic
symbol s6 kind=function fq=kotlin.lazy vis=public flags=synthetic sig=recv=_ params=[() -> Any] ret=Class#3 suspend=0 defaults=[] vararg=[]
symbol s7 kind=function fq=kotlin.lazy.mode vis=public flags=synthetic sig=recv=_ params=[Any,() -> Any] ret=Class#3 suspend=0 defaults=[] vararg=[]
symbol s8 kind=object fq=kotlin.properties.Delegates vis=public flags=synthetic type=Class#8
symbol s9 kind=function fq=kotlin.properties.Delegates.observable vis=public flags=synthetic sig=recv=Class#8 params=[Any] ret=Class#4 suspend=0 defaults=[] vararg=[]
symbol s10 kind=function fq=kotlin.properties.Delegates.vetoable vis=public flags=synthetic sig=recv=Class#8 params=[Any] ret=Class#4 suspend=0 defaults=[] vararg=[]
symbol s11 kind=package fq=kotlin.collections vis=public flags=synthetic
symbol s12 kind=interface fq=kotlin.collections.List vis=public flags=synthetic
symbol s13 kind=typeParameter fq=kotlin.collections.List.E vis=private flags=_
symbol s14 kind=function fq=kotlin.collections.List.get vis=public flags=synthetic|operatorFunction sig=recv=Class#12<out T#13> params=[Int] ret=T#13 suspend=0 defaults=[] vararg=[]
symbol s15 kind=interface fq=kotlin.collections.MutableList vis=public flags=synthetic
symbol s16 kind=typeParameter fq=kotlin.collections.MutableList.E vis=private flags=_
symbol s17 kind=function fq=kotlin.collections.MutableList.set vis=public flags=synthetic|operatorFunction sig=recv=Class#15<T#16> params=[Int,T#16] ret=T#16 suspend=0 defaults=[] vararg=[]
symbol s18 kind=interface fq=golden.sema.Action vis=public flags=funInterface
symbol s19 kind=function fq=golden.sema.Action.run vis=public flags=abstractType sig=recv=Class#18 params=[] ret=Unit suspend=0 defaults=[] vararg=[]
symbol s20 kind=function fq=golden.sema.execute vis=public flags=_ sig=recv=_ params=[Class#18] ret=Unit suspend=0 defaults=[0] vararg=[0]
symbol s21 kind=valueParameter fq=golden.sema.execute.$20.action vis=private flags=_
symbol s22 kind=function fq=golden.sema.useSam vis=public flags=_ sig=recv=_ params=[] ret=Any suspend=0 defaults=[] vararg=[]
file f0 package=golden.sema
  decl d1 interface Action sym=s18
  decl d2 fun execute suspend=0 inline=0 sym=s20
  decl d3 fun useSam suspend=0 inline=0 sym=s22
expr e0 name(action) type=Class#18 ref=s21
expr e1 memberCall recv=e0 callee=run args=[] type=Unit call=s19 map=[] targs=[]
expr e2 name(execute) type=Any
expr e3 name(println) type=_
expr e4 string(hello) type=String
expr e5 call callee=e3 args=[_:e4] type=Unit
expr e6 lambda params=[] body=e5 type=() -> Unit
expr e7 call callee=e2 args=[_:e6] type=<error>
