symbol s0 kind=package fq=_root_ vis=public flags=_
symbol s1 kind=class fq=Animal vis=public flags=sealedType
symbol s2 kind=constructor fq=Animal.<init> vis=public flags=_ sig=recv=Class#1 params=[] ret=Class#1 suspend=0 defaults=[] vararg=[]
symbol s3 kind=class fq=Dog vis=public flags=_
symbol s4 kind=constructor fq=Dog.<init> vis=public flags=_ sig=recv=Class#3 params=[] ret=Class#3 suspend=0 defaults=[] vararg=[]
symbol s5 kind=class fq=Cat vis=public flags=_
symbol s6 kind=constructor fq=Cat.<init> vis=public flags=_ sig=recv=Class#5 params=[] ret=Class#5 suspend=0 defaults=[] vararg=[]
symbol s7 kind=class fq=Bird vis=public flags=_
symbol s8 kind=constructor fq=Bird.<init> vis=public flags=_ sig=recv=Class#7 params=[] ret=Class#7 suspend=0 defaults=[] vararg=[]
symbol s9 kind=function fq=describeAnimal vis=public flags=_ sig=recv=_ params=[Class#1] ret=String suspend=0 defaults=[0] vararg=[0]
symbol s10 kind=valueParameter fq=describeAnimal.$9.a vis=private flags=_
file f0 package=_
  decl d0 class Animal sym=s1
  decl d1 class Dog sym=s3
  decl d2 class Cat sym=s5
  decl d3 class Bird sym=s7
  decl d4 fun describeAnimal suspend=0 inline=0 sym=s9
expr e0 name(a) type=Class#1 ref=s10
expr e1 name(is) type=<error>
expr e2 name(Dog) type=Any ref=s3
expr e3 string(dog) type=_
expr e4 isCheck expr=e3 type=t5 type=_
expr e5 string(cat) type=String
expr e6 when subject=e0 branches=[e1->e2] else=e5 type=Any?
expr e7 return value=e6 type=Any?
