symbol s0 kind=package fq=_root_ vis=public flags=_
symbol s1 kind=package fq=kotlin vis=public flags=synthetic
symbol s2 kind=package fq=kotlin.properties vis=public flags=synthetic
symbol s3 kind=interface fq=kotlin.properties.Lazy vis=public flags=synthetic
symbol s4 kind=interface fq=kotlin.properties.ReadWriteProperty vis=public flags=synthetic
symbol s5 kind=interface fq=kotlin.properties.ReadOnlyProperty vis=public flags=synthetic
symbol s6 kind=function fq=kotlin.lazy vis=public flags=synthetic sig=recv=_ params=[() -> Any] ret=Class#3 suspend=0 defaults=[] vararg=[]
symbol s7 kind=function fq=kotlin.lazy.mode vis=public flags=synthetic sig=recv=_ params=[Any,() -> Any] ret=Class#3 suspend=0 defaults=[] vararg=[]
symbol s8 kind=object fq=kotlin.properties.Delegates vis=public flags=synthetic type=Class#8
symbol s9 kind=function fq=kotlin.properties.Delegates.observable vis=public flags=synthetic sig=recv=Class#8 params=[Any] ret=Class#4 suspend=0 defaults=[] vararg=[]
symbol s10 kind=function fq=kotlin.properties.Delegates.vetoable vis=public flags=synthetic sig=recv=Class#8 params=[Any] ret=Class#4 suspend=0 defaults=[] vararg=[]
symbol s11 kind=package fq=kotlin.collections vis=public flags=synthetic
symbol s12 kind=interface fq=kotlin.collections.List vis=public flags=synthetic
symbol s13 kind=typeParameter fq=kotlin.collections.List.E vis=private flags=_
symbol s14 kind=function fq=kotlin.collections.List.get vis=public flags=synthetic|operatorFunction sig=recv=Class#12<out T#13> params=[Int] ret=T#13 suspend=0 defaults=[] vararg=[]
symbol s15 kind=interface fq=kotlin.collections.MutableList vis=public flags=synthetic
symbol s16 kind=typeParameter fq=kotlin.collections.MutableList.E vis=private flags=_
symbol s17 kind=function fq=kotlin.collections.MutableList.set vis=public flags=synthetic|operatorFunction sig=recv=Class#15<T#16> params=[Int,T#16] ret=T#16 suspend=0 defaults=[] vararg=[]
symbol s18 kind=interface fq=kotlin.Comparable vis=public flags=synthetic
symbol s19 kind=typeParameter fq=kotlin.Comparable.T vis=private flags=_
symbol s20 kind=function fq=kotlin.Comparable.compareTo vis=public flags=synthetic|operatorFunction sig=recv=Class#18<T#19> params=[T#19] ret=Int suspend=0 defaults=[] vararg=[]
symbol s21 kind=class fq=Shape vis=public flags=sealedType
symbol s22 kind=constructor fq=Shape.<init> vis=public flags=_ sig=recv=Class#21 params=[] ret=Class#21 suspend=0 defaults=[] vararg=[]
symbol s23 kind=class fq=Circle vis=public flags=_
symbol s24 kind=constructor fq=Circle.<init> vis=public flags=_ sig=recv=Class#23 params=[] ret=Class#23 suspend=0 defaults=[] vararg=[]
symbol s25 kind=class fq=Rectangle vis=public flags=_
symbol s26 kind=constructor fq=Rectangle.<init> vis=public flags=_ sig=recv=Class#25 params=[] ret=Class#25 suspend=0 defaults=[] vararg=[]
symbol s27 kind=class fq=Triangle vis=public flags=_
symbol s28 kind=constructor fq=Triangle.<init> vis=public flags=_ sig=recv=Class#27 params=[] ret=Class#27 suspend=0 defaults=[] vararg=[]
symbol s29 kind=function fq=describeShape vis=public flags=_ sig=recv=_ params=[Class#21] ret=String suspend=0 defaults=[0] vararg=[0]
symbol s30 kind=valueParameter fq=describeShape.$29.s vis=private flags=_
file f0 package=_
  decl d0 class Shape sym=s21
  decl d1 class Circle sym=s23
  decl d2 class Rectangle sym=s25
  decl d3 class Triangle sym=s27
  decl d4 fun describeShape suspend=0 inline=0 sym=s29
expr e0 name(s) type=Class#21 ref=s30
expr e1 isCheck expr=e0 type=t5 type=Boolean
expr e2 string(circle) type=String
expr e3 isCheck expr=e0 type=t6 type=Boolean
expr e4 string(rectangle) type=String
expr e5 isCheck expr=e0 type=t7 type=Boolean
expr e6 string(triangle) type=String
expr e7 when subject=e0 branches=[e1->e2,e3->e4,e5->e6] else=_ type=String
expr e8 return value=e7 type=Nothing
