symbol s0 kind=package fq=_root_ vis=public flags=_
symbol s1 kind=package fq=kotlin vis=public flags=synthetic
symbol s2 kind=package fq=kotlin.properties vis=public flags=synthetic
symbol s3 kind=interface fq=kotlin.properties.Lazy vis=public flags=synthetic
symbol s4 kind=interface fq=kotlin.properties.ReadWriteProperty vis=public flags=synthetic
symbol s5 kind=interface fq=kotlin.properties.ReadOnlyProperty vis=public flags=synthetic
symbol s6 kind=function fq=kotlin.lazy vis=public flags=synthetic sig=recv=_ params=[() -> Any] ret=Class#3 suspend=0 defaults=[] vararg=[]
symbol s7 kind=function fq=kotlin.lazy.mode vis=public flags=synthetic sig=recv=_ params=[Any,() -> Any] ret=Class#3 suspend=0 defaults=[] vararg=[]
symbol s8 kind=object fq=kotlin.properties.Delegates vis=public flags=synthetic type=Class#8
symbol s9 kind=function fq=kotlin.properties.Delegates.observable vis=public flags=synthetic sig=recv=Class#8 params=[Any] ret=Class#4 suspend=0 defaults=[] vararg=[]
symbol s10 kind=function fq=kotlin.properties.Delegates.vetoable vis=public flags=synthetic sig=recv=Class#8 params=[Any] ret=Class#4 suspend=0 defaults=[] vararg=[]
symbol s11 kind=function fq=whileNullCheck vis=public flags=_ sig=recv=_ params=[Int?] ret=Int suspend=0 defaults=[0] vararg=[0]
symbol s12 kind=valueParameter fq=whileNullCheck.$11.x vis=private flags=_
symbol s13 kind=local fq=__local_1.y vis=private flags=_
file f0 package=_
  decl d0 fun whileNullCheck suspend=0 inline=0 sym=s11
expr e0 int(0) type=Int
expr e1 localDecl y mutable=0 type=t2 init=e0 type=Unit ref=s13
expr e2 name(x) type=Int? ref=s12
expr e3 name(null) type=Nothing?
expr e4 binary(notEqual) lhs=e2 rhs=e3 type=Boolean
expr e5 name(x) type=Int ref=s12
expr e6 return value=e5 type=Nothing
expr e7 blockExpr stmts=[] trailing=e6 type=Nothing
expr e8 while cond=e4 body=e7 type=Unit
expr e9 name(y) type=Int ref=s13
expr e10 return value=e9 type=Nothing
