symbol fq=golden.sema.uintRangeContainsUByte kind=function vis=public flags=_ sig=recv=_ params=[kotlin.ranges.UIntRange,UByte] ret=Boolean
symbol fq=golden.sema.uintRangeContainsUByte.$0.range kind=valueParameter vis=private flags=_
symbol fq=golden.sema.uintRangeContainsUByte.$0.value kind=valueParameter vis=private flags=_
symbol fq=golden.sema.uintRangeContainsUByteIn kind=function vis=public flags=_ sig=recv=_ params=[kotlin.ranges.UIntRange,UByte] ret=Boolean
symbol fq=golden.sema.uintRangeContainsUByteIn.$1.range kind=valueParameter vis=private flags=_
symbol fq=golden.sema.uintRangeContainsUByteIn.$1.value kind=valueParameter vis=private flags=_
symbol fq=golden.sema.uintRangeContainsULong kind=function vis=public flags=_ sig=recv=_ params=[kotlin.ranges.UIntRange,ULong] ret=Boolean
symbol fq=golden.sema.uintRangeContainsULong.$2.range kind=valueParameter vis=private flags=_
symbol fq=golden.sema.uintRangeContainsULong.$2.value kind=valueParameter vis=private flags=_
symbol fq=golden.sema.uintRangeContainsULongIn kind=function vis=public flags=_ sig=recv=_ params=[kotlin.ranges.UIntRange,ULong] ret=Boolean
symbol fq=golden.sema.uintRangeContainsULongIn.$3.range kind=valueParameter vis=private flags=_
symbol fq=golden.sema.uintRangeContainsULongIn.$3.value kind=valueParameter vis=private flags=_
symbol fq=golden.sema.uintRangeContainsUShort kind=function vis=public flags=_ sig=recv=_ params=[kotlin.ranges.UIntRange,UShort] ret=Boolean
symbol fq=golden.sema.uintRangeContainsUShort.$4.range kind=valueParameter vis=private flags=_
symbol fq=golden.sema.uintRangeContainsUShort.$4.value kind=valueParameter vis=private flags=_
symbol fq=golden.sema.uintRangeContainsUShortIn kind=function vis=public flags=_ sig=recv=_ params=[kotlin.ranges.UIntRange,UShort] ret=Boolean
symbol fq=golden.sema.uintRangeContainsUShortIn.$5.range kind=valueParameter vis=private flags=_
symbol fq=golden.sema.uintRangeContainsUShortIn.$5.value kind=valueParameter vis=private flags=_
symbol fq=kotlin.ranges.UIntRange kind=class vis=public flags=synthetic
file fstdlib_kotlin_ranges_UIntRange_cross_contains_n package=golden.sema
  decl golden.sema.uintRangeContainsUByte fun uintRangeContainsUByte sym=golden.sema.uintRangeContainsUByte
  decl golden.sema.uintRangeContainsULong fun uintRangeContainsULong sym=golden.sema.uintRangeContainsULong
  decl golden.sema.uintRangeContainsUShort fun uintRangeContainsUShort sym=golden.sema.uintRangeContainsUShort
  decl golden.sema.uintRangeContainsUByteIn fun uintRangeContainsUByteIn sym=golden.sema.uintRangeContainsUByteIn
  decl golden.sema.uintRangeContainsULongIn fun uintRangeContainsULongIn sym=golden.sema.uintRangeContainsULongIn
  decl golden.sema.uintRangeContainsUShortIn fun uintRangeContainsUShortIn sym=golden.sema.uintRangeContainsUShortIn
expr e@4:5 name(range) type=kotlin.ranges.UIntRange ref=golden.sema.uintRangeContainsUByte.$0.range
expr e@4:20 name(value) type=UByte ref=golden.sema.uintRangeContainsUByte.$0.value
expr e@4:5#1 memberCall recv=e@4:5 callee=contains args=[_:e@4:20] type=Boolean call=kotlin.ranges.contains#23
expr e@7:5 name(range) type=kotlin.ranges.UIntRange ref=golden.sema.uintRangeContainsULong.$2.range
expr e@7:20 name(value) type=ULong ref=golden.sema.uintRangeContainsULong.$2.value
expr e@7:5#1 memberCall recv=e@7:5 callee=contains args=[_:e@7:20] type=Boolean call=kotlin.ranges.contains#25
expr e@10:5 name(range) type=kotlin.ranges.UIntRange ref=golden.sema.uintRangeContainsUShort.$4.range
expr e@10:20 name(value) type=UShort ref=golden.sema.uintRangeContainsUShort.$4.value
expr e@10:5#1 memberCall recv=e@10:5 callee=contains args=[_:e@10:20] type=Boolean call=kotlin.ranges.contains#26
expr e@13:5 name(value) type=UByte ref=golden.sema.uintRangeContainsUByteIn.$1.value
expr e@13:14 name(range) type=kotlin.ranges.UIntRange ref=golden.sema.uintRangeContainsUByteIn.$1.range
expr e@13:5#1 inExpr lhs=e@13:5 rhs=e@13:14 type=Boolean call=kotlin.ranges.contains#23
expr e@16:5 name(value) type=ULong ref=golden.sema.uintRangeContainsULongIn.$3.value
expr e@16:14 name(range) type=kotlin.ranges.UIntRange ref=golden.sema.uintRangeContainsULongIn.$3.range
expr e@16:5#1 inExpr lhs=e@16:5 rhs=e@16:14 type=Boolean call=kotlin.ranges.contains#25
expr e@19:5 name(value) type=UShort ref=golden.sema.uintRangeContainsUShortIn.$5.value
expr e@19:14 name(range) type=kotlin.ranges.UIntRange ref=golden.sema.uintRangeContainsUShortIn.$5.range
expr e@19:5#1 inExpr lhs=e@19:5 rhs=e@19:14 type=Boolean call=kotlin.ranges.contains#26
