symbol fq=golden.sema.continuationInterceptorKey[kind=fun;params=] kind=function vis=public flags=_ sig=recv=_ params=[] ret=kotlin.coroutines.CoroutineContext.Key<kotlin.coroutines.ContinuationInterceptor>
symbol fq=kotlin.coroutines.ContinuationInterceptor[kind=iface] kind=interface vis=public flags=_ type=kotlin.coroutines.ContinuationInterceptor
symbol fq=kotlin.coroutines.CoroutineContext.Key.$synthetic.E[kind=tparam] kind=typeParameter vis=private flags=synthetic
symbol fq=kotlin.coroutines.CoroutineContext.Key[kind=iface] kind=interface vis=internal flags=synthetic type=kotlin.coroutines.CoroutineContext.Key<kotlin.coroutines.CoroutineContext.Key.$synthetic.E>
file fstdlib_kotlin_coroutines_ContinuationInterceptor_n_n package=golden.sema
  decl golden.sema.continuationInterceptorKey[kind=fun;params=] fun continuationInterceptorKey sym=golden.sema.continuationInterceptorKey[kind=fun;params=]
expr e@7:5 name(ContinuationInterceptor) type=kotlin.coroutines.ContinuationInterceptor ref=kotlin.coroutines.ContinuationInterceptor[kind=iface]
expr e@7:5#1 memberCall recv=e@7:5 callee=Key args=[] type=kotlin.coroutines.ContinuationInterceptor.Key ref=kotlin.coroutines.ContinuationInterceptor.Key[kind=obj]
