symbol fq=golden.sema.arguments kind=function vis=public flags=_ sig=recv=_ params=[kotlin.reflect.KType] ret=kotlin.collections.List<kotlin.reflect.KTypeProjection>
symbol fq=golden.sema.arguments.$0.type kind=valueParameter vis=private flags=_
symbol fq=golden.sema.classifier kind=function vis=public flags=_ sig=recv=_ params=[kotlin.reflect.KType] ret=kotlin.reflect.KClassifier?
symbol fq=golden.sema.classifier.$1.type kind=valueParameter vis=private flags=_
symbol fq=golden.sema.markedNullable kind=function vis=public flags=_ sig=recv=_ params=[kotlin.reflect.KType] ret=Boolean
symbol fq=golden.sema.markedNullable.$2.type kind=valueParameter vis=private flags=_
symbol fq=kotlin.collections.List kind=interface vis=public flags=synthetic
symbol fq=kotlin.reflect.KClassifier kind=interface vis=public flags=synthetic
symbol fq=kotlin.reflect.KType kind=interface vis=public flags=_
file fstdlib_kotlin_reflect_KType_KType_n package=golden.sema
  decl golden.sema.classifier fun classifier sym=golden.sema.classifier
  decl golden.sema.arguments fun arguments sym=golden.sema.arguments
  decl golden.sema.markedNullable fun markedNullable sym=golden.sema.markedNullable
expr e@7:45 name(type) type=kotlin.reflect.KType ref=golden.sema.classifier.$1.type
expr e@7:45#1 memberCall recv=e@7:45 callee=classifier args=[] type=kotlin.reflect.KClassifier? ref=kotlin.reflect.KType.classifier
expr e@9:53 name(type) type=kotlin.reflect.KType ref=golden.sema.arguments.$0.type
expr e@9:53#1 memberCall recv=e@9:53 callee=arguments args=[] type=kotlin.collections.List<out kotlin.reflect.KTypeProjection> ref=kotlin.reflect.KType.arguments
expr e@11:44 name(type) type=kotlin.reflect.KType ref=golden.sema.markedNullable.$2.type
expr e@11:44#1 memberCall recv=e@11:44 callee=isMarkedNullable args=[] type=Boolean ref=kotlin.reflect.KType.isMarkedNullable
