symbol fq=golden.sema.useReplace kind=function vis=public flags=_ sig=recv=_ params=[] ret=String
symbol fq=golden.sema.useReplaceFirst kind=function vis=public flags=_ sig=recv=_ params=[] ret=String
symbol fq=golden.sema.useReplaceFirstIgnoreCase kind=function vis=public flags=_ sig=recv=_ params=[] ret=String
symbol fq=golden.sema.useReplaceRange kind=function vis=public flags=_ sig=recv=_ params=[] ret=String
symbol fq=golden.sema.useSplit kind=function vis=public flags=_ sig=recv=_ params=[] ret=kotlin.collections.List<String>
symbol fq=kotlin.CharSequence kind=interface vis=public flags=_ type=kotlin.CharSequence
symbol fq=kotlin.collections.List kind=interface vis=public flags=_
symbol fq=kotlin.ranges.IntRange kind=class vis=public flags=synthetic
file fstring_replace_split package=golden.sema
  decl golden.sema.useReplace fun useReplace sym=golden.sema.useReplace
  decl golden.sema.useReplaceFirst fun useReplaceFirst sym=golden.sema.useReplaceFirst
  decl golden.sema.useReplaceFirstIgnoreCase fun useReplaceFirstIgnoreCase sym=golden.sema.useReplaceFirstIgnoreCase
  decl golden.sema.useReplaceRange fun useReplaceRange sym=golden.sema.useReplaceRange
  decl golden.sema.useSplit fun useSplit sym=golden.sema.useSplit
expr e@4:28 string(abc) type=String
expr e@4:42 string(a) type=String
expr e@4:47 string(z) type=String
expr e@4:28#1 memberCall recv=e@4:28 callee=replace args=[_:e@4:42,_:e@4:47] type=String call=kotlin.text.replace#1
expr e@6:33 string(abcabc) type=String
expr e@6:55 string(abc) type=String
expr e@6:62 string(X) type=String
expr e@6:33#1 memberCall recv=e@6:33 callee=replaceFirst args=[_:e@6:55,_:e@6:62] type=String call=kotlin.text.replaceFirst#1
expr e@8:43 string(abcABC) type=String
expr e@8:65 string(abc) type=String
expr e@8:72 string(X) type=String
expr e@8:90 bool(true) type=Boolean
expr e@8:43#1 memberCall recv=e@8:43 callee=replaceFirst args=[_:e@8:65,_:e@8:72,ignoreCase:e@8:90] type=String call=kotlin.text.replaceFirst#1
expr e@10:33 string(hello) type=String
expr e@10:54 int(0) type=Int
expr e@10:57 int(2) type=Int
expr e@10:54#1 binary(rangeTo) lhs=e@10:54 rhs=e@10:57 type=Int
expr e@10:60 string(HE) type=String
expr e@10:33#1 memberCall recv=e@10:33 callee=replaceRange args=[_:e@10:54#1,_:e@10:60] type=String call=kotlin.text.replaceRange#1
expr e@12:32 string(1,2,3) type=String
expr e@12:46 string(,) type=String
expr e@12:32#1 memberCall recv=e@12:32 callee=split args=[_:e@12:46] type=kotlin.collections.List<String> call=kotlin.text.split#0
