symbol fq=golden.sema.useFirst kind=function vis=public flags=_ sig=recv=_ params=[] ret=Char
symbol fq=golden.sema.useFirstOrNull kind=function vis=public flags=_ sig=recv=_ params=[] ret=Char?
symbol fq=golden.sema.useFormat kind=function vis=public flags=_ sig=recv=_ params=[] ret=String
symbol fq=golden.sema.useIsBlank kind=function vis=public flags=_ sig=recv=_ params=[] ret=Boolean
symbol fq=golden.sema.useIsEmpty kind=function vis=public flags=_ sig=recv=_ params=[] ret=Boolean
symbol fq=golden.sema.useIsNotBlank kind=function vis=public flags=_ sig=recv=_ params=[] ret=Boolean
symbol fq=golden.sema.useIsNotEmpty kind=function vis=public flags=_ sig=recv=_ params=[] ret=Boolean
symbol fq=kotlin.CharSequence kind=interface vis=public flags=_ type=kotlin.CharSequence
symbol fq=kotlin.text.format kind=function vis=public flags=synthetic sig=recv=String params=[Any?] ret=String vararg=[1]
symbol fq=kotlin.text.format.args kind=valueParameter vis=private flags=synthetic
file fstring_format_blankness package=golden.sema
  decl golden.sema.useFormat fun useFormat sym=golden.sema.useFormat
  decl golden.sema.useIsEmpty fun useIsEmpty sym=golden.sema.useIsEmpty
  decl golden.sema.useIsNotEmpty fun useIsNotEmpty sym=golden.sema.useIsNotEmpty
  decl golden.sema.useIsBlank fun useIsBlank sym=golden.sema.useIsBlank
  decl golden.sema.useIsNotBlank fun useIsNotBlank sym=golden.sema.useIsNotBlank
  decl golden.sema.useFirst fun useFirst sym=golden.sema.useFirst
  decl golden.sema.useFirstOrNull fun useFirstOrNull sym=golden.sema.useFirstOrNull
expr e@4:27 string(%s:%d) type=String
expr e@4:42 string(age) type=String
expr e@4:49 int(7) type=Int
expr e@4:27#1 memberCall recv=e@4:27 callee=format args=[_:e@4:42,_:e@4:49] type=String call=kotlin.text.format
expr e@6:29 string() type=String
expr e@6:29#1 memberCall recv=e@6:29 callee=isEmpty args=[] type=Boolean call=kotlin.text.isEmpty
expr e@8:32 string(x) type=String
expr e@8:32#1 memberCall recv=e@8:32 callee=isNotEmpty args=[] type=Boolean call=kotlin.text.isNotEmpty
expr e@10:29 string(  ) type=String
expr e@10:29#1 memberCall recv=e@10:29 callee=isBlank args=[] type=Boolean call=kotlin.text.isBlank
expr e@12:32 string(x) type=String
expr e@12:32#1 memberCall recv=e@12:32 callee=isNotBlank args=[] type=Boolean call=kotlin.text.isNotBlank
expr e@14:24 string(hello) type=String
expr e@14:24#1 memberCall recv=e@14:24 callee=first args=[] type=Char call=kotlin.text.first#0
expr e@16:31 string() type=String
expr e@16:31#1 memberCall recv=e@16:31 callee=firstOrNull args=[] type=Char? call=kotlin.text.firstOrNull#0
