symbol s0 kind=interface fq=kotlin.collections.List vis=public flags=synthetic
symbol s1 kind=function fq=kotlin.text.split vis=public flags=synthetic sig=recv=String params=[String,Boolean] ret=Class#0<out String> suspend=0 defaults=[0,0] vararg=[0,0]
symbol s2 kind=function fq=kotlin.text.split vis=public flags=synthetic sig=recv=String params=[String,Boolean,Int] ret=Class#0<out String> suspend=0 defaults=[0,0,0] vararg=[0,0,0]
symbol s3 kind=function fq=golden.sema.useSplitIgnoreCase vis=public flags=_ sig=recv=_ params=[] ret=Class#0<String> suspend=0 defaults=[] vararg=[]
symbol s4 kind=function fq=golden.sema.useSplitIgnoreCaseLimit vis=public flags=_ sig=recv=_ params=[] ret=Class#0<String> suspend=0 defaults=[] vararg=[]
symbol s5 kind=function fq=golden.sema.useSplitLimit vis=public flags=_ sig=recv=_ params=[] ret=Class#0<String> suspend=0 defaults=[] vararg=[]
file f0 package=golden.sema
  decl d0 fun useSplitIgnoreCase suspend=0 inline=0 sym=s3
  decl d1 fun useSplitIgnoreCaseLimit suspend=0 inline=0 sym=s4
  decl d2 fun useSplitLimit suspend=0 inline=0 sym=s5
expr e0 string(aXbXc) type=String
expr e1 string(x) type=String
expr e2 bool(true) type=Boolean
expr e3 memberCall recv=e0 callee=split args=[_:e1,ignoreCase:e2] type=Class#0<out String> call=s1 map=[0->0,1->1] targs=[]
expr e4 string(aXbXcXd) type=String
expr e5 string(x) type=String
expr e6 bool(true) type=Boolean
expr e7 int(2) type=Int
expr e8 memberCall recv=e4 callee=split args=[_:e5,ignoreCase:e6,limit:e7] type=Class#0<out String> call=s2 map=[0->0,1->1,2->2] targs=[]
expr e9 string(a,b,c,d) type=String
expr e10 string(,) type=String
expr e11 bool(false) type=Boolean
expr e12 int(3) type=Int
expr e13 memberCall recv=e9 callee=split args=[_:e10,ignoreCase:e11,limit:e12] type=Class#0<out String> call=s2 map=[0->0,1->1,2->2] targs=[]
