symbol s0 kind=package fq=golden.sema vis=public flags=_
symbol s1 kind=package fq=kotlin vis=public flags=synthetic
symbol s2 kind=function fq=kotlin.lazy vis=public flags=synthetic sig=recv=_ params=[() -> Any] ret=Any suspend=0 defaults=[] vararg=[]
symbol s3 kind=package fq=kotlin.properties vis=public flags=synthetic
symbol s4 kind=object fq=kotlin.properties.Delegates vis=public flags=synthetic
symbol s5 kind=function fq=kotlin.properties.Delegates.observable vis=public flags=synthetic sig=recv=Class#4 params=[Any,(Any, Any, Any) -> Unit] ret=Any suspend=0 defaults=[] vararg=[]
symbol s6 kind=function fq=kotlin.properties.Delegates.vetoable vis=public flags=synthetic sig=recv=Class#4 params=[Any,(Any, Any, Any) -> Any] ret=Any suspend=0 defaults=[] vararg=[]
symbol s7 kind=function fq=golden.sema.main vis=public flags=_ sig=recv=_ params=[] ret=Unit suspend=0 defaults=[] vararg=[]
symbol s8 kind=local fq=__local_1.name vis=private flags=_
symbol s9 kind=local fq=__local_3.x vis=private flags=_
symbol s10 kind=local fq=__local_6.greeting vis=private flags=_
symbol s11 kind=local fq=__local_9.result vis=private flags=_
file f0 package=golden.sema
  decl d0 fun main suspend=0 inline=0 sym=s7
expr e0 string(world) type=String
expr e1 localDecl name mutable=0 type=_ init=e0 type=Unit ref=s8
expr e2 int(42) type=Int
expr e3 localDecl x mutable=0 type=_ init=e2 type=Unit ref=s9
expr e4 name(name) type=String ref=s8
expr e5 stringTemplate[lit(Hello ),expr(e4)] type=String
expr e6 localDecl greeting mutable=0 type=_ init=e5 type=Unit ref=s10
expr e7 name(x) type=Int ref=s9
expr e8 stringTemplate[lit(value=),expr(e7)] type=String
expr e9 localDecl result mutable=0 type=_ init=e8 type=Unit ref=s11
expr e10 name(println) type=_
expr e11 name(greeting) type=String ref=s10
expr e12 call callee=e10 args=[_:e11] type=Unit
expr e13 name(println) type=_
expr e14 name(result) type=String ref=s11
expr e15 call callee=e13 args=[_:e14] type=Unit
