symbol s0 kind=package fq=_root_ vis=public flags=_
symbol s1 kind=package fq=kotlin vis=public flags=synthetic
symbol s2 kind=package fq=kotlin.properties vis=public flags=synthetic
symbol s3 kind=interface fq=kotlin.properties.Lazy vis=public flags=synthetic
symbol s4 kind=interface fq=kotlin.properties.ReadWriteProperty vis=public flags=synthetic
symbol s5 kind=interface fq=kotlin.properties.ReadOnlyProperty vis=public flags=synthetic
symbol s6 kind=function fq=kotlin.lazy vis=public flags=synthetic sig=recv=_ params=[() -> Any] ret=Class#3 suspend=0 defaults=[] vararg=[]
symbol s7 kind=function fq=kotlin.lazy.mode vis=public flags=synthetic sig=recv=_ params=[Any,() -> Any] ret=Class#3 suspend=0 defaults=[] vararg=[]
symbol s8 kind=object fq=kotlin.properties.Delegates vis=public flags=synthetic type=Class#8
symbol s9 kind=function fq=kotlin.properties.Delegates.observable vis=public flags=synthetic sig=recv=Class#8 params=[Any] ret=Class#4 suspend=0 defaults=[] vararg=[]
symbol s10 kind=function fq=kotlin.properties.Delegates.vetoable vis=public flags=synthetic sig=recv=Class#8 params=[Any] ret=Class#4 suspend=0 defaults=[] vararg=[]
symbol s11 kind=function fq=cumulativeNarrow vis=public flags=_ sig=recv=_ params=[Int?] ret=Int suspend=0 defaults=[0] vararg=[0]
symbol s12 kind=valueParameter fq=cumulativeNarrow.$11.x vis=private flags=_
file f0 package=_
  decl d0 fun cumulativeNarrow suspend=0 inline=0 sym=s11
expr e0 name(x) type=Int? ref=s12
expr e1 name(null) type=Nothing?
expr e2 binary(equal) lhs=e0 rhs=e1 type=Boolean
expr e3 int(0) type=Int
expr e4 name(x) type=Int ref=s12
expr e5 int(0) type=Int
expr e6 binary(greaterThan) lhs=e4 rhs=e5 type=Boolean
expr e7 name(x) type=Int ref=s12
expr e8 name(x) type=Int ref=s12
expr e9 when subject=_ branches=[e2->e3,e6->e7] else=e8 type=Int
expr e10 return value=e9 type=Int
