symbol s0 kind=package fq=_root_ vis=public flags=_
symbol s1 kind=package fq=kotlin vis=public flags=synthetic
symbol s2 kind=package fq=kotlin.properties vis=public flags=synthetic
symbol s3 kind=interface fq=kotlin.properties.Lazy vis=public flags=synthetic
symbol s4 kind=interface fq=kotlin.properties.ReadWriteProperty vis=public flags=synthetic
symbol s5 kind=interface fq=kotlin.properties.ReadOnlyProperty vis=public flags=synthetic
symbol s6 kind=function fq=kotlin.lazy vis=public flags=synthetic sig=recv=_ params=[() -> Any] ret=Class#3 suspend=0 defaults=[] vararg=[]
symbol s7 kind=function fq=kotlin.lazy.mode vis=public flags=synthetic sig=recv=_ params=[Any,() -> Any] ret=Class#3 suspend=0 defaults=[] vararg=[]
symbol s8 kind=object fq=kotlin.properties.Delegates vis=public flags=synthetic type=Class#8
symbol s9 kind=function fq=kotlin.properties.Delegates.observable vis=public flags=synthetic sig=recv=Class#8 params=[Any] ret=Class#4 suspend=0 defaults=[] vararg=[]
symbol s10 kind=function fq=kotlin.properties.Delegates.vetoable vis=public flags=synthetic sig=recv=Class#8 params=[Any] ret=Class#4 suspend=0 defaults=[] vararg=[]
symbol s11 kind=package fq=kotlin.collections vis=public flags=synthetic
symbol s12 kind=interface fq=kotlin.collections.List vis=public flags=synthetic
symbol s13 kind=typeParameter fq=kotlin.collections.List.E vis=private flags=_
symbol s14 kind=function fq=kotlin.collections.List.get vis=public flags=synthetic|operatorFunction sig=recv=Class#12<out T#13> params=[Int] ret=T#13 suspend=0 defaults=[] vararg=[]
symbol s15 kind=interface fq=kotlin.collections.MutableList vis=public flags=synthetic
symbol s16 kind=typeParameter fq=kotlin.collections.MutableList.E vis=private flags=_
symbol s17 kind=function fq=kotlin.collections.MutableList.set vis=public flags=synthetic|operatorFunction sig=recv=Class#15<T#16> params=[Int,T#16] ret=T#16 suspend=0 defaults=[] vararg=[]
symbol s18 kind=package fq=kotlin.text vis=public flags=synthetic
symbol s19 kind=function fq=kotlin.text.trim vis=public flags=synthetic sig=recv=String params=[] ret=String suspend=0 defaults=[] vararg=[]
symbol s20 kind=function fq=kotlin.text.split vis=public flags=synthetic sig=recv=String params=[String,Boolean,Int] ret=Class#12<out String> suspend=0 defaults=[0,1,1] vararg=[1,0,0]
symbol s21 kind=valueParameter fq=kotlin.text.split.delimiters vis=private flags=synthetic
symbol s22 kind=valueParameter fq=kotlin.text.split.ignoreCase vis=private flags=synthetic
symbol s23 kind=valueParameter fq=kotlin.text.split.limit vis=private flags=synthetic
symbol s24 kind=function fq=kotlin.text.replace vis=public flags=synthetic sig=recv=String params=[String,String,Boolean] ret=String suspend=0 defaults=[0,0,1] vararg=[0,0,0]
symbol s25 kind=valueParameter fq=kotlin.text.replace.oldValue vis=private flags=synthetic
symbol s26 kind=valueParameter fq=kotlin.text.replace.newValue vis=private flags=synthetic
symbol s27 kind=valueParameter fq=kotlin.text.replace.ignoreCase vis=private flags=synthetic
symbol s28 kind=function fq=kotlin.text.startsWith vis=public flags=synthetic sig=recv=String params=[String,Int,Boolean] ret=Boolean suspend=0 defaults=[0,1,1] vararg=[0,0,0]
symbol s29 kind=valueParameter fq=kotlin.text.startsWith.prefix vis=private flags=synthetic
symbol s30 kind=valueParameter fq=kotlin.text.startsWith.startIndex vis=private flags=synthetic
symbol s31 kind=valueParameter fq=kotlin.text.startsWith.ignoreCase vis=private flags=synthetic
symbol s32 kind=function fq=kotlin.text.endsWith vis=public flags=synthetic sig=recv=String params=[String,Boolean] ret=Boolean suspend=0 defaults=[0,1] vararg=[0,0]
symbol s33 kind=valueParameter fq=kotlin.text.endsWith.suffix vis=private flags=synthetic
symbol s34 kind=valueParameter fq=kotlin.text.endsWith.ignoreCase vis=private flags=synthetic
symbol s35 kind=function fq=kotlin.text.contains vis=public flags=synthetic sig=recv=String params=[String,Boolean] ret=Boolean suspend=0 defaults=[0,1] vararg=[0,0]
symbol s36 kind=valueParameter fq=kotlin.text.contains.other vis=private flags=synthetic
symbol s37 kind=valueParameter fq=kotlin.text.contains.ignoreCase vis=private flags=synthetic
symbol s38 kind=function fq=kotlin.text.toInt vis=public flags=synthetic sig=recv=String params=[] ret=Int suspend=0 defaults=[] vararg=[]
symbol s39 kind=function fq=kotlin.text.toDouble vis=public flags=synthetic sig=recv=String params=[] ret=Double suspend=0 defaults=[] vararg=[]
symbol s40 kind=function fq=kotlin.text.format vis=public flags=synthetic sig=recv=String params=[Any?] ret=String suspend=0 defaults=[0] vararg=[1]
symbol s41 kind=valueParameter fq=kotlin.text.format.args vis=private flags=synthetic
symbol s42 kind=function fq=cumulativeNarrow vis=public flags=_ sig=recv=_ params=[Int?] ret=Int suspend=0 defaults=[0] vararg=[0]
symbol s43 kind=valueParameter fq=cumulativeNarrow.$42.x vis=private flags=_
file f0 package=_
  decl d0 fun cumulativeNarrow suspend=0 inline=0 sym=s42
expr e0 name(x) type=Int? ref=s43
expr e1 name(null) type=Nothing?
expr e2 binary(equal) lhs=e0 rhs=e1 type=Boolean
expr e3 int(0) type=Int
expr e4 name(x) type=Int ref=s43
expr e5 int(0) type=Int
expr e6 binary(greaterThan) lhs=e4 rhs=e5 type=Boolean
expr e7 name(x) type=Int ref=s43
expr e8 name(x) type=Int ref=s43
expr e9 when subject=_ branches=[e2->e3,e6->e7] else=e8 type=Int
expr e10 return value=e9 type=Nothing
