symbol s0 kind=package fq=golden.sema vis=public flags=_
symbol s1 kind=package fq=kotlin vis=public flags=synthetic
symbol s2 kind=package fq=kotlin.properties vis=public flags=synthetic
symbol s3 kind=interface fq=kotlin.properties.Lazy vis=public flags=synthetic
symbol s4 kind=interface fq=kotlin.properties.ReadWriteProperty vis=public flags=synthetic
symbol s5 kind=interface fq=kotlin.properties.ReadOnlyProperty vis=public flags=synthetic
symbol s6 kind=function fq=kotlin.lazy vis=public flags=synthetic sig=recv=_ params=[() -> Any] ret=Class#3 suspend=0 defaults=[] vararg=[]
symbol s7 kind=function fq=kotlin.lazy.mode vis=public flags=synthetic sig=recv=_ params=[Any,() -> Any] ret=Class#3 suspend=0 defaults=[] vararg=[]
symbol s8 kind=object fq=kotlin.properties.Delegates vis=public flags=synthetic type=Class#8
symbol s9 kind=function fq=kotlin.properties.Delegates.observable vis=public flags=synthetic sig=recv=Class#8 params=[Any] ret=Class#4 suspend=0 defaults=[] vararg=[]
symbol s10 kind=function fq=kotlin.properties.Delegates.vetoable vis=public flags=synthetic sig=recv=Class#8 params=[Any] ret=Class#4 suspend=0 defaults=[] vararg=[]
symbol s11 kind=package fq=kotlin.collections vis=public flags=synthetic
symbol s12 kind=interface fq=kotlin.collections.List vis=public flags=synthetic
symbol s13 kind=typeParameter fq=kotlin.collections.List.E vis=private flags=_
symbol s14 kind=function fq=kotlin.collections.List.get vis=public flags=synthetic|operatorFunction sig=recv=Class#12<out T#13> params=[Int] ret=T#13 suspend=0 defaults=[] vararg=[]
symbol s15 kind=function fq=kotlin.collections.List.joinToString vis=public flags=synthetic sig=recv=Class#12<out T#13> params=[String,String,String] ret=String suspend=0 defaults=[1,1,1] vararg=[0,0,0]
symbol s16 kind=valueParameter fq=kotlin.collections.List.joinToString.separator vis=private flags=synthetic
symbol s17 kind=valueParameter fq=kotlin.collections.List.joinToString.prefix vis=private flags=synthetic
symbol s18 kind=valueParameter fq=kotlin.collections.List.joinToString.postfix vis=private flags=synthetic
symbol s19 kind=function fq=kotlin.collections.List.take vis=public flags=synthetic sig=recv=Class#12<out T#13> params=[Int] ret=Class#12<out T#13> suspend=0 defaults=[] vararg=[]
symbol s20 kind=function fq=kotlin.collections.List.drop vis=public flags=synthetic sig=recv=Class#12<out T#13> params=[Int] ret=Class#12<out T#13> suspend=0 defaults=[] vararg=[]
symbol s21 kind=function fq=kotlin.collections.List.reversed vis=public flags=synthetic sig=recv=Class#12<out T#13> params=[] ret=Class#12<out T#13> suspend=0 defaults=[] vararg=[]
symbol s22 kind=function fq=kotlin.collections.List.sorted vis=public flags=synthetic sig=recv=Class#12<out T#13> params=[] ret=Class#12<out T#13> suspend=0 defaults=[] vararg=[]
symbol s23 kind=function fq=kotlin.collections.List.distinct vis=public flags=synthetic sig=recv=Class#12<out T#13> params=[] ret=Class#12<out T#13> suspend=0 defaults=[] vararg=[]
symbol s24 kind=interface fq=kotlin.collections.MutableList vis=public flags=synthetic
symbol s25 kind=typeParameter fq=kotlin.collections.MutableList.E vis=private flags=_
symbol s26 kind=function fq=kotlin.collections.MutableList.set vis=public flags=synthetic|operatorFunction sig=recv=Class#24<T#25> params=[Int,T#25] ret=T#25 suspend=0 defaults=[] vararg=[]
symbol s27 kind=function fq=kotlin.collections.MutableList.add vis=public flags=synthetic sig=recv=Class#24<T#25> params=[T#25] ret=Boolean suspend=0 defaults=[] vararg=[]
symbol s28 kind=function fq=kotlin.collections.MutableList.removeAt vis=public flags=synthetic sig=recv=Class#24<T#25> params=[Int] ret=T#25 suspend=0 defaults=[] vararg=[]
symbol s29 kind=function fq=kotlin.collections.MutableList.clear vis=public flags=synthetic sig=recv=Class#24<T#25> params=[] ret=Unit suspend=0 defaults=[] vararg=[]
symbol s30 kind=interface fq=kotlin.collections.Set vis=public flags=synthetic
symbol s31 kind=typeParameter fq=kotlin.collections.Set.E vis=private flags=_
symbol s32 kind=function fq=kotlin.collections.Set.contains vis=public flags=synthetic sig=recv=Class#30<out T#31> params=[T#31] ret=Boolean suspend=0 defaults=[] vararg=[]
symbol s33 kind=interface fq=kotlin.collections.MutableSet vis=public flags=synthetic
symbol s34 kind=typeParameter fq=kotlin.collections.MutableSet.E vis=private flags=_
symbol s35 kind=function fq=kotlin.collections.MutableSet.add vis=public flags=synthetic sig=recv=Class#33<T#34> params=[T#34] ret=Boolean suspend=0 defaults=[] vararg=[]
symbol s36 kind=function fq=kotlin.collections.MutableSet.remove vis=public flags=synthetic sig=recv=Class#33<T#34> params=[T#34] ret=Boolean suspend=0 defaults=[] vararg=[]
symbol s37 kind=function fq=kotlin.collections.List.toMutableList vis=public flags=synthetic sig=recv=Class#12<out T#13> params=[] ret=Class#24<T#13> suspend=0 defaults=[] vararg=[]
symbol s38 kind=function fq=kotlin.collections.List.toSet vis=public flags=synthetic sig=recv=Class#12<out T#13> params=[] ret=Class#30<out T#13> suspend=0 defaults=[] vararg=[]
symbol s39 kind=interface fq=kotlin.collections.Map vis=public flags=synthetic
symbol s40 kind=typeParameter fq=kotlin.collections.Map.K vis=private flags=_
symbol s41 kind=typeParameter fq=kotlin.collections.Map.V vis=private flags=_
symbol s42 kind=function fq=kotlin.collections.Map.get vis=public flags=synthetic|operatorFunction sig=recv=Class#39<out T#40, out T#41> params=[T#40] ret=T#41? suspend=0 defaults=[] vararg=[]
symbol s43 kind=function fq=kotlin.collections.Map.containsKey vis=public flags=synthetic sig=recv=Class#39<out T#40, out T#41> params=[T#40] ret=Boolean suspend=0 defaults=[] vararg=[]
symbol s44 kind=interface fq=kotlin.collections.MutableMap vis=public flags=synthetic
symbol s45 kind=typeParameter fq=kotlin.collections.MutableMap.K vis=private flags=_
symbol s46 kind=typeParameter fq=kotlin.collections.MutableMap.V vis=private flags=_
symbol s47 kind=function fq=kotlin.collections.MutableMap.set vis=public flags=synthetic|operatorFunction sig=recv=Class#44<T#45, T#46> params=[T#45,T#46] ret=Unit suspend=0 defaults=[] vararg=[]
symbol s48 kind=function fq=kotlin.collections.MutableMap.put vis=public flags=synthetic sig=recv=Class#44<T#45, T#46> params=[T#45,T#46] ret=T#46? suspend=0 defaults=[] vararg=[]
symbol s49 kind=function fq=kotlin.collections.MutableMap.remove vis=public flags=synthetic sig=recv=Class#44<T#45, T#46> params=[T#45] ret=T#46? suspend=0 defaults=[] vararg=[]
symbol s50 kind=function fq=kotlin.collections.Map.toMutableMap vis=public flags=synthetic sig=recv=Class#39<out T#40, out T#41> params=[] ret=Class#44<T#40, T#41> suspend=0 defaults=[] vararg=[]
symbol s51 kind=interface fq=kotlin.Comparable vis=public flags=synthetic
symbol s52 kind=typeParameter fq=kotlin.Comparable.T vis=private flags=_
symbol s53 kind=function fq=kotlin.Comparable.compareTo vis=public flags=synthetic|operatorFunction sig=recv=Class#51<T#52> params=[T#52] ret=Int suspend=0 defaults=[] vararg=[]
symbol s54 kind=package fq=kotlin.text vis=public flags=synthetic
symbol s55 kind=function fq=kotlin.text.trim vis=public flags=synthetic sig=recv=String params=[] ret=String suspend=0 defaults=[] vararg=[]
symbol s56 kind=function fq=kotlin.text.split vis=public flags=synthetic sig=recv=String params=[String] ret=Class#12<out String> suspend=0 defaults=[0] vararg=[0]
symbol s57 kind=valueParameter fq=kotlin.text.split.delimiters vis=private flags=synthetic
symbol s58 kind=function fq=kotlin.text.replace vis=public flags=synthetic sig=recv=String params=[String,String] ret=String suspend=0 defaults=[0,0] vararg=[0,0]
symbol s59 kind=valueParameter fq=kotlin.text.replace.oldValue vis=private flags=synthetic
symbol s60 kind=valueParameter fq=kotlin.text.replace.newValue vis=private flags=synthetic
symbol s61 kind=function fq=kotlin.text.startsWith vis=public flags=synthetic sig=recv=String params=[String] ret=Boolean suspend=0 defaults=[0] vararg=[0]
symbol s62 kind=valueParameter fq=kotlin.text.startsWith.prefix vis=private flags=synthetic
symbol s63 kind=function fq=kotlin.text.endsWith vis=public flags=synthetic sig=recv=String params=[String] ret=Boolean suspend=0 defaults=[0] vararg=[0]
symbol s64 kind=valueParameter fq=kotlin.text.endsWith.suffix vis=private flags=synthetic
symbol s65 kind=function fq=kotlin.text.contains vis=public flags=synthetic sig=recv=String params=[String] ret=Boolean suspend=0 defaults=[0] vararg=[0]
symbol s66 kind=valueParameter fq=kotlin.text.contains.other vis=private flags=synthetic
symbol s67 kind=function fq=kotlin.text.toInt vis=public flags=synthetic sig=recv=String params=[] ret=Int suspend=0 defaults=[] vararg=[]
symbol s68 kind=function fq=kotlin.text.toDouble vis=public flags=synthetic sig=recv=String params=[] ret=Double suspend=0 defaults=[] vararg=[]
symbol s69 kind=function fq=kotlin.text.format vis=public flags=synthetic sig=recv=String params=[Any?] ret=String suspend=0 defaults=[0] vararg=[1]
symbol s70 kind=valueParameter fq=kotlin.text.format.args vis=private flags=synthetic
symbol s71 kind=function fq=kotlin.text.trimIndent vis=public flags=synthetic sig=recv=String params=[] ret=String suspend=0 defaults=[] vararg=[]
symbol s72 kind=function fq=kotlin.text.trimMargin vis=public flags=synthetic sig=recv=String params=[] ret=String suspend=0 defaults=[] vararg=[]
symbol s73 kind=function fq=kotlin.text.trimMargin vis=public flags=synthetic sig=recv=String params=[String] ret=String suspend=0 defaults=[0] vararg=[0]
symbol s74 kind=valueParameter fq=kotlin.text.trimMargin.marginPrefix vis=private flags=synthetic
symbol s75 kind=function fq=kotlin.repeat vis=public flags=inlineFunction|synthetic sig=recv=_ params=[Int,(Int) -> Unit] ret=Unit suspend=0 defaults=[0,0] vararg=[0,0]
symbol s76 kind=valueParameter fq=kotlin.repeat.times vis=private flags=synthetic
symbol s77 kind=valueParameter fq=kotlin.repeat.action vis=private flags=synthetic
symbol s78 kind=class fq=kotlin.Throwable vis=public flags=synthetic type=Class#78
symbol s79 kind=class fq=kotlin.Exception vis=public flags=synthetic type=Class#79
symbol s80 kind=class fq=kotlin.RuntimeException vis=public flags=synthetic type=Class#80
symbol s81 kind=class fq=kotlin.UninitializedPropertyAccessException vis=public flags=synthetic type=Class#81
symbol s82 kind=class fq=kotlin.NullPointerException vis=public flags=synthetic type=Class#82
symbol s83 kind=class fq=kotlin.NumberFormatException vis=public flags=synthetic type=Class#83
symbol s84 kind=class fq=kotlin.CancellationException vis=public flags=synthetic type=Class#84
symbol s85 kind=package fq=kotlinx vis=public flags=synthetic
symbol s86 kind=package fq=kotlinx.coroutines vis=public flags=synthetic
symbol s87 kind=package fq=kotlinx.coroutines.channels vis=public flags=synthetic
symbol s88 kind=class fq=kotlinx.coroutines.Job vis=public flags=synthetic type=Class#88
symbol s89 kind=class fq=kotlinx.coroutines.Deferred vis=public flags=synthetic type=Class#89
symbol s90 kind=object fq=kotlinx.coroutines.Dispatchers vis=public flags=synthetic type=Class#90
symbol s91 kind=class fq=kotlinx.coroutines.channels.Channel vis=public flags=synthetic type=Class#91
symbol s92 kind=class fq=kotlinx.coroutines.CancellationException vis=public flags=synthetic type=Class#92
symbol s93 kind=class fq=CancellationException vis=public flags=synthetic type=Class#93
symbol s94 kind=function fq=kotlinx.coroutines.runBlocking vis=public flags=synthetic sig=recv=_ params=[suspend () -> Any] ret=Any suspend=0 defaults=[0] vararg=[0]
symbol s95 kind=valueParameter fq=kotlinx.coroutines.runBlocking.block vis=private flags=synthetic
symbol s96 kind=function fq=kotlinx.coroutines.launch vis=public flags=synthetic sig=recv=_ params=[suspend () -> Unit] ret=Class#88 suspend=0 defaults=[0] vararg=[0]
symbol s97 kind=valueParameter fq=kotlinx.coroutines.launch.block vis=private flags=synthetic
symbol s98 kind=function fq=kotlinx.coroutines.async vis=public flags=synthetic sig=recv=_ params=[suspend () -> Any] ret=Class#89 suspend=0 defaults=[0] vararg=[0]
symbol s99 kind=valueParameter fq=kotlinx.coroutines.async.block vis=private flags=synthetic
symbol s100 kind=function fq=kotlinx.coroutines.delay vis=public flags=synthetic sig=recv=_ params=[Long] ret=Unit suspend=0 defaults=[0] vararg=[0]
symbol s101 kind=valueParameter fq=kotlinx.coroutines.delay.timeMillis vis=private flags=synthetic
symbol s102 kind=function fq=kotlinx.coroutines.withContext vis=public flags=synthetic sig=recv=_ params=[Any,suspend () -> Any] ret=Any suspend=0 defaults=[0,0] vararg=[0,0]
symbol s103 kind=valueParameter fq=kotlinx.coroutines.withContext.context vis=private flags=synthetic
symbol s104 kind=valueParameter fq=kotlinx.coroutines.withContext.block vis=private flags=synthetic
symbol s105 kind=constructor fq=kotlinx.coroutines.channels.Channel.<init> vis=public flags=synthetic sig=recv=_ params=[] ret=Class#91 suspend=0 defaults=[] vararg=[]
symbol s106 kind=property fq=kotlinx.coroutines.Dispatchers.Default vis=public flags=synthetic type=Any
symbol s107 kind=property fq=kotlinx.coroutines.Dispatchers.IO vis=public flags=synthetic type=Any
symbol s108 kind=property fq=kotlinx.coroutines.Dispatchers.Main vis=public flags=synthetic type=Any
symbol s109 kind=function fq=kotlinx.coroutines.Job.cancel vis=public flags=synthetic sig=recv=Class#88 params=[] ret=Unit suspend=0 defaults=[] vararg=[]
symbol s110 kind=function fq=kotlinx.coroutines.Job.join vis=public flags=synthetic sig=recv=Class#88 params=[] ret=Unit suspend=0 defaults=[] vararg=[]
symbol s111 kind=function fq=kotlinx.coroutines.Deferred.await vis=public flags=synthetic sig=recv=Class#89 params=[] ret=Any suspend=0 defaults=[] vararg=[]
symbol s112 kind=function fq=kotlinx.coroutines.channels.Channel.send vis=public flags=synthetic sig=recv=Class#91 params=[Any] ret=Unit suspend=0 defaults=[0] vararg=[0]
symbol s113 kind=valueParameter fq=kotlinx.coroutines.channels.Channel.send.value vis=private flags=synthetic
symbol s114 kind=function fq=kotlinx.coroutines.channels.Channel.receive vis=public flags=synthetic sig=recv=Class#91 params=[] ret=Any suspend=0 defaults=[] vararg=[]
symbol s115 kind=function fq=kotlinx.coroutines.channels.Channel.close vis=public flags=synthetic sig=recv=Class#91 params=[] ret=Unit suspend=0 defaults=[] vararg=[]
symbol s116 kind=package fq=kotlin.contracts vis=public flags=synthetic
symbol s117 kind=class fq=kotlin.contracts.ContractBuilder vis=public flags=synthetic
symbol s118 kind=class fq=kotlin.contracts.ContractEffect vis=public flags=synthetic
symbol s119 kind=function fq=kotlin.contracts.contract vis=public flags=inlineFunction|synthetic sig=recv=_ params=[Class#117.() -> Unit] ret=Unit suspend=0 defaults=[] vararg=[]
symbol s120 kind=function fq=kotlin.contracts.ContractBuilder.returns vis=public flags=synthetic sig=recv=Class#117 params=[] ret=Class#118 suspend=0 defaults=[] vararg=[]
symbol s121 kind=function fq=kotlin.contracts.ContractEffect.implies vis=public flags=synthetic sig=recv=Class#118 params=[Boolean] ret=Unit suspend=0 defaults=[] vararg=[]
symbol s122 kind=class fq=golden.sema.Handled vis=public flags=_
symbol s123 kind=constructor fq=golden.sema.Handled.<init> vis=public flags=_ sig=recv=Class#122 params=[] ret=Class#122 suspend=0 defaults=[] vararg=[]
symbol s124 kind=class fq=golden.sema.Unhandled vis=public flags=_
symbol s125 kind=constructor fq=golden.sema.Unhandled.<init> vis=public flags=_ sig=recv=Class#124 params=[] ret=Class#124 suspend=0 defaults=[] vararg=[]
symbol s126 kind=function fq=golden.sema.tryCatchExpr vis=public flags=_ sig=recv=_ params=[Boolean] ret=String suspend=0 defaults=[0] vararg=[0]
symbol s127 kind=valueParameter fq=golden.sema.tryCatchExpr.$126.flag vis=private flags=_
symbol s128 kind=function fq=golden.sema.tryMultiCatch vis=public flags=_ sig=recv=_ params=[] ret=String suspend=0 defaults=[] vararg=[]
symbol s129 kind=function fq=golden.sema.tryFinally vis=public flags=_ sig=recv=_ params=[] ret=String suspend=0 defaults=[] vararg=[]
symbol s130 kind=function fq=golden.sema.tryCatchFinally vis=public flags=_ sig=recv=_ params=[] ret=String suspend=0 defaults=[] vararg=[]
symbol s131 kind=function fq=golden.sema.tryCompletionCriteria vis=public flags=_ sig=recv=_ params=[] ret=String suspend=0 defaults=[] vararg=[]
symbol s132 kind=function fq=golden.sema.tryFinallyIgnoresValue vis=public flags=_ sig=recv=_ params=[] ret=String suspend=0 defaults=[] vararg=[]
symbol s133 kind=function fq=golden.sema.tryMultiCatchJoin vis=public flags=_ sig=recv=_ params=[Int] ret=Any? suspend=0 defaults=[0] vararg=[0]
symbol s134 kind=valueParameter fq=golden.sema.tryMultiCatchJoin.$133.flag vis=private flags=_
symbol s135 kind=function fq=golden.sema.tryPartialCatchRethrow vis=public flags=_ sig=recv=_ params=[Boolean] ret=Int suspend=0 defaults=[0] vararg=[0]
symbol s136 kind=valueParameter fq=golden.sema.tryPartialCatchRethrow.$135.flag vis=private flags=_
symbol s137 kind=property fq=golden.sema.propTryCatch vis=public flags=_ type=String
symbol s138 kind=property fq=golden.sema.propTryFinally vis=public flags=_ type=String
symbol s139 kind=local fq=__try_10_catch_0.e vis=internal flags=_ type=Any
symbol s140 kind=local fq=__try_17_catch_0.e vis=internal flags=_ type=Any
symbol s141 kind=local fq=__try_17_catch_1.e vis=internal flags=_ type=Any
symbol s142 kind=local fq=__try_27_catch_0.e vis=internal flags=_ type=Any
symbol s143 kind=local fq=__try_32_catch_0.e vis=internal flags=_ type=Any
symbol s144 kind=local fq=__local_33.x vis=private flags=_
symbol s145 kind=local fq=__try_61_catch_0.e vis=internal flags=_ type=Any
symbol s146 kind=local fq=__try_61_catch_1.e vis=internal flags=_ type=Any
symbol s147 kind=local fq=__local_62.x vis=private flags=mutable
symbol s148 kind=local fq=__try_76_catch_0.e vis=internal flags=_ type=Any
file f0 package=golden.sema
  decl d0 class Handled sym=s122
  decl d1 class Unhandled sym=s124
  decl d2 fun tryCatchExpr suspend=0 inline=0 sym=s126
  decl d3 fun tryMultiCatch suspend=0 inline=0 sym=s128
  decl d4 fun tryFinally suspend=0 inline=0 sym=s129
  decl d5 fun tryCatchFinally suspend=0 inline=0 sym=s130
  decl d6 fun tryCompletionCriteria suspend=0 inline=0 sym=s131
  decl d7 fun tryFinallyIgnoresValue suspend=0 inline=0 sym=s132
  decl d8 fun tryMultiCatchJoin suspend=0 inline=0 sym=s133
  decl d9 fun tryPartialCatchRethrow suspend=0 inline=0 sym=s135
  decl d10 property propTryCatch var=0 sym=s137
  decl d11 property propTryFinally var=0 sym=s138
expr e0 name(flag) type=Boolean ref=s127
expr e1 string(ok) type=String
expr e2 name(Exception) type=Any ref=s79
expr e3 string(fail) type=String
expr e4 call callee=e2 args=[_:e3] type=<error>
expr e5 throw value=e4 type=Nothing
expr e6 if cond=e0 then=e1 else=e5 type=String
expr e7 blockExpr stmts=[] trailing=e6 type=String
expr e8 string(error) type=String
expr e9 blockExpr stmts=[] trailing=e8 type=String ref=s139
expr e10 try body=e7 catches=[e9] finally=_ type=String ref=s137
expr e11 string(ok) type=String ref=s138
expr e12 blockExpr stmts=[] trailing=e11 type=String
expr e13 string(arg) type=String
expr e14 blockExpr stmts=[] trailing=e13 type=String ref=s140
expr e15 string(other) type=String
expr e16 blockExpr stmts=[] trailing=e15 type=String ref=s141
expr e17 try body=e12 catches=[e14,e16] finally=_ type=String
expr e18 string(result) type=String
expr e19 blockExpr stmts=[] trailing=e18 type=String
expr e20 blockExpr stmts=[] trailing=_ type=Unit
expr e21 try body=e19 catches=[] finally=e20 type=String
expr e22 string(ok) type=String
expr e23 blockExpr stmts=[] trailing=e22 type=String
expr e24 string(err) type=String
expr e25 blockExpr stmts=[] trailing=e24 type=String ref=s142
expr e26 blockExpr stmts=[] trailing=_ type=Unit
expr e27 try body=e23 catches=[e25] finally=e26 type=String
expr e28 string(ok) type=String
expr e29 blockExpr stmts=[] trailing=e28 type=String
expr e30 string(err) type=String
expr e31 blockExpr stmts=[] trailing=e30 type=String ref=s143
expr e32 try body=e29 catches=[e31] finally=_ type=String
expr e33 localDecl x mutable=0 type=t6 init=e32 type=Unit ref=s144
expr e34 name(x) type=String ref=s144
expr e35 return value=e34 type=Nothing
expr e36 string(ok) type=String
expr e37 blockExpr stmts=[] trailing=e36 type=String
expr e38 int(123) type=Int
expr e39 blockExpr stmts=[] trailing=e38 type=Int
expr e40 try body=e37 catches=[] finally=e39 type=String
expr e41 name(flag) type=Int ref=s134
expr e42 int(0) type=Int
expr e43 binary(equal) lhs=e41 rhs=e42 type=Boolean
expr e44 string(ok) type=String
expr e45 name(flag) type=Int ref=s134
expr e46 int(1) type=Int
expr e47 binary(equal) lhs=e45 rhs=e46 type=Boolean
expr e48 name(Handled) type=_
expr e49 call callee=e48 args=[] type=Class#122 call=s123 map=[] targs=[]
expr e50 throw value=e49 type=Nothing
expr e51 name(Unhandled) type=_
expr e52 call callee=e51 args=[] type=Class#124 call=s125 map=[] targs=[]
expr e53 throw value=e52 type=Nothing
expr e54 if cond=e47 then=e50 else=e53 type=Nothing
expr e55 if cond=e43 then=e44 else=e54 type=String
expr e56 blockExpr stmts=[] trailing=e55 type=String
expr e57 string(handled) type=String
expr e58 blockExpr stmts=[] trailing=e57 type=String ref=s145
expr e59 int(7) type=Int
expr e60 blockExpr stmts=[] trailing=e59 type=Int ref=s146
expr e61 try body=e56 catches=[e58,e60] finally=_ type=Any?
expr e62 localDecl x mutable=1 type=t12 init=_ type=Unit ref=s147
expr e63 name(flag) type=Boolean ref=s136
expr e64 name(Handled) type=_
expr e65 call callee=e64 args=[] type=Class#122 call=s123 map=[] targs=[]
expr e66 throw value=e65 type=Nothing
expr e67 name(Unhandled) type=_
expr e68 call callee=e67 args=[] type=Class#124 call=s125 map=[] targs=[]
expr e69 throw value=e68 type=Nothing
expr e70 if cond=e63 then=e66 else=e69 type=Nothing
expr e71 blockExpr stmts=[] trailing=e70 type=Nothing
expr e72 name(x) type=_
expr e73 int(7) type=Int
expr e74 localAssign x value=e73 type=Unit ref=s147
expr e75 blockExpr stmts=[e74] trailing=_ type=Unit ref=s148
expr e76 try body=e71 catches=[e75] finally=_ type=Unit
expr e77 name(x) type=Int ref=s147
expr e78 return value=e77 type=Nothing
