symbol s0 kind=package fq=golden.sema vis=public flags=_
symbol s1 kind=package fq=kotlin vis=public flags=synthetic
symbol s2 kind=package fq=kotlin.properties vis=public flags=synthetic
symbol s3 kind=interface fq=kotlin.properties.Lazy vis=public flags=synthetic
symbol s4 kind=interface fq=kotlin.properties.ReadWriteProperty vis=public flags=synthetic
symbol s5 kind=interface fq=kotlin.properties.ReadOnlyProperty vis=public flags=synthetic
symbol s6 kind=function fq=kotlin.lazy vis=public flags=synthetic sig=recv=_ params=[() -> Any] ret=Class#3 suspend=0 defaults=[] vararg=[]
symbol s7 kind=function fq=kotlin.lazy.mode vis=public flags=synthetic sig=recv=_ params=[Any,() -> Any] ret=Class#3 suspend=0 defaults=[] vararg=[]
symbol s8 kind=object fq=kotlin.properties.Delegates vis=public flags=synthetic type=Class#8
symbol s9 kind=function fq=kotlin.properties.Delegates.observable vis=public flags=synthetic sig=recv=Class#8 params=[Any] ret=Class#4 suspend=0 defaults=[] vararg=[]
symbol s10 kind=function fq=kotlin.properties.Delegates.vetoable vis=public flags=synthetic sig=recv=Class#8 params=[Any] ret=Class#4 suspend=0 defaults=[] vararg=[]
symbol s11 kind=package fq=kotlin.collections vis=public flags=synthetic
symbol s12 kind=interface fq=kotlin.collections.List vis=public flags=synthetic
symbol s13 kind=typeParameter fq=kotlin.collections.List.E vis=private flags=_
symbol s14 kind=function fq=kotlin.collections.List.get vis=public flags=synthetic|operatorFunction sig=recv=Class#12<out T#13> params=[Int] ret=T#13 suspend=0 defaults=[] vararg=[]
symbol s15 kind=interface fq=kotlin.collections.MutableList vis=public flags=synthetic
symbol s16 kind=typeParameter fq=kotlin.collections.MutableList.E vis=private flags=_
symbol s17 kind=function fq=kotlin.collections.MutableList.set vis=public flags=synthetic|operatorFunction sig=recv=Class#15<T#16> params=[Int,T#16] ret=T#16 suspend=0 defaults=[] vararg=[]
symbol s18 kind=interface fq=kotlin.Comparable vis=public flags=synthetic
symbol s19 kind=typeParameter fq=kotlin.Comparable.T vis=private flags=_
symbol s20 kind=function fq=kotlin.Comparable.compareTo vis=public flags=synthetic|operatorFunction sig=recv=Class#18<T#19> params=[T#19] ret=Int suspend=0 defaults=[] vararg=[]
symbol s21 kind=class fq=golden.sema.E vis=public flags=_
symbol s22 kind=constructor fq=golden.sema.E.<init> vis=public flags=_ sig=recv=Class#21 params=[] ret=Class#21 suspend=0 defaults=[] vararg=[]
symbol s23 kind=class fq=golden.sema.Box vis=public flags=_
symbol s24 kind=typeParameter fq=golden.sema.Box.$class23.T vis=private flags=_
symbol s25 kind=constructor fq=golden.sema.Box.<init> vis=public flags=_ sig=recv=Class#23<T#24> params=[] ret=Class#23<T#24> suspend=0 defaults=[] vararg=[]
symbol s26 kind=function fq=golden.sema.Box.get vis=public flags=_ sig=recv=Class#23<T#24> params=[] ret=T#24 suspend=0 defaults=[] vararg=[]
symbol s27 kind=function fq=golden.sema.Box.set vis=public flags=_ sig=recv=Class#23<T#24> params=[T#24] ret=Unit suspend=0 defaults=[0] vararg=[0]
symbol s28 kind=valueParameter fq=golden.sema.Box.set.$27.v vis=private flags=_
symbol s29 kind=function fq=golden.sema.readOnly vis=public flags=_ sig=recv=_ params=[Class#23<out Any>] ret=Any suspend=0 defaults=[0] vararg=[0]
symbol s30 kind=valueParameter fq=golden.sema.readOnly.$29.box vis=private flags=_
symbol s31 kind=function fq=golden.sema.writeBlocked vis=public flags=_ sig=recv=_ params=[Class#23<out Any>] ret=Any suspend=0 defaults=[0] vararg=[0]
symbol s32 kind=valueParameter fq=golden.sema.writeBlocked.$31.box vis=private flags=_
symbol s33 kind=function fq=golden.sema.writeOnly vis=public flags=_ sig=recv=_ params=[Class#23<in Int>] ret=Unit suspend=0 defaults=[0] vararg=[0]
symbol s34 kind=valueParameter fq=golden.sema.writeOnly.$33.box vis=private flags=_
symbol s35 kind=function fq=golden.sema.starRead vis=public flags=_ sig=recv=_ params=[Class#23<*>] ret=Any? suspend=0 defaults=[0] vararg=[0]
symbol s36 kind=valueParameter fq=golden.sema.starRead.$35.box vis=private flags=_
symbol s37 kind=function fq=golden.sema.starReadInferred vis=public flags=_ sig=recv=_ params=[Class#23<*>] ret=Unit suspend=0 defaults=[0] vararg=[0]
symbol s38 kind=valueParameter fq=golden.sema.starReadInferred.$37.box vis=private flags=_
symbol s39 kind=function fq=golden.sema.starWrite vis=public flags=_ sig=recv=_ params=[Class#23<*>] ret=Any suspend=0 defaults=[0] vararg=[0]
symbol s40 kind=valueParameter fq=golden.sema.starWrite.$39.box vis=private flags=_
symbol s41 kind=local fq=__local_15.x vis=private flags=_
file f0 package=golden.sema
  decl d0 class E sym=s21
  decl d3 class Box sym=s23
  decl d4 fun readOnly suspend=0 inline=0 sym=s29
  decl d5 fun writeBlocked suspend=0 inline=0 sym=s31
  decl d6 fun writeOnly suspend=0 inline=0 sym=s33
  decl d7 fun starRead suspend=0 inline=0 sym=s35
  decl d8 fun starReadInferred suspend=0 inline=0 sym=s37
  decl d9 fun starWrite suspend=0 inline=0 sym=s39
expr e0 name(E) type=_
expr e1 call callee=e0 args=[] type=Class#21 call=s22 map=[] targs=[]
expr e2 throw value=e1 type=Nothing
expr e3 name(box) type=Class#23<out Any> ref=s30
expr e4 memberCall recv=e3 callee=get args=[] type=Any call=s26 map=[] targs=[Any]
expr e5 name(box) type=Class#23<out Any> ref=s32
expr e6 int(42) type=Int
expr e7 memberCall recv=e5 callee=set args=[_:e6] type=<error>
expr e8 name(box) type=Class#23<in Int> ref=s34
expr e9 int(42) type=Int
expr e10 memberCall recv=e8 callee=set args=[_:e9] type=Unit call=s27 map=[0->0] targs=[Any?]
expr e11 name(box) type=Class#23<*> ref=s36
expr e12 memberCall recv=e11 callee=get args=[] type=Any? call=s26 map=[] targs=[Any?]
expr e13 name(box) type=Class#23<*> ref=s38
expr e14 memberCall recv=e13 callee=get args=[] type=Any? call=s26 map=[] targs=[Any?]
expr e15 localDecl x mutable=0 type=_ init=e14 type=Unit ref=s41
expr e16 name(box) type=Class#23<*> ref=s40
expr e17 int(42) type=Int
expr e18 memberCall recv=e16 callee=set args=[_:e17] type=<error>
