symbol s0 kind=package fq=golden.sema vis=public flags=_
symbol s1 kind=package fq=kotlin vis=public flags=synthetic
symbol s2 kind=package fq=kotlin.properties vis=public flags=synthetic
symbol s3 kind=interface fq=kotlin.properties.Lazy vis=public flags=synthetic
symbol s4 kind=interface fq=kotlin.properties.ReadWriteProperty vis=public flags=synthetic
symbol s5 kind=interface fq=kotlin.properties.ReadOnlyProperty vis=public flags=synthetic
symbol s6 kind=function fq=kotlin.lazy vis=public flags=synthetic sig=recv=_ params=[() -> Any] ret=Class#3 suspend=0 defaults=[] vararg=[]
symbol s7 kind=function fq=kotlin.lazy.mode vis=public flags=synthetic sig=recv=_ params=[Any,() -> Any] ret=Class#3 suspend=0 defaults=[] vararg=[]
symbol s8 kind=object fq=kotlin.properties.Delegates vis=public flags=synthetic type=Class#8
symbol s9 kind=function fq=kotlin.properties.Delegates.observable vis=public flags=synthetic sig=recv=Class#8 params=[Any] ret=Class#4 suspend=0 defaults=[] vararg=[]
symbol s10 kind=function fq=kotlin.properties.Delegates.vetoable vis=public flags=synthetic sig=recv=Class#8 params=[Any] ret=Class#4 suspend=0 defaults=[] vararg=[]
symbol s11 kind=class fq=golden.sema.Producer vis=public flags=valueType
symbol s12 kind=typeParameter fq=golden.sema.Producer.$class11.T vis=private flags=_
symbol s13 kind=constructor fq=golden.sema.Producer.<init> vis=public flags=_ sig=recv=Class#11<T#12> params=[] ret=Class#11<T#12> suspend=0 defaults=[] vararg=[]
symbol s14 kind=class fq=golden.sema.Consumer vis=public flags=_
symbol s15 kind=typeParameter fq=golden.sema.Consumer.$class14.T vis=private flags=_
symbol s16 kind=constructor fq=golden.sema.Consumer.<init> vis=public flags=_ sig=recv=Class#14<T#15> params=[] ret=Class#14<T#15> suspend=0 defaults=[] vararg=[]
symbol s17 kind=function fq=golden.sema.Consumer.accept vis=public flags=_ sig=recv=Class#14<T#15> params=[] ret=Unit suspend=0 defaults=[] vararg=[]
symbol s18 kind=function fq=golden.sema.validVariance vis=public flags=_ sig=recv=_ params=[] ret=Unit suspend=0 defaults=[] vararg=[]
symbol s19 kind=class fq=golden.sema.BadProducer vis=public flags=_
symbol s20 kind=typeParameter fq=golden.sema.BadProducer.$class19.T vis=private flags=_
symbol s21 kind=constructor fq=golden.sema.BadProducer.<init> vis=public flags=_ sig=recv=Class#19<T#20> params=[] ret=Class#19<T#20> suspend=0 defaults=[] vararg=[]
symbol s22 kind=function fq=golden.sema.BadProducer.consume vis=public flags=_ sig=recv=Class#19<T#20> params=[] ret=Unit suspend=0 defaults=[] vararg=[]
symbol s23 kind=class fq=golden.sema.BadConsumer vis=public flags=_
symbol s24 kind=typeParameter fq=golden.sema.BadConsumer.$class23.T vis=private flags=_
symbol s25 kind=constructor fq=golden.sema.BadConsumer.<init> vis=public flags=_ sig=recv=Class#23<T#24> params=[] ret=Class#23<T#24> suspend=0 defaults=[] vararg=[]
symbol s26 kind=function fq=golden.sema.BadConsumer.produce vis=public flags=_ sig=recv=Class#23<T#24> params=[] ret=T#24? suspend=0 defaults=[] vararg=[]
symbol s27 kind=local fq=__local_3.p vis=private flags=_
symbol s28 kind=local fq=__local_6.c vis=private flags=_
file f0 package=golden.sema
  decl d0 class Producer sym=s11
  decl d2 class Consumer sym=s14
  decl d3 fun validVariance suspend=0 inline=0 sym=s18
  decl d5 class BadProducer sym=s19
  decl d7 class BadConsumer sym=s23
expr e0 name(Producer) type=_
expr e1 int(42) type=Int
expr e2 call callee=e0 args=[_:e1] type=<error>
expr e3 localDecl p mutable=0 type=t1 init=e2 type=Unit ref=s27
expr e4 name(Consumer) type=_
expr e5 call callee=e4 args=[] type=Class#14<Int> call=s16 map=[] targs=[Int]
expr e6 localDecl c mutable=0 type=t3 init=e5 type=Unit ref=s28
expr e7 name(null) type=Nothing?
