symbol s0 kind=package fq=golden.sema vis=public flags=_
symbol s1 kind=package fq=kotlin vis=public flags=synthetic
symbol s2 kind=package fq=kotlin.properties vis=public flags=synthetic
symbol s3 kind=interface fq=kotlin.properties.Lazy vis=public flags=synthetic
symbol s4 kind=interface fq=kotlin.properties.ReadWriteProperty vis=public flags=synthetic
symbol s5 kind=interface fq=kotlin.properties.ReadOnlyProperty vis=public flags=synthetic
symbol s6 kind=function fq=kotlin.lazy vis=public flags=synthetic sig=recv=_ params=[() -> Any] ret=Class#3 suspend=0 defaults=[] vararg=[]
symbol s7 kind=function fq=kotlin.lazy.mode vis=public flags=synthetic sig=recv=_ params=[Any,() -> Any] ret=Class#3 suspend=0 defaults=[] vararg=[]
symbol s8 kind=object fq=kotlin.properties.Delegates vis=public flags=synthetic type=Class#8
symbol s9 kind=function fq=kotlin.properties.Delegates.observable vis=public flags=synthetic sig=recv=Class#8 params=[Any] ret=Class#4 suspend=0 defaults=[] vararg=[]
symbol s10 kind=function fq=kotlin.properties.Delegates.vetoable vis=public flags=synthetic sig=recv=Class#8 params=[Any] ret=Class#4 suspend=0 defaults=[] vararg=[]
symbol s11 kind=class fq=kotlin.Pair vis=public flags=synthetic
symbol s12 kind=typeParameter fq=kotlin.Pair.A vis=private flags=_
symbol s13 kind=typeParameter fq=kotlin.Pair.B vis=private flags=_
symbol s14 kind=function fq=kotlin.Pair.component1 vis=public flags=synthetic|operatorFunction sig=recv=Class#11<out T#12, out T#13> params=[] ret=T#12 suspend=0 defaults=[] vararg=[]
symbol s15 kind=function fq=kotlin.Pair.component2 vis=public flags=synthetic|operatorFunction sig=recv=Class#11<out T#12, out T#13> params=[] ret=T#13 suspend=0 defaults=[] vararg=[]
symbol s16 kind=property fq=kotlin.Pair.first vis=public flags=synthetic type=T#12
symbol s17 kind=property fq=kotlin.Pair.second vis=public flags=synthetic type=T#13
symbol s18 kind=package fq=kotlin.collections vis=public flags=synthetic
symbol s19 kind=interface fq=kotlin.collections.Collection vis=public flags=synthetic
symbol s20 kind=typeParameter fq=kotlin.collections.Collection.E vis=private flags=_
symbol s21 kind=interface fq=kotlin.collections.List vis=public flags=synthetic
symbol s22 kind=typeParameter fq=kotlin.collections.List.E vis=private flags=_
symbol s23 kind=function fq=kotlin.collections.List.get vis=public flags=synthetic|operatorFunction sig=recv=Class#21<out T#22> params=[Int] ret=T#22 suspend=0 defaults=[] vararg=[]
symbol s24 kind=function fq=kotlin.collections.List.joinToString vis=public flags=synthetic sig=recv=Class#21<out T#22> params=[String,String,String] ret=String suspend=0 defaults=[1,1,1] vararg=[0,0,0]
symbol s25 kind=valueParameter fq=kotlin.collections.List.joinToString.separator vis=private flags=synthetic
symbol s26 kind=valueParameter fq=kotlin.collections.List.joinToString.prefix vis=private flags=synthetic
symbol s27 kind=valueParameter fq=kotlin.collections.List.joinToString.postfix vis=private flags=synthetic
symbol s28 kind=function fq=kotlin.collections.List.take vis=public flags=synthetic sig=recv=Class#21<out T#22> params=[Int] ret=Class#21<out T#22> suspend=0 defaults=[] vararg=[]
symbol s29 kind=function fq=kotlin.collections.List.drop vis=public flags=synthetic sig=recv=Class#21<out T#22> params=[Int] ret=Class#21<out T#22> suspend=0 defaults=[] vararg=[]
symbol s30 kind=function fq=kotlin.collections.List.reversed vis=public flags=synthetic sig=recv=Class#21<out T#22> params=[] ret=Class#21<out T#22> suspend=0 defaults=[] vararg=[]
symbol s31 kind=function fq=kotlin.collections.List.sorted vis=public flags=synthetic sig=recv=Class#21<out T#22> params=[] ret=Class#21<out T#22> suspend=0 defaults=[] vararg=[]
symbol s32 kind=function fq=kotlin.collections.List.distinct vis=public flags=synthetic sig=recv=Class#21<out T#22> params=[] ret=Class#21<out T#22> suspend=0 defaults=[] vararg=[]
symbol s33 kind=function fq=kotlin.collections.List.maxOrNull vis=public flags=synthetic sig=recv=Class#21<out T#22> params=[] ret=T#22? suspend=0 defaults=[] vararg=[]
symbol s34 kind=function fq=kotlin.collections.List.minOrNull vis=public flags=synthetic sig=recv=Class#21<out T#22> params=[] ret=T#22? suspend=0 defaults=[] vararg=[]
symbol s35 kind=function fq=kotlin.collections.List.sumOf vis=public flags=inlineFunction|synthetic sig=recv=Class#21<out T#22> params=[(T#22) -> Int] ret=Int suspend=0 defaults=[] vararg=[]
symbol s36 kind=interface fq=kotlin.collections.MutableList vis=public flags=synthetic
symbol s37 kind=typeParameter fq=kotlin.collections.MutableList.E vis=private flags=_
symbol s38 kind=function fq=kotlin.collections.MutableList.set vis=public flags=synthetic|operatorFunction sig=recv=Class#36<T#37> params=[Int,T#37] ret=T#37 suspend=0 defaults=[] vararg=[]
symbol s39 kind=function fq=kotlin.collections.MutableList.add vis=public flags=synthetic sig=recv=Class#36<T#37> params=[T#37] ret=Boolean suspend=0 defaults=[] vararg=[]
symbol s40 kind=function fq=kotlin.collections.MutableList.removeAt vis=public flags=synthetic sig=recv=Class#36<T#37> params=[Int] ret=T#37 suspend=0 defaults=[] vararg=[]
symbol s41 kind=function fq=kotlin.collections.MutableList.clear vis=public flags=synthetic sig=recv=Class#36<T#37> params=[] ret=Unit suspend=0 defaults=[] vararg=[]
symbol s42 kind=interface fq=kotlin.collections.Set vis=public flags=synthetic
symbol s43 kind=typeParameter fq=kotlin.collections.Set.E vis=private flags=_
symbol s44 kind=function fq=kotlin.collections.Set.contains vis=public flags=synthetic sig=recv=Class#42<out T#43> params=[T#43] ret=Boolean suspend=0 defaults=[] vararg=[]
symbol s45 kind=interface fq=kotlin.collections.MutableSet vis=public flags=synthetic
symbol s46 kind=typeParameter fq=kotlin.collections.MutableSet.E vis=private flags=_
symbol s47 kind=function fq=kotlin.collections.MutableSet.add vis=public flags=synthetic sig=recv=Class#45<T#46> params=[T#46] ret=Boolean suspend=0 defaults=[] vararg=[]
symbol s48 kind=function fq=kotlin.collections.MutableSet.remove vis=public flags=synthetic sig=recv=Class#45<T#46> params=[T#46] ret=Boolean suspend=0 defaults=[] vararg=[]
symbol s49 kind=function fq=kotlin.collections.List.toMutableList vis=public flags=synthetic sig=recv=Class#21<out T#22> params=[] ret=Class#36<T#22> suspend=0 defaults=[] vararg=[]
symbol s50 kind=function fq=kotlin.collections.List.toSet vis=public flags=synthetic sig=recv=Class#21<out T#22> params=[] ret=Class#42<out T#22> suspend=0 defaults=[] vararg=[]
symbol s51 kind=interface fq=kotlin.collections.Map vis=public flags=synthetic
symbol s52 kind=typeParameter fq=kotlin.collections.Map.K vis=private flags=_
symbol s53 kind=typeParameter fq=kotlin.collections.Map.V vis=private flags=_
symbol s54 kind=function fq=kotlin.collections.Map.get vis=public flags=synthetic|operatorFunction sig=recv=Class#51<out T#52, out T#53> params=[T#52] ret=T#53? suspend=0 defaults=[] vararg=[]
symbol s55 kind=function fq=kotlin.collections.Map.containsKey vis=public flags=synthetic sig=recv=Class#51<out T#52, out T#53> params=[T#52] ret=Boolean suspend=0 defaults=[] vararg=[]
symbol s56 kind=interface fq=kotlin.collections.MutableMap vis=public flags=synthetic
symbol s57 kind=typeParameter fq=kotlin.collections.MutableMap.K vis=private flags=_
symbol s58 kind=typeParameter fq=kotlin.collections.MutableMap.V vis=private flags=_
symbol s59 kind=function fq=kotlin.collections.MutableMap.set vis=public flags=synthetic|operatorFunction sig=recv=Class#56<T#57, T#58> params=[T#57,T#58] ret=Unit suspend=0 defaults=[] vararg=[]
symbol s60 kind=function fq=kotlin.collections.MutableMap.put vis=public flags=synthetic sig=recv=Class#56<T#57, T#58> params=[T#57,T#58] ret=T#58? suspend=0 defaults=[] vararg=[]
symbol s61 kind=function fq=kotlin.collections.MutableMap.remove vis=public flags=synthetic sig=recv=Class#56<T#57, T#58> params=[T#57] ret=T#58? suspend=0 defaults=[] vararg=[]
symbol s62 kind=function fq=kotlin.collections.Map.toMutableMap vis=public flags=synthetic sig=recv=Class#51<out T#52, out T#53> params=[] ret=Class#56<T#52, T#53> suspend=0 defaults=[] vararg=[]
symbol s63 kind=interface fq=kotlin.collections.Map.Entry vis=public flags=synthetic
symbol s64 kind=function fq=kotlin.collections.Map.Entry.component1 vis=public flags=synthetic|operatorFunction sig=recv=Class#63<out T#52, out T#53> params=[] ret=T#52 suspend=0 defaults=[] vararg=[]
symbol s65 kind=function fq=kotlin.collections.Map.Entry.component2 vis=public flags=synthetic|operatorFunction sig=recv=Class#63<out T#52, out T#53> params=[] ret=T#53 suspend=0 defaults=[] vararg=[]
symbol s66 kind=function fq=kotlin.collections.Map.Entry.key vis=public flags=synthetic sig=recv=Class#63<out T#52, out T#53> params=[] ret=T#52 suspend=0 defaults=[] vararg=[]
symbol s67 kind=function fq=kotlin.collections.Map.Entry.value vis=public flags=synthetic sig=recv=Class#63<out T#52, out T#53> params=[] ret=T#53 suspend=0 defaults=[] vararg=[]
symbol s68 kind=function fq=kotlin.collections.Map.keys vis=public flags=synthetic sig=recv=Class#51<out T#52, out T#53> params=[] ret=Class#42<out T#52> suspend=0 defaults=[] vararg=[]
symbol s69 kind=function fq=kotlin.collections.Map.entries vis=public flags=synthetic sig=recv=Class#51<out T#52, out T#53> params=[] ret=Class#42<out Class#63<out T#52, out T#53>> suspend=0 defaults=[] vararg=[]
symbol s70 kind=function fq=kotlin.collections.Map.values vis=public flags=synthetic sig=recv=Class#51<out T#52, out T#53> params=[] ret=Class#19<out T#53> suspend=0 defaults=[] vararg=[]
symbol s71 kind=function fq=kotlin.collections.Map.forEach vis=public flags=inlineFunction|synthetic sig=recv=Class#51<out T#52, out T#53> params=[(Class#63<out T#52, out T#53>) -> Unit] ret=Unit suspend=0 defaults=[] vararg=[]
symbol s72 kind=typeParameter fq=kotlin.collections.Map.map.R vis=private flags=_
symbol s73 kind=function fq=kotlin.collections.Map.map vis=public flags=inlineFunction|synthetic sig=recv=Class#51<out T#52, out T#53> params=[(Class#63<out T#52, out T#53>) -> T#72?] ret=Class#21<out T#72?> suspend=0 defaults=[] vararg=[]
symbol s74 kind=typeParameter fq=kotlin.collections.Map.mapValues.R vis=private flags=_
symbol s75 kind=function fq=kotlin.collections.Map.mapValues vis=public flags=inlineFunction|synthetic sig=recv=Class#51<out T#52, out T#53> params=[(Class#63<out T#52, out T#53>) -> T#74] ret=Class#51<out T#52, out T#74> suspend=0 defaults=[] vararg=[]
symbol s76 kind=typeParameter fq=kotlin.collections.Map.mapKeys.R vis=private flags=_
symbol s77 kind=function fq=kotlin.collections.Map.mapKeys vis=public flags=inlineFunction|synthetic sig=recv=Class#51<out T#52, out T#53> params=[(Class#63<out T#52, out T#53>) -> T#76] ret=Class#51<out T#76, out T#53> suspend=0 defaults=[] vararg=[]
symbol s78 kind=function fq=kotlin.collections.Map.filter vis=public flags=inlineFunction|synthetic sig=recv=Class#51<out T#52, out T#53> params=[(Class#63<out T#52, out T#53>) -> Boolean] ret=Class#51<out T#52, out T#53> suspend=0 defaults=[] vararg=[]
symbol s79 kind=function fq=kotlin.collections.Map.toList vis=public flags=synthetic sig=recv=Class#51<out T#52, out T#53> params=[] ret=Class#21<out Class#11<T#52, T#53>> suspend=0 defaults=[] vararg=[]
symbol s80 kind=typeParameter fq=kotlin.collections.buildList.E vis=private flags=_
symbol s81 kind=valueParameter fq=kotlin.collections.buildList.builderAction vis=private flags=synthetic
symbol s82 kind=function fq=kotlin.collections.buildList vis=public flags=synthetic sig=recv=_ params=[Class#36<T#80>.() -> Unit] ret=Class#21<out T#80> suspend=0 defaults=[0] vararg=[0]
symbol s83 kind=interface fq=kotlin.Comparable vis=public flags=synthetic
symbol s84 kind=typeParameter fq=kotlin.Comparable.T vis=private flags=_
symbol s85 kind=function fq=kotlin.Comparable.compareTo vis=public flags=synthetic|operatorFunction sig=recv=Class#83<T#84> params=[T#84] ret=Int suspend=0 defaults=[] vararg=[]
symbol s86 kind=package fq=kotlin.comparisons vis=public flags=synthetic
symbol s87 kind=function fq=kotlin.comparisons.maxOf vis=public flags=inlineFunction|synthetic sig=recv=_ params=[Int,Int] ret=Int suspend=0 defaults=[0,0] vararg=[0,0]
symbol s88 kind=valueParameter fq=kotlin.comparisons.maxOf.a vis=private flags=synthetic
symbol s89 kind=valueParameter fq=kotlin.comparisons.maxOf.b vis=private flags=synthetic
symbol s90 kind=function fq=kotlin.comparisons.minOf vis=public flags=inlineFunction|synthetic sig=recv=_ params=[Int,Int] ret=Int suspend=0 defaults=[0,0] vararg=[0,0]
symbol s91 kind=valueParameter fq=kotlin.comparisons.minOf.a vis=private flags=synthetic
symbol s92 kind=valueParameter fq=kotlin.comparisons.minOf.b vis=private flags=synthetic
symbol s93 kind=package fq=kotlin.text vis=public flags=synthetic
symbol s94 kind=function fq=kotlin.text.length vis=public flags=synthetic sig=recv=String params=[] ret=Int suspend=0 defaults=[] vararg=[]
symbol s95 kind=function fq=kotlin.text.trim vis=public flags=synthetic sig=recv=String params=[] ret=String suspend=0 defaults=[] vararg=[]
symbol s96 kind=function fq=kotlin.text.lowercase vis=public flags=synthetic sig=recv=String params=[] ret=String suspend=0 defaults=[] vararg=[]
symbol s97 kind=function fq=kotlin.text.uppercase vis=public flags=synthetic sig=recv=String params=[] ret=String suspend=0 defaults=[] vararg=[]
symbol s98 kind=function fq=kotlin.text.split vis=public flags=synthetic sig=recv=String params=[String] ret=Class#21<out String> suspend=0 defaults=[0] vararg=[0]
symbol s99 kind=valueParameter fq=kotlin.text.split.delimiters vis=private flags=synthetic
symbol s100 kind=function fq=kotlin.text.replace vis=public flags=synthetic sig=recv=String params=[String,String] ret=String suspend=0 defaults=[0,0] vararg=[0,0]
symbol s101 kind=valueParameter fq=kotlin.text.replace.oldValue vis=private flags=synthetic
symbol s102 kind=valueParameter fq=kotlin.text.replace.newValue vis=private flags=synthetic
symbol s103 kind=function fq=kotlin.text.startsWith vis=public flags=synthetic sig=recv=String params=[String] ret=Boolean suspend=0 defaults=[0] vararg=[0]
symbol s104 kind=valueParameter fq=kotlin.text.startsWith.prefix vis=private flags=synthetic
symbol s105 kind=function fq=kotlin.text.endsWith vis=public flags=synthetic sig=recv=String params=[String] ret=Boolean suspend=0 defaults=[0] vararg=[0]
symbol s106 kind=valueParameter fq=kotlin.text.endsWith.suffix vis=private flags=synthetic
symbol s107 kind=function fq=kotlin.text.contains vis=public flags=synthetic sig=recv=String params=[String] ret=Boolean suspend=0 defaults=[0] vararg=[0]
symbol s108 kind=valueParameter fq=kotlin.text.contains.other vis=private flags=synthetic
symbol s109 kind=function fq=kotlin.text.toInt vis=public flags=synthetic sig=recv=String params=[] ret=Int suspend=0 defaults=[] vararg=[]
symbol s110 kind=function fq=kotlin.text.toIntOrNull vis=public flags=synthetic sig=recv=String params=[] ret=Int? suspend=0 defaults=[] vararg=[]
symbol s111 kind=function fq=kotlin.text.toDouble vis=public flags=synthetic sig=recv=String params=[] ret=Double suspend=0 defaults=[] vararg=[]
symbol s112 kind=function fq=kotlin.text.toDoubleOrNull vis=public flags=synthetic sig=recv=String params=[] ret=Double? suspend=0 defaults=[] vararg=[]
symbol s113 kind=function fq=kotlin.text.substring vis=public flags=synthetic sig=recv=String params=[Int] ret=String suspend=0 defaults=[0] vararg=[0]
symbol s114 kind=valueParameter fq=kotlin.text.substring.startIndex vis=private flags=synthetic
symbol s115 kind=function fq=kotlin.text.substring vis=public flags=synthetic sig=recv=String params=[Int,Int] ret=String suspend=0 defaults=[0,0] vararg=[0,0]
symbol s116 kind=valueParameter fq=kotlin.text.substring.endIndex vis=private flags=synthetic
symbol s117 kind=function fq=kotlin.text.format vis=public flags=synthetic sig=recv=String params=[Any?] ret=String suspend=0 defaults=[0] vararg=[1]
symbol s118 kind=valueParameter fq=kotlin.text.format.args vis=private flags=synthetic
symbol s119 kind=function fq=kotlin.text.trimIndent vis=public flags=synthetic sig=recv=String params=[] ret=String suspend=0 defaults=[] vararg=[]
symbol s120 kind=function fq=kotlin.text.trimMargin vis=public flags=synthetic sig=recv=String params=[] ret=String suspend=0 defaults=[] vararg=[]
symbol s121 kind=function fq=kotlin.text.trimMargin vis=public flags=synthetic sig=recv=String params=[String] ret=String suspend=0 defaults=[0] vararg=[0]
symbol s122 kind=valueParameter fq=kotlin.text.trimMargin.marginPrefix vis=private flags=synthetic
symbol s123 kind=function fq=kotlin.text.indexOf vis=public flags=synthetic sig=recv=String params=[String] ret=Int suspend=0 defaults=[0] vararg=[0]
symbol s124 kind=valueParameter fq=kotlin.text.indexOf.other vis=private flags=synthetic
symbol s125 kind=function fq=kotlin.text.lastIndexOf vis=public flags=synthetic sig=recv=String params=[String] ret=Int suspend=0 defaults=[0] vararg=[0]
symbol s126 kind=valueParameter fq=kotlin.text.lastIndexOf.other vis=private flags=synthetic
symbol s127 kind=function fq=kotlin.text.repeat vis=public flags=synthetic sig=recv=String params=[Int] ret=String suspend=0 defaults=[0] vararg=[0]
symbol s128 kind=valueParameter fq=kotlin.text.repeat.count vis=private flags=synthetic
symbol s129 kind=function fq=kotlin.text.reversed vis=public flags=synthetic sig=recv=String params=[] ret=String suspend=0 defaults=[] vararg=[]
symbol s130 kind=function fq=kotlin.text.toList vis=public flags=synthetic sig=recv=String params=[] ret=Class#21<out Char> suspend=0 defaults=[] vararg=[]
symbol s131 kind=function fq=kotlin.text.toCharArray vis=public flags=synthetic sig=recv=String params=[] ret=Class#21<out Char> suspend=0 defaults=[] vararg=[]
symbol s132 kind=function fq=kotlin.text.padStart vis=public flags=synthetic sig=recv=String params=[Int,Char] ret=String suspend=0 defaults=[0,0] vararg=[0,0]
symbol s133 kind=valueParameter fq=kotlin.text.padStart.length vis=private flags=synthetic
symbol s134 kind=valueParameter fq=kotlin.text.padStart.padChar vis=private flags=synthetic
symbol s135 kind=function fq=kotlin.text.padEnd vis=public flags=synthetic sig=recv=String params=[Int,Char] ret=String suspend=0 defaults=[0,0] vararg=[0,0]
symbol s136 kind=valueParameter fq=kotlin.text.padEnd.length vis=private flags=synthetic
symbol s137 kind=valueParameter fq=kotlin.text.padEnd.padChar vis=private flags=synthetic
symbol s138 kind=function fq=kotlin.text.drop vis=public flags=synthetic sig=recv=String params=[Int] ret=String suspend=0 defaults=[0] vararg=[0]
symbol s139 kind=valueParameter fq=kotlin.text.drop.n vis=private flags=synthetic
symbol s140 kind=function fq=kotlin.text.take vis=public flags=synthetic sig=recv=String params=[Int] ret=String suspend=0 defaults=[0] vararg=[0]
symbol s141 kind=valueParameter fq=kotlin.text.take.n vis=private flags=synthetic
symbol s142 kind=function fq=kotlin.text.dropLast vis=public flags=synthetic sig=recv=String params=[Int] ret=String suspend=0 defaults=[0] vararg=[0]
symbol s143 kind=valueParameter fq=kotlin.text.dropLast.n vis=private flags=synthetic
symbol s144 kind=function fq=kotlin.text.takeLast vis=public flags=synthetic sig=recv=String params=[Int] ret=String suspend=0 defaults=[0] vararg=[0]
symbol s145 kind=valueParameter fq=kotlin.text.takeLast.n vis=private flags=synthetic
symbol s146 kind=package fq=kotlin.math vis=public flags=synthetic
symbol s147 kind=function fq=kotlin.math.abs vis=public flags=synthetic sig=recv=_ params=[Int] ret=Int suspend=0 defaults=[0] vararg=[0]
symbol s148 kind=valueParameter fq=kotlin.math.abs.x vis=private flags=synthetic
symbol s149 kind=function fq=kotlin.math.abs vis=public flags=synthetic sig=recv=_ params=[Double] ret=Double suspend=0 defaults=[0] vararg=[0]
symbol s150 kind=function fq=kotlin.math.sqrt vis=public flags=synthetic sig=recv=_ params=[Double] ret=Double suspend=0 defaults=[0] vararg=[0]
symbol s151 kind=valueParameter fq=kotlin.math.sqrt.x vis=private flags=synthetic
symbol s152 kind=function fq=kotlin.math.pow vis=public flags=synthetic sig=recv=_ params=[Double,Double] ret=Double suspend=0 defaults=[0,0] vararg=[0,0]
symbol s153 kind=valueParameter fq=kotlin.math.pow.x vis=private flags=synthetic
symbol s154 kind=valueParameter fq=kotlin.math.pow.y vis=private flags=synthetic
symbol s155 kind=function fq=kotlin.math.ceil vis=public flags=synthetic sig=recv=_ params=[Double] ret=Double suspend=0 defaults=[0] vararg=[0]
symbol s156 kind=valueParameter fq=kotlin.math.ceil.x vis=private flags=synthetic
symbol s157 kind=function fq=kotlin.math.floor vis=public flags=synthetic sig=recv=_ params=[Double] ret=Double suspend=0 defaults=[0] vararg=[0]
symbol s158 kind=valueParameter fq=kotlin.math.floor.x vis=private flags=synthetic
symbol s159 kind=function fq=kotlin.math.round vis=public flags=synthetic sig=recv=_ params=[Double] ret=Double suspend=0 defaults=[0] vararg=[0]
symbol s160 kind=valueParameter fq=kotlin.math.round.x vis=private flags=synthetic
symbol s161 kind=function fq=kotlin.repeat vis=public flags=inlineFunction|synthetic sig=recv=_ params=[Int,(Int) -> Unit] ret=Unit suspend=0 defaults=[0,0] vararg=[0,0]
symbol s162 kind=valueParameter fq=kotlin.repeat.times vis=private flags=synthetic
symbol s163 kind=valueParameter fq=kotlin.repeat.action vis=private flags=synthetic
symbol s164 kind=typeParameter fq=kotlin.with.T vis=private flags=_
symbol s165 kind=typeParameter fq=kotlin.with.R vis=private flags=_
symbol s166 kind=valueParameter fq=kotlin.with.receiver vis=private flags=synthetic
symbol s167 kind=valueParameter fq=kotlin.with.block vis=private flags=synthetic
symbol s168 kind=function fq=kotlin.with vis=public flags=inlineFunction|synthetic sig=recv=_ params=[T#164,T#164.() -> T#165] ret=T#165 suspend=0 defaults=[0,0] vararg=[0,0]
symbol s169 kind=class fq=kotlin.Throwable vis=public flags=synthetic type=Class#169
symbol s170 kind=class fq=kotlin.Exception vis=public flags=synthetic type=Class#170
symbol s171 kind=class fq=kotlin.RuntimeException vis=public flags=synthetic type=Class#171
symbol s172 kind=class fq=kotlin.UninitializedPropertyAccessException vis=public flags=synthetic type=Class#172
symbol s173 kind=class fq=kotlin.NullPointerException vis=public flags=synthetic type=Class#173
symbol s174 kind=class fq=kotlin.NumberFormatException vis=public flags=synthetic type=Class#174
symbol s175 kind=class fq=kotlin.CancellationException vis=public flags=synthetic type=Class#175
symbol s176 kind=constructor fq=kotlin.Exception.<init> vis=public flags=synthetic sig=recv=_ params=[] ret=Class#170 suspend=0 defaults=[] vararg=[]
symbol s177 kind=constructor fq=kotlin.RuntimeException.<init> vis=public flags=synthetic sig=recv=_ params=[] ret=Class#171 suspend=0 defaults=[] vararg=[]
symbol s178 kind=constructor fq=kotlin.RuntimeException.<init> vis=public flags=synthetic sig=recv=_ params=[String] ret=Class#171 suspend=0 defaults=[0] vararg=[0]
symbol s179 kind=valueParameter fq=kotlin.RuntimeException.<init>.message vis=private flags=synthetic
symbol s180 kind=constructor fq=kotlin.UninitializedPropertyAccessException.<init> vis=public flags=synthetic sig=recv=_ params=[] ret=Class#172 suspend=0 defaults=[] vararg=[]
symbol s181 kind=constructor fq=kotlin.UninitializedPropertyAccessException.<init> vis=public flags=synthetic sig=recv=_ params=[String] ret=Class#172 suspend=0 defaults=[0] vararg=[0]
symbol s182 kind=valueParameter fq=kotlin.UninitializedPropertyAccessException.<init>.message vis=private flags=synthetic
symbol s183 kind=constructor fq=kotlin.NullPointerException.<init> vis=public flags=synthetic sig=recv=_ params=[] ret=Class#173 suspend=0 defaults=[] vararg=[]
symbol s184 kind=constructor fq=kotlin.NumberFormatException.<init> vis=public flags=synthetic sig=recv=_ params=[] ret=Class#174 suspend=0 defaults=[] vararg=[]
symbol s185 kind=constructor fq=kotlin.NumberFormatException.<init> vis=public flags=synthetic sig=recv=_ params=[String] ret=Class#174 suspend=0 defaults=[0] vararg=[0]
symbol s186 kind=valueParameter fq=kotlin.NumberFormatException.<init>.message vis=private flags=synthetic
symbol s187 kind=constructor fq=kotlin.CancellationException.<init> vis=public flags=synthetic sig=recv=_ params=[] ret=Class#175 suspend=0 defaults=[] vararg=[]
symbol s188 kind=constructor fq=kotlin.CancellationException.<init> vis=public flags=synthetic sig=recv=_ params=[String] ret=Class#175 suspend=0 defaults=[0] vararg=[0]
symbol s189 kind=valueParameter fq=kotlin.CancellationException.<init>.message vis=private flags=synthetic
symbol s190 kind=package fq=kotlinx vis=public flags=synthetic
symbol s191 kind=package fq=kotlinx.coroutines vis=public flags=synthetic
symbol s192 kind=package fq=kotlinx.coroutines.channels vis=public flags=synthetic
symbol s193 kind=class fq=kotlinx.coroutines.Job vis=public flags=synthetic type=Class#193
symbol s194 kind=class fq=kotlinx.coroutines.Deferred vis=public flags=synthetic type=Class#194
symbol s195 kind=object fq=kotlinx.coroutines.Dispatchers vis=public flags=synthetic type=Class#195
symbol s196 kind=class fq=kotlinx.coroutines.channels.Channel vis=public flags=synthetic type=Class#196
symbol s197 kind=class fq=kotlinx.coroutines.CancellationException vis=public flags=synthetic type=Class#197
symbol s198 kind=class fq=CancellationException vis=public flags=synthetic type=Class#198
symbol s199 kind=function fq=kotlinx.coroutines.runBlocking vis=public flags=synthetic sig=recv=_ params=[suspend () -> Any] ret=Any suspend=0 defaults=[0] vararg=[0]
symbol s200 kind=valueParameter fq=kotlinx.coroutines.runBlocking.block vis=private flags=synthetic
symbol s201 kind=function fq=kotlinx.coroutines.launch vis=public flags=synthetic sig=recv=_ params=[suspend () -> Unit] ret=Class#193 suspend=0 defaults=[0] vararg=[0]
symbol s202 kind=valueParameter fq=kotlinx.coroutines.launch.block vis=private flags=synthetic
symbol s203 kind=function fq=kotlinx.coroutines.async vis=public flags=synthetic sig=recv=_ params=[suspend () -> Any] ret=Class#194 suspend=0 defaults=[0] vararg=[0]
symbol s204 kind=valueParameter fq=kotlinx.coroutines.async.block vis=private flags=synthetic
symbol s205 kind=function fq=kotlinx.coroutines.delay vis=public flags=synthetic sig=recv=_ params=[Long] ret=Unit suspend=0 defaults=[0] vararg=[0]
symbol s206 kind=valueParameter fq=kotlinx.coroutines.delay.timeMillis vis=private flags=synthetic
symbol s207 kind=function fq=kotlinx.coroutines.withContext vis=public flags=synthetic sig=recv=_ params=[Any,suspend () -> Any] ret=Any suspend=0 defaults=[0,0] vararg=[0,0]
symbol s208 kind=valueParameter fq=kotlinx.coroutines.withContext.context vis=private flags=synthetic
symbol s209 kind=valueParameter fq=kotlinx.coroutines.withContext.block vis=private flags=synthetic
symbol s210 kind=constructor fq=kotlinx.coroutines.channels.Channel.<init> vis=public flags=synthetic sig=recv=_ params=[] ret=Class#196 suspend=0 defaults=[] vararg=[]
symbol s211 kind=property fq=kotlinx.coroutines.Dispatchers.Default vis=public flags=synthetic type=Any
symbol s212 kind=property fq=kotlinx.coroutines.Dispatchers.IO vis=public flags=synthetic type=Any
symbol s213 kind=property fq=kotlinx.coroutines.Dispatchers.Main vis=public flags=synthetic type=Any
symbol s214 kind=function fq=kotlinx.coroutines.Job.cancel vis=public flags=synthetic sig=recv=Class#193 params=[] ret=Unit suspend=0 defaults=[] vararg=[]
symbol s215 kind=function fq=kotlinx.coroutines.Job.join vis=public flags=synthetic sig=recv=Class#193 params=[] ret=Unit suspend=0 defaults=[] vararg=[]
symbol s216 kind=function fq=kotlinx.coroutines.Deferred.await vis=public flags=synthetic sig=recv=Class#194 params=[] ret=Any suspend=0 defaults=[] vararg=[]
symbol s217 kind=function fq=kotlinx.coroutines.channels.Channel.send vis=public flags=synthetic sig=recv=Class#196 params=[Any] ret=Unit suspend=0 defaults=[0] vararg=[0]
symbol s218 kind=valueParameter fq=kotlinx.coroutines.channels.Channel.send.value vis=private flags=synthetic
symbol s219 kind=function fq=kotlinx.coroutines.channels.Channel.receive vis=public flags=synthetic sig=recv=Class#196 params=[] ret=Any suspend=0 defaults=[] vararg=[]
symbol s220 kind=function fq=kotlinx.coroutines.channels.Channel.close vis=public flags=synthetic sig=recv=Class#196 params=[] ret=Unit suspend=0 defaults=[] vararg=[]
symbol s221 kind=package fq=kotlin.contracts vis=public flags=synthetic
symbol s222 kind=class fq=kotlin.contracts.ContractBuilder vis=public flags=synthetic
symbol s223 kind=class fq=kotlin.contracts.ContractEffect vis=public flags=synthetic
symbol s224 kind=function fq=kotlin.contracts.contract vis=public flags=inlineFunction|synthetic sig=recv=_ params=[Class#222.() -> Unit] ret=Unit suspend=0 defaults=[] vararg=[]
symbol s225 kind=function fq=kotlin.contracts.ContractBuilder.returns vis=public flags=synthetic sig=recv=Class#222 params=[] ret=Class#223 suspend=0 defaults=[] vararg=[]
symbol s226 kind=function fq=kotlin.contracts.ContractEffect.implies vis=public flags=synthetic sig=recv=Class#223 params=[Boolean] ret=Unit suspend=0 defaults=[] vararg=[]
symbol s227 kind=function fq=kotlin.require vis=public flags=synthetic sig=recv=_ params=[Boolean] ret=Unit suspend=0 defaults=[0] vararg=[0]
symbol s228 kind=valueParameter fq=kotlin.require.condition vis=private flags=synthetic
symbol s229 kind=function fq=kotlin.check vis=public flags=synthetic sig=recv=_ params=[Boolean] ret=Unit suspend=0 defaults=[0] vararg=[0]
symbol s230 kind=valueParameter fq=kotlin.check.condition vis=private flags=synthetic
symbol s231 kind=function fq=kotlin.error vis=public flags=synthetic sig=recv=_ params=[String] ret=Nothing suspend=0 defaults=[0] vararg=[0]
symbol s232 kind=valueParameter fq=kotlin.error.message vis=private flags=synthetic
symbol s233 kind=function fq=kotlin.TODO vis=public flags=synthetic sig=recv=_ params=[String] ret=Nothing suspend=0 defaults=[0] vararg=[0]
symbol s234 kind=valueParameter fq=kotlin.TODO.reason vis=private flags=synthetic
symbol s235 kind=package fq=kotlin.io vis=public flags=synthetic
symbol s236 kind=function fq=kotlin.io.println vis=public flags=synthetic sig=recv=_ params=[] ret=Unit suspend=0 defaults=[] vararg=[]
symbol s237 kind=function fq=kotlin.io.println vis=public flags=synthetic sig=recv=_ params=[Any?] ret=Unit suspend=0 defaults=[0] vararg=[0]
symbol s238 kind=valueParameter fq=kotlin.io.println.message vis=private flags=synthetic
symbol s239 kind=function fq=kotlin.io.readLine vis=public flags=synthetic sig=recv=_ params=[] ret=String? suspend=0 defaults=[] vararg=[]
symbol s240 kind=interface fq=kotlin.collections.IndexedValue vis=public flags=synthetic
symbol s241 kind=typeParameter fq=kotlin.collections.IndexedValue.T vis=private flags=_
symbol s242 kind=function fq=kotlin.collections.IndexedValue.component1 vis=public flags=synthetic|operatorFunction sig=recv=Class#240<out T#241> params=[] ret=Int suspend=0 defaults=[] vararg=[]
symbol s243 kind=function fq=kotlin.collections.IndexedValue.component2 vis=public flags=synthetic|operatorFunction sig=recv=Class#240<out T#241> params=[] ret=T#241 suspend=0 defaults=[] vararg=[]
symbol s244 kind=property fq=kotlin.collections.IndexedValue.index vis=public flags=synthetic type=Int
symbol s245 kind=property fq=kotlin.collections.IndexedValue.value vis=public flags=synthetic type=T#241
symbol s246 kind=function fq=kotlin.collections.List.withIndex vis=public flags=synthetic sig=recv=Class#21<out T#22> params=[] ret=Class#21<out Class#240<out T#22>> suspend=0 defaults=[] vararg=[]
symbol s247 kind=function fq=kotlin.collections.List.forEachIndexed vis=public flags=inlineFunction|synthetic sig=recv=Class#21<out T#22> params=[(Int, T#22) -> Unit] ret=Unit suspend=0 defaults=[] vararg=[]
symbol s248 kind=typeParameter fq=kotlin.collections.List.mapIndexed.R vis=private flags=_
symbol s249 kind=function fq=kotlin.collections.List.mapIndexed vis=public flags=inlineFunction|synthetic sig=recv=Class#21<out T#22> params=[(Int, T#22) -> T#248] ret=Class#21<out T#248> suspend=0 defaults=[] vararg=[]
symbol s250 kind=enumClass fq=golden.sema.Color vis=public flags=_
symbol s251 kind=constructor fq=golden.sema.Color.<init> vis=public flags=_ sig=recv=Class#250 params=[] ret=Class#250 suspend=0 defaults=[] vararg=[]
symbol s252 kind=field fq=golden.sema.Color.Red vis=public flags=_ type=Class#250
symbol s253 kind=field fq=golden.sema.Color.Green vis=public flags=_ type=Class#250
symbol s254 kind=field fq=golden.sema.Color.Blue vis=public flags=_ type=Class#250
symbol s255 kind=function fq=golden.sema.classify vis=public flags=_ sig=recv=_ params=[Int] ret=String suspend=0 defaults=[0] vararg=[0]
symbol s256 kind=valueParameter fq=golden.sema.classify.$255.x vis=private flags=_
symbol s257 kind=function fq=golden.sema.classifyColor vis=public flags=_ sig=recv=_ params=[Class#250] ret=String suspend=0 defaults=[0] vararg=[0]
symbol s258 kind=valueParameter fq=golden.sema.classifyColor.$257.c vis=private flags=_
symbol s259 kind=function fq=golden.sema.classifyBool vis=public flags=_ sig=recv=_ params=[Boolean] ret=String suspend=0 defaults=[0] vararg=[0]
symbol s260 kind=valueParameter fq=golden.sema.classifyBool.$259.b vis=private flags=_
file f0 package=golden.sema
  decl d0 class Color sym=s250
  decl d1 fun classify suspend=0 inline=0 sym=s255
  decl d2 fun classifyColor suspend=0 inline=0 sym=s257
  decl d3 fun classifyBool suspend=0 inline=0 sym=s259
expr e0 name(x) type=Int ref=s256
expr e1 int(1) type=Int
expr e2 int(2) type=Int
expr e3 int(3) type=Int
expr e4 string(few) type=String
expr e5 int(4) type=Int
expr e6 int(5) type=Int
expr e7 string(some) type=String
expr e8 string(many) type=String
expr e9 when subject=e0 branches=[e1,e2,e3->e4,e5,e6->e7] else=e8 type=String
expr e10 name(c) type=Class#250 ref=s258
expr e11 name(Color) type=Any ref=s250
expr e12 memberCall recv=e11 callee=Red args=[] type=Class#250 ref=s252
expr e13 name(Color) type=Any ref=s250
expr e14 memberCall recv=e13 callee=Green args=[] type=Class#250 ref=s253
expr e15 string(warm) type=String
expr e16 name(Color) type=Any ref=s250
expr e17 memberCall recv=e16 callee=Blue args=[] type=Class#250 ref=s254
expr e18 string(cold) type=String
expr e19 when subject=e10 branches=[e12,e14->e15,e17->e18] else=_ type=String
expr e20 name(b) type=Boolean ref=s260
expr e21 bool(true) type=Boolean
expr e22 bool(false) type=Boolean
expr e23 string(always) type=String
expr e24 when subject=e20 branches=[e21,e22->e23] else=_ type=String
