node kotlinFile f0:0..25
  node funDecl f0:0..25
    tok keyword(fun) f0:0..3
    tok identifier(precedence) f0:4..14
    node statement f0:14..16
      tok symbol(() f0:14..15
      tok symbol()) f0:15..16
    tok symbol(:) f0:16..17
    tok identifier(Boolean) f0:18..25
    node block f0:26..280
      tok symbol({) f0:26..27
      node propertyDecl f0:32..49
        tok keyword(val) f0:32..35
        tok identifier(a) f0:36..37
        tok symbol(=) f0:38..39
        tok intLiteral(1) f0:40..41
        tok symbol(+) f0:42..43
        tok intLiteral(2) f0:44..45
        tok symbol(*) f0:46..47
        tok intLiteral(3) f0:48..49
      node propertyDecl f0:54..84
        tok keyword(val) f0:54..57
        tok identifier(b) f0:58..59
        tok symbol(=) f0:60..61
        tok keyword(true) f0:62..66
        tok symbol(||) f0:67..69
        tok keyword(false) f0:70..75
        tok symbol(&&) f0:76..78
        tok keyword(false) f0:79..84
      node propertyDecl f0:89..107
        tok keyword(val) f0:89..92
        tok identifier(c) f0:93..94
        tok symbol(=) f0:95..96
        tok intLiteral(1) f0:97..98
        tok symbol(+) f0:99..100
        tok intLiteral(2) f0:101..102
        tok symbol(==) f0:103..105
        tok intLiteral(3) f0:106..107
      node propertyDecl f0:112..129
        tok keyword(val) f0:112..115
        tok identifier(d) f0:116..117
        tok symbol(=) f0:118..119
        tok intLiteral(4) f0:120..121
        tok symbol(/) f0:122..123
        tok intLiteral(2) f0:124..125
        tok symbol(-) f0:126..127
        tok intLiteral(1) f0:128..129
      node propertyDecl f0:134..159
        tok keyword(val) f0:134..137
        tok identifier(e) f0:138..139
        tok symbol(=) f0:140..141
        tok identifier(a) f0:142..143
        tok symbol(+) f0:144..145
        tok identifier(b) f0:146..147
        tok symbol(*) f0:148..149
        tok identifier(c) f0:150..151
        tok symbol(-) f0:152..153
        tok identifier(d) f0:154..155
        tok symbol(/) f0:156..157
        tok identifier(e) f0:158..159
      node propertyDecl f0:164..184
        tok keyword(val) f0:164..167
        tok identifier(f) f0:168..169
        tok symbol(=) f0:170..171
        tok intLiteral(1) f0:172..173
        tok symbol(..) f0:173..175
        tok intLiteral(10) f0:175..177
        tok identifier(step) f0:178..182
        tok intLiteral(2) f0:183..184
      node propertyDecl f0:189..215
        tok keyword(val) f0:189..192
        tok identifier(g) f0:193..194
        tok symbol(=) f0:195..196
        tok intLiteral(10) f0:197..199
        tok identifier(downTo) f0:200..206
        tok intLiteral(1) f0:207..208
        tok identifier(step) f0:209..213
        tok intLiteral(2) f0:214..215
      node propertyDecl f0:220..240
        tok keyword(val) f0:220..223
        tok identifier(h) f0:224..225
        tok symbol(=) f0:226..227
        tok identifier(x) f0:228..229
        tok identifier(shl) f0:230..233
        tok intLiteral(2) f0:234..235
        tok identifier(or) f0:236..238
        tok identifier(y) f0:239..240
      node statement f0:245..278
        tok keyword(return) f0:245..251
        tok identifier(a) f0:252..253
        tok symbol(==) f0:254..256
        tok intLiteral(7) f0:257..258
        tok symbol(&&) f0:259..261
        tok identifier(b) f0:262..263
        tok symbol(&&) f0:264..266
        tok identifier(c) f0:267..268
        tok symbol(&&) f0:269..271
        tok identifier(d) f0:272..273
        tok symbol(==) f0:274..276
        tok intLiteral(1) f0:277..278
      tok symbol(}) f0:279..280
